Component: ARM Compiler 5.06 update 7 (build 960) Tool: armlink [4d3601]

==============================================================================

Section Cross References

    startup_stm32f407xx.o(RESET) refers to startup_stm32f407xx.o(STACK) for __initial_sp
    startup_stm32f407xx.o(RESET) refers to startup_stm32f407xx.o(.text) for Reset_Handler
    startup_stm32f407xx.o(RESET) refers to stm32f4xx_it.o(i.NMI_Handler) for NMI_Handler
    startup_stm32f407xx.o(RESET) refers to stm32f4xx_it.o(i.HardFault_Handler) for HardFault_Handler
    startup_stm32f407xx.o(RESET) refers to stm32f4xx_it.o(i.MemManage_Handler) for MemManage_Handler
    startup_stm32f407xx.o(RESET) refers to stm32f4xx_it.o(i.BusFault_Handler) for BusFault_Handler
    startup_stm32f407xx.o(RESET) refers to stm32f4xx_it.o(i.UsageFault_Handler) for UsageFault_Handler
    startup_stm32f407xx.o(RESET) refers to port.o(.emb_text) for SVC_Handler
    startup_stm32f407xx.o(RESET) refers to stm32f4xx_it.o(i.DebugMon_Handler) for DebugMon_Handler
    startup_stm32f407xx.o(RESET) refers to cmsis_os2.o(i.SysTick_Handler) for SysTick_Handler
    startup_stm32f407xx.o(RESET) refers to stm32f4xx_it.o(i.RTC_WKUP_IRQHandler) for RTC_WKUP_IRQHandler
    startup_stm32f407xx.o(RESET) refers to stm32f4xx_it.o(i.EXTI3_IRQHandler) for EXTI3_IRQHandler
    startup_stm32f407xx.o(RESET) refers to stm32f4xx_it.o(i.ADC_IRQHandler) for ADC_IRQHandler
    startup_stm32f407xx.o(RESET) refers to stm32f4xx_it.o(i.TIM1_UP_TIM10_IRQHandler) for TIM1_UP_TIM10_IRQHandler
    startup_stm32f407xx.o(RESET) refers to stm32f4xx_it.o(i.SPI2_IRQHandler) for SPI2_IRQHandler
    startup_stm32f407xx.o(RESET) refers to main.o(i.USART1_IRQHandler) for USART1_IRQHandler
    startup_stm32f407xx.o(RESET) refers to main.o(i.USART2_IRQHandler) for USART2_IRQHandler
    startup_stm32f407xx.o(RESET) refers to stm32f4xx_it.o(i.EXTI15_10_IRQHandler) for EXTI15_10_IRQHandler
    startup_stm32f407xx.o(RESET) refers to stm32f4xx_it.o(i.ETH_IRQHandler) for ETH_IRQHandler
    startup_stm32f407xx.o(.text) refers to system_stm32f4xx.o(i.SystemInit) for SystemInit
    startup_stm32f407xx.o(.text) refers to entry.o(.ARM.Collect$$$$00000000) for __main
    entry.o(i.main) refers to sensoradapter_sdk.o(i.sdk_sysInit) for sdk_sysInit
    entry.o(i.main) refers to sensoradapter_sdk.o(i.sdk_startIWDG) for sdk_startIWDG
    entry.o(i.main) refers to sensoradapter_sdk.o(i.sdk_rs485Init) for sdk_rs485Init
    entry.o(i.main) refers to sensoradapter_sdk.o(i.sdk_startMain) for sdk_startMain
    entry.o(i.main) refers to entry.o(i.userDef_main) for userDef_main
    entry.o(i.sdk_MBCallBack) refers to stm32f4xx_hal_gpio.o(i.HAL_GPIO_TogglePin) for HAL_GPIO_TogglePin
    entry.o(i.userDef_main) refers to sensoradapter_sdk.o(i.sdk_addLog) for sdk_addLog
    entry.o(i.userDef_main) refers to sensoradapter_sdk.o(i.sdk_addDataToReg) for sdk_addDataToReg
    entry.o(i.userDef_main) refers to sensoradapter_sdk.o(i.sdk_delayMs) for sdk_delayMs
    main.o(i.HAL_TIM_PeriodElapsedCallback) refers to stm32f4xx_hal.o(i.HAL_IncTick) for HAL_IncTick
    main.o(i.SystemClock_Config) refers to memseta.o(.text) for __aeabi_memclr4
    main.o(i.SystemClock_Config) refers to stm32f4xx_hal_rcc.o(i.HAL_RCC_OscConfig) for HAL_RCC_OscConfig
    main.o(i.SystemClock_Config) refers to main.o(i.Error_Handler) for Error_Handler
    main.o(i.SystemClock_Config) refers to stm32f4xx_hal_rcc.o(i.HAL_RCC_ClockConfig) for HAL_RCC_ClockConfig
    main.o(i.USART1_IRQHandler) refers to stm32f4xx_hal_uart.o(i.HAL_UART_IRQHandler) for HAL_UART_IRQHandler
    main.o(i.USART1_IRQHandler) refers to usart.o(.bss) for huart1
    main.o(i.USART2_IRQHandler) refers to stm32f4xx_hal_uart.o(i.HAL_UART_IRQHandler) for HAL_UART_IRQHandler
    main.o(i.USART2_IRQHandler) refers to usart.o(.bss) for huart2
    main.o(i.delayUs) refers to stm32f4xx_hal_tim.o(i.HAL_TIM_Base_Start) for HAL_TIM_Base_Start
    main.o(i.delayUs) refers to stm32f4xx_hal_tim.o(i.HAL_TIM_Base_Stop) for HAL_TIM_Base_Stop
    main.o(i.delayUs) refers to tim.o(.bss) for htim2
    main.o(i.delayUs2) refers to stm32f4xx_hal_tim.o(i.HAL_TIM_Base_Start) for HAL_TIM_Base_Start
    main.o(i.delayUs2) refers to stm32f4xx_hal_tim.o(i.HAL_TIM_Base_Stop) for HAL_TIM_Base_Stop
    main.o(i.delayUs2) refers to tim.o(.bss) for htim3
    gpio.o(i.HAL_GPIO_EXTI_Callback) refers to tasks.o(i.xTaskResumeFromISR) for xTaskResumeFromISR
    gpio.o(i.HAL_GPIO_EXTI_Callback) refers to md0130.o(i.atk_md0130_display_off) for atk_md0130_display_off
    gpio.o(i.HAL_GPIO_EXTI_Callback) refers to md0130.o(i.atk_md0130_display_on) for atk_md0130_display_on
    gpio.o(i.HAL_GPIO_EXTI_Callback) refers to md0130.o(.data) for lcdDisplayStat
    gpio.o(i.HAL_GPIO_EXTI_Callback) refers to freertos.o(.data) for LCD_taskHandle
    gpio.o(i.HAL_GPIO_EXTI_Callback) refers to gpio.o(.data) for Toflag
    gpio.o(i.MX_GPIO_Init) refers to memseta.o(.text) for __aeabi_memclr4
[...]
    0x08003990   0x08003990   0x0000000c   Code   RO         2739    i.HAL_RCC_GetHCLKFreq  stm32f4xx_hal_rcc.o
    0x0800399c   0x0800399c   0x00000020   Code   RO         2741    i.HAL_RCC_GetPCLK1Freq  stm32f4xx_hal_rcc.o
    0x080039bc   0x080039bc   0x00000020   Code   RO         2742    i.HAL_RCC_GetPCLK2Freq  stm32f4xx_hal_rcc.o
    0x080039dc   0x080039dc   0x000000b0   Code   RO         2743    i.HAL_RCC_GetSysClockFreq  stm32f4xx_hal_rcc.o
    0x08003a8c   0x08003a8c   0x0000049c   Code   RO         2746    i.HAL_RCC_OscConfig  stm32f4xx_hal_rcc.o
    0x08003f28   0x08003f28   0x00000012   Code   RO         6156    i.HAL_RTCEx_BKUPRead  stm32f4xx_hal_rtc_ex.o
    0x08003f3a   0x08003f3a   0x00000012   Code   RO         6157    i.HAL_RTCEx_BKUPWrite  stm32f4xx_hal_rtc_ex.o
    0x08003f4c   0x08003f4c   0x00000148   Code   RO         6183    i.HAL_RTCEx_SetWakeUpTimer_IT  stm32f4xx_hal_rtc_ex.o
    0x08004094   0x08004094   0x00000002   Code   RO         6188    i.HAL_RTCEx_WakeUpTimerEventCallback  stm32f4xx_hal_rtc_ex.o
    0x08004096   0x08004096   0x00000002   PAD
    0x08004098   0x08004098   0x00000038   Code   RO         6189    i.HAL_RTCEx_WakeUpTimerIRQHandler  stm32f4xx_hal_rtc_ex.o
    0x080040d0   0x080040d0   0x0000004c   Code   RO         5991    i.HAL_RTC_GetDate   stm32f4xx_hal_rtc.o
    0x0800411c   0x0800411c   0x0000005c   Code   RO         5993    i.HAL_RTC_GetTime   stm32f4xx_hal_rtc.o
    0x08004178   0x08004178   0x000000b4   Code   RO         5994    i.HAL_RTC_Init      stm32f4xx_hal_rtc.o
    0x0800422c   0x0800422c   0x0000004c   Code   RO         1806    i.HAL_RTC_MspInit   rtc.o
    0x08004278   0x08004278   0x000000c0   Code   RO         6000    i.HAL_RTC_SetDate   stm32f4xx_hal_rtc.o
    0x08004338   0x08004338   0x000000ec   Code   RO         6001    i.HAL_RTC_SetTime   stm32f4xx_hal_rtc.o
    0x08004424   0x08004424   0x00000038   Code   RO         6002    i.HAL_RTC_WaitForSynchro  stm32f4xx_hal_rtc.o
    0x0800445c   0x0800445c   0x000000c8   Code   RO          975    i.HAL_SD_ConfigWideBusOperation  stm32f4xx_hal_sd.o
    0x08004524   0x08004524   0x00000002   Code   RO          978    i.HAL_SD_ErrorCallback  stm32f4xx_hal_sd.o
    0x08004526   0x08004526   0x00000002   PAD
    0x08004528   0x08004528   0x000001c8   Code   RO          980    i.HAL_SD_GetCardCSD  stm32f4xx_hal_sd.o
    0x080046f0   0x080046f0   0x00000026   Code   RO          981    i.HAL_SD_GetCardInfo  stm32f4xx_hal_sd.o
    0x08004716   0x08004716   0x00000024   Code   RO          982    i.HAL_SD_GetCardState  stm32f4xx_hal_sd.o
    0x0800473a   0x0800473a   0x0000003c   Code   RO          987    i.HAL_SD_Init       stm32f4xx_hal_sd.o
    0x08004776   0x08004776   0x00000002   PAD
    0x08004778   0x08004778   0x000000b0   Code   RO          988    i.HAL_SD_InitCard   stm32f4xx_hal_sd.o
    0x08004828   0x08004828   0x000000c8   Code   RO         1896    i.HAL_SD_MspInit    sdio.o
    0x080048f0   0x080048f0   0x00000150   Code   RO          992    i.HAL_SD_ReadBlocks_DMA  stm32f4xx_hal_sd.o
    0x08004a40   0x08004a40   0x0000000a   Code   RO        14708    i.HAL_SD_RxCpltCallback  bsp_driver_sd.o
    0x08004a4a   0x08004a4a   0x00000002   PAD
    0x08004a4c   0x08004a4c   0x00000154   Code   RO          997    i.HAL_SD_WriteBlocks_DMA  stm32f4xx_hal_sd.o
    0x08004ba0   0x08004ba0   0x00000002   Code   RO         5666    i.HAL_SPI_ErrorCallback  stm32f4xx_hal_spi.o
    0x08004ba2   0x08004ba2   0x00000002   PAD
    0x08004ba4   0x08004ba4   0x0000015c   Code   RO         5669    i.HAL_SPI_IRQHandler  stm32f4xx_hal_spi.o
    0x08004d00   0x08004d00   0x000000c8   Code   RO         5670    i.HAL_SPI_Init      stm32f4xx_hal_spi.o
    0x08004dc8   0x08004dc8   0x000000d8   Code   RO         1710    i.HAL_SPI_MspInit   spi.o
    0x08004ea0   0x08004ea0   0x000001bc   Code   RO         5678    i.HAL_SPI_Transmit  stm32f4xx_hal_spi.o
    0x0800505c   0x0800505c   0x00000002   Code   RO         4989    i.HAL_TIMEx_BreakCallback  stm32f4xx_hal_tim_ex.o
    0x0800505e   0x0800505e   0x00000002   Code   RO         4990    i.HAL_TIMEx_CommutCallback  stm32f4xx_hal_tim_ex.o
    0x08005060   0x08005060   0x000000b4   Code   RO         5008    i.HAL_TIMEx_MasterConfigSynchronization  stm32f4xx_hal_tim_ex.o
    0x08005114   0x08005114   0x00000066   Code   RO         4274    i.HAL_TIM_Base_Init  stm32f4xx_hal_tim.o
    0x0800517a   0x0800517a   0x00000002   PAD
    0x0800517c   0x0800517c   0x0000005c   Code   RO         1758    i.HAL_TIM_Base_MspInit  tim.o
    0x080051d8   0x080051d8   0x0000009c   Code   RO         4277    i.HAL_TIM_Base_Start  stm32f4xx_hal_tim.o
    0x08005274   0x08005274   0x000000a8   Code   RO         4279    i.HAL_TIM_Base_Start_IT  stm32f4xx_hal_tim.o
    0x0800531c   0x0800531c   0x00000032   Code   RO         4280    i.HAL_TIM_Base_Stop  stm32f4xx_hal_tim.o
    0x0800534e   0x0800534e   0x0000010c   Code   RO         4283    i.HAL_TIM_ConfigClockSource  stm32f4xx_hal_tim.o
    0x0800545a   0x0800545a   0x00000002   Code   RO         4308    i.HAL_TIM_IC_CaptureCallback  stm32f4xx_hal_tim.o
    0x0800545c   0x0800545c   0x0000016c   Code   RO         4322    i.HAL_TIM_IRQHandler  stm32f4xx_hal_tim.o
    0x080055c8   0x080055c8   0x00000002   Code   RO         4325    i.HAL_TIM_OC_DelayElapsedCallback  stm32f4xx_hal_tim.o
    0x080055ca   0x080055ca   0x00000002   Code   RO         4352    i.HAL_TIM_PWM_PulseFinishedCallback  stm32f4xx_hal_tim.o
    0x080055cc   0x080055cc   0x00000018   Code   RO          440    i.HAL_TIM_PeriodElapsedCallback  main.o
    0x080055e4   0x080055e4   0x00000002   Code   RO         4365    i.HAL_TIM_TriggerCallback  stm32f4xx_hal_tim.o
    0x080055e6   0x080055e6   0x00000002   Code   RO         5268    i.HAL_UARTEx_RxEventCallback  stm32f4xx_hal_uart.o
    0x080055e8   0x080055e8   0x00000002   Code   RO         5282    i.HAL_UART_ErrorCallback  stm32f4xx_hal_uart.o
    0x080055ea   0x080055ea   0x00000014   Code   RO         5284    i.HAL_UART_GetState  stm32f4xx_hal_uart.o
    0x080055fe   0x080055fe   0x00000002   PAD
    0x08005600   0x08005600   0x000002e8   Code   RO         5285    i.HAL_UART_IRQHandler  stm32f4xx_hal_uart.o
    0x080058e8   0x080058e8   0x00000076   Code   RO         5286    i.HAL_UART_Init     stm32f4xx_hal_uart.o
    0x0800595e   0x0800595e   0x00000002   PAD
    0x08005960   0x08005960   0x00000138   Code   RO          720    i.HAL_UART_MspInit  usart.o
    0x08005a98   0x08005a98   0x00000002   Code   RO         5292    i.HAL_UART_RxCpltCallback  stm32f4xx_hal_uart.o
    0x08005a9a   0x08005a9a   0x000000be   Code   RO         5294    i.HAL_UART_Transmit  stm32f4xx_hal_uart.o
    0x08005b58   0x08005b58   0x00000002   Code   RO         5297    i.HAL_UART_TxCpltCallback  stm32f4xx_hal_uart.o
    0x08005b5a   0x08005b5a   0x0000000c   Code   RO          441    i.Handle            main.o
    0x08005b66   0x08005b66   0x00000002   PAD
    0x08005b68   0x08005b68   0x00000020   Code   RO          807    i.HardFault_Handler  stm32f4xx_it.o
    0x08005b88   0x08005b88   0x0000002c   Code   RO         2395    i.I2C_EE_BufferRead  at24c02.o
    0x08005bb4   0x08005bb4   0x0000010e   Code   RO         2396    i.I2C_EE_BufferWrite  at24c02.o
    0x08005cc2   0x08005cc2   0x00000008   Code   RO         2398    i.I2C_EE_Init       at24c02.o
    0x08005cca   0x08005cca   0x00000002   PAD
    0x08005ccc   0x08005ccc   0x00000054   Code   RO         2399    i.I2C_EE_PageWrite  at24c02.o
    0x08005d20   0x08005d20   0x0000003e   Code   RO         6438    i.I2C_IsAcknowledgeFailed  stm32f4xx_hal_i2c.o
    0x08005d5e   0x08005d5e   0x00000002   PAD
    0x08005d60   0x08005d60   0x0000003c   Code   RO         2400    i.I2C_Mode_Config   at24c02.o
    0x08005d9c   0x08005d9c   0x00000160   Code   RO         6449    i.I2C_RequestMemoryRead  stm32f4xx_hal_i2c.o
    0x08005efc   0x08005efc   0x000000e0   Code   RO         6450    i.I2C_RequestMemoryWrite  stm32f4xx_hal_i2c.o
    0x08005fdc   0x08005fdc   0x00000066   Code   RO         6458    i.I2C_WaitOnBTFFlagUntilTimeout  stm32f4xx_hal_i2c.o
    0x08006042   0x08006042   0x000000be   Code   RO         6459    i.I2C_WaitOnFlagUntilTimeout  stm32f4xx_hal_i2c.o
    0x08006100   0x08006100   0x000000fa   Code   RO         6460    i.I2C_WaitOnMasterAddressFlagUntilTimeout  stm32f4xx_hal_i2c.o
    0x080061fa   0x080061fa   0x0000008a   Code   RO         6461    i.I2C_WaitOnRXNEFlagUntilTimeout  stm32f4xx_hal_i2c.o
    0x08006284   0x08006284   0x00000066   Code   RO         6464    i.I2C_WaitOnTXEFlagUntilTimeout  stm32f4xx_hal_i2c.o
    0x080062ea   0x080062ea   0x00000002   PAD
    0x080062ec   0x080062ec   0x00000048   Code   RO         1631    i.IIC2_Ack          simulate2.o
    0x08006334   0x08006334   0x00000030   Code   RO         1632    i.IIC2_Init         simulate2.o
    0x08006364   0x08006364   0x00000044   Code   RO         1633    i.IIC2_NAck         simulate2.o
    0x080063a8   0x080063a8   0x00000060   Code   RO         1634    i.IIC2_Read_Byte    simulate2.o
    0x08006408   0x08006408   0x00000058   Code   RO         1635    i.IIC2_Send_Byte    simulate2.o
    0x08006460   0x08006460   0x00000044   Code   RO         1636    i.IIC2_Start        simulate2.o
    0x080064a4   0x080064a4   0x0000004c   Code   RO         1637    i.IIC2_Stop         simulate2.o
    0x080064f0   0x080064f0   0x00000048   Code   RO         1638    i.IIC2_Wait_Ack     simulate2.o
    0x08006538   0x08006538   0x00000048   Code   RO         1550    i.IIC_Ack           simulate.o
    0x08006580   0x08006580   0x00000030   Code   RO         1551    i.IIC_Init          simulate.o
    0x080065b0   0x080065b0   0x00000044   Code   RO         1552    i.IIC_NAck          simulate.o
    0x080065f4   0x080065f4   0x00000064   Code   RO         1553    i.IIC_Read_Byte     simulate.o
    0x08006658   0x08006658   0x00000058   Code   RO         1554    i.IIC_Send_Byte     simulate.o
    0x080066b0   0x080066b0   0x00000048   Code   RO         1555    i.IIC_Start         simulate.o
    0x080066f8   0x080066f8   0x00000048   Code   RO         1556    i.IIC_Stop          simulate.o
    0x08006740   0x08006740   0x00000060   Code   RO         1557    i.IIC_Wait_Ack      simulate.o
    0x080067a0   0x080067a0   0x00000058   Code   RO          549    i.IWDG_main         freertos.o
    0x080067f8   0x080067f8   0x00000458   Code   RO          550    i.LCD_main          freertos.o
    0x08006c50   0x08006c50   0x0000007a   Code   RO         2459    i.MPU6050_Init      mpu6050.o
    0x08006cca   0x08006cca   0x00000002   PAD
    0x08006ccc   0x08006ccc   0x00000094   Code   RO          551    i.MPU6050_main      freertos.o
    0x08006d60   0x08006d60   0x00000050   Code   RO         2461    i.MPU_Get_Gyroscope  mpu6050.o
    0x08006db0   0x08006db0   0x0000003a   Code   RO         2463    i.MPU_Read_Byte     mpu6050.o
    0x08006dea   0x08006dea   0x00000074   Code   RO         2464    i.MPU_Read_Len      mpu6050.o
    0x08006e5e   0x08006e5e   0x00000010   Code   RO         2465    i.MPU_Set_Accel_Fsr  mpu6050.o
    0x08006e6e   0x08006e6e   0x00000010   Code   RO         2466    i.MPU_Set_Gyro_Fsr  mpu6050.o
    0x08006e7e   0x08006e7e   0x00000042   Code   RO         2467    i.MPU_Set_LPF       mpu6050.o
    0x08006ec0   0x08006ec0   0x0000003a   Code   RO         2468    i.MPU_Set_Rate      mpu6050.o
    0x08006efa   0x08006efa   0x00000044   Code   RO         2469    i.MPU_Write_Byte    mpu6050.o
    0x08006f3e   0x08006f3e   0x00000002   PAD
    0x08006f40   0x08006f40   0x00000074   Code   RO         1855    i.MX_ADC1_Init      adc.o
    0x08006fb4   0x08006fb4   0x0000015c   Code   RO          552    i.MX_FREERTOS_Init  freertos.o
    0x08007110   0x08007110   0x000001a8   Code   RO          506    i.MX_GPIO_Init      gpio.o
    0x080072b8   0x080072b8   0x00000028   Code   RO         1520    i.MX_IWDG_Init      iwdg.o
    0x080072e0   0x080072e0   0x00000260   Code   RO         2241    i.MX_LWIP_Init      lwip.o
    0x08007540   0x08007540   0x000000d4   Code   RO         1807    i.MX_RTC_Init       rtc.o
    0x08007614   0x08007614   0x00000024   Code   RO         1897    i.MX_SDIO_SD_Init   sdio.o
    0x08007638   0x08007638   0x00000044   Code   RO         1711    i.MX_SPI2_Init      spi.o
    0x0800767c   0x0800767c   0x0000006c   Code   RO         1759    i.MX_TIM2_Init      tim.o
    0x080076e8   0x080076e8   0x0000006c   Code   RO         1760    i.MX_TIM3_Init      tim.o
    0x08007754   0x08007754   0x0000003c   Code   RO          722    i.MX_USART2_UART_Init  usart.o
    0x08007790   0x08007790   0x00000004   Code   RO          808    i.MemManage_Handler  stm32f4xx_it.o
    0x08007794   0x08007794   0x0000008c   Code   RO          553    i.ModbusTCP_main    freertos.o
    0x08007820   0x08007820   0x00000004   Code   RO          809    i.NMI_Handler       stm32f4xx_it.o
    0x08007824   0x08007824   0x00000548   Code   RO          554    i.PeriodicLogCallback  freertos.o
    0x08007d6c   0x08007d6c   0x00000016   Code   RO         6003    i.RTC_Bcd2ToByte    stm32f4xx_hal_rtc.o
    0x08007d82   0x08007d82   0x0000001a   Code   RO         6004    i.RTC_ByteToBcd2    stm32f4xx_hal_rtc.o
    0x08007d9c   0x08007d9c   0x00000094   Code   RO         1808    i.RTC_CLK_Config    rtc.o
    0x08007e30   0x08007e30   0x0000004a   Code   RO         6005    i.RTC_EnterInitMode  stm32f4xx_hal_rtc.o
    0x08007e7a   0x08007e7a   0x0000002e   Code   RO         6006    i.RTC_ExitInitMode  stm32f4xx_hal_rtc.o
    0x08007ea8   0x08007ea8   0x00000010   Code   RO          810    i.RTC_WKUP_IRQHandler  stm32f4xx_it.o
    0x08007eb8   0x08007eb8   0x00000144   Code   RO         2703    i.Read_IIC_Data     sht30.o
    0x08007ffc   0x08007ffc   0x0000002c   Code   RO         1639    i.SDA2_IN           simulate2.o
    0x08008028   0x08008028   0x0000002c   Code   RO         1640    i.SDA2_OUT          simulate2.o
    0x08008054   0x08008054   0x0000002c   Code   RO         1558    i.SDA_IN            simulate.o
    0x08008080   0x08008080   0x0000002c   Code   RO         1559    i.SDA_OUT           simulate.o
    0x080080ac   0x080080ac   0x0000002c   Code   RO         1227    i.SDIO_ConfigData   stm32f4xx_ll_sdmmc.o
    0x080080d8   0x080080d8   0x00000008   Code   RO         1228    i.SDIO_GetCommandResponse  stm32f4xx_ll_sdmmc.o
    0x080080e0   0x080080e0   0x0000000a   Code   RO         1231    i.SDIO_GetPowerState  stm32f4xx_ll_sdmmc.o
    0x080080ea   0x080080ea   0x0000000c   Code   RO         1232    i.SDIO_GetResponse  stm32f4xx_ll_sdmmc.o
    0x080080f6   0x080080f6   0x00000034   Code   RO         1233    i.SDIO_Init         stm32f4xx_ll_sdmmc.o
    0x0800812a   0x0800812a   0x0000000a   Code   RO         1235    i.SDIO_PowerState_ON  stm32f4xx_ll_sdmmc.o
    0x08008134   0x08008134   0x00000008   Code   RO         1236    i.SDIO_ReadFIFO     stm32f4xx_ll_sdmmc.o
    0x0800813c   0x0800813c   0x00000028   Code   RO         1237    i.SDIO_SendCommand  stm32f4xx_ll_sdmmc.o
    0x08008164   0x08008164   0x00000038   Code   RO         1240    i.SDMMC_CmdAppCommand  stm32f4xx_ll_sdmmc.o
    0x0800819c   0x0800819c   0x0000003c   Code   RO         1241    i.SDMMC_CmdAppOperCommand  stm32f4xx_ll_sdmmc.o
    0x080081d8   0x080081d8   0x00000038   Code   RO         1242    i.SDMMC_CmdBlockLength  stm32f4xx_ll_sdmmc.o
    0x08008210   0x08008210   0x00000038   Code   RO         1243    i.SDMMC_CmdBusWidth  stm32f4xx_ll_sdmmc.o
    0x08008248   0x08008248   0x0000002c   Code   RO         1247    i.SDMMC_CmdGoIdleState  stm32f4xx_ll_sdmmc.o
    0x08008274   0x08008274   0x00000034   Code   RO         1249    i.SDMMC_CmdOperCond  stm32f4xx_ll_sdmmc.o
    0x080082a8   0x080082a8   0x00000038   Code   RO         1250    i.SDMMC_CmdReadMultiBlock  stm32f4xx_ll_sdmmc.o
    0x080082e0   0x080082e0   0x00000038   Code   RO         1251    i.SDMMC_CmdReadSingleBlock  stm32f4xx_ll_sdmmc.o
    0x08008318   0x08008318   0x0000003a   Code   RO         1254    i.SDMMC_CmdSelDesel  stm32f4xx_ll_sdmmc.o
    0x08008352   0x08008352   0x00000032   Code   RO         1255    i.SDMMC_CmdSendCID  stm32f4xx_ll_sdmmc.o
    0x08008384   0x08008384   0x00000032   Code   RO         1256    i.SDMMC_CmdSendCSD  stm32f4xx_ll_sdmmc.o
    0x080083b6   0x080083b6   0x00000038   Code   RO         1258    i.SDMMC_CmdSendSCR  stm32f4xx_ll_sdmmc.o
    0x080083ee   0x080083ee   0x00000038   Code   RO         1259    i.SDMMC_CmdSendStatus  stm32f4xx_ll_sdmmc.o
    0x08008426   0x08008426   0x00000038   Code   RO         1260    i.SDMMC_CmdSetRelAdd  stm32f4xx_ll_sdmmc.o
    0x0800845e   0x0800845e   0x00000002   PAD
    0x08008460   0x08008460   0x0000003c   Code   RO         1263    i.SDMMC_CmdStopTransfer  stm32f4xx_ll_sdmmc.o
    0x0800849c   0x0800849c   0x00000038   Code   RO         1265    i.SDMMC_CmdWriteMultiBlock  stm32f4xx_ll_sdmmc.o
    0x080084d4   0x080084d4   0x00000038   Code   RO         1266    i.SDMMC_CmdWriteSingleBlock  stm32f4xx_ll_sdmmc.o
    0x0800850c   0x0800850c   0x00000040   Code   RO         1267    i.SDMMC_GetCmdError  stm32f4xx_ll_sdmmc.o
    0x0800854c   0x0800854c   0x000001ac   Code   RO         1268    i.SDMMC_GetCmdResp1  stm32f4xx_ll_sdmmc.o
    0x080086f8   0x080086f8   0x00000064   Code   RO         1269    i.SDMMC_GetCmdResp2  stm32f4xx_ll_sdmmc.o
    0x0800875c   0x0800875c   0x00000058   Code   RO         1270    i.SDMMC_GetCmdResp3  stm32f4xx_ll_sdmmc.o
    0x080087b4   0x080087b4   0x000000b8   Code   RO         1271    i.SDMMC_GetCmdResp6  stm32f4xx_ll_sdmmc.o
    0x0800886c   0x0800886c   0x0000006c   Code   RO         1272    i.SDMMC_GetCmdResp7  stm32f4xx_ll_sdmmc.o
    0x080088d8   0x080088d8   0x00000028   Code   RO        14840    i.SD_CheckStatus    sd_diskio.o
    0x08008900   0x08008900   0x00000026   Code   RO        14841    i.SD_CheckStatusWithTimeout  sd_diskio.o
    0x08008926   0x08008926   0x00000002   PAD
    0x08008928   0x08008928   0x00000074   Code   RO          999    i.SD_DMAError       stm32f4xx_hal_sd.o
    0x0800899c   0x0800899c   0x00000048   Code   RO         1000    i.SD_DMAReceiveCplt  stm32f4xx_hal_sd.o
    0x080089e4   0x080089e4   0x00000012   Code   RO         1002    i.SD_DMATransmitCplt  stm32f4xx_hal_sd.o
    0x080089f6   0x080089f6   0x0000014c   Code   RO         1004    i.SD_FindSCR        stm32f4xx_hal_sd.o
    0x08008b42   0x08008b42   0x00000102   Code   RO         1005    i.SD_InitCard       stm32f4xx_hal_sd.o
    0x08008c44   0x08008c44   0x000000cc   Code   RO         1007    i.SD_PowerON        stm32f4xx_hal_sd.o
    0x08008d10   0x08008d10   0x00000030   Code   RO         1010    i.SD_SendStatus     stm32f4xx_hal_sd.o
    0x08008d40   0x08008d40   0x00000068   Code   RO         1011    i.SD_WideBus_Disable  stm32f4xx_hal_sd.o
    0x08008da8   0x08008da8   0x00000068   Code   RO         1012    i.SD_WideBus_Enable  stm32f4xx_hal_sd.o
    0x08008e10   0x08008e10   0x00000060   Code   RO        14842    i.SD_initialize     sd_diskio.o
    0x08008e70   0x08008e70   0x0000006c   Code   RO        14843    i.SD_ioctl          sd_diskio.o
    0x08008edc   0x08008edc   0x00000078   Code   RO        14844    i.SD_read           sd_diskio.o
    0x08008f54   0x08008f54   0x0000000c   Code   RO        14845    i.SD_status         sd_diskio.o
    0x08008f60   0x08008f60   0x00000078   Code   RO        14846    i.SD_write          sd_diskio.o
    0x08008fd8   0x08008fd8   0x000000e4   Code   RO          555    i.SHT30_main        freertos.o
    0x080090bc   0x080090bc   0x00000010   Code   RO          811    i.SPI2_IRQHandler   stm32f4xx_it.o
    0x080090cc   0x080090cc   0x00000014   Code   RO         5697    i.SPI_DMAAbortOnError  stm32f4xx_hal_spi.o
    0x080090e0   0x080090e0   0x00000088   Code   RO         5708    i.SPI_EndRxTxTransaction  stm32f4xx_hal_spi.o
    0x08009168   0x08009168   0x000000d8   Code   RO         5713    i.SPI_WaitFlagStateUntilTimeout  stm32f4xx_hal_spi.o
    0x08009240   0x08009240   0x00000034   Code   RO         2704    i.Sht30_Init        sht30.o
    0x08009274   0x08009274   0x00000016   Code   RO         8331    i.SysTick_Handler   cmsis_os2.o
    0x0800928a   0x0800928a   0x00000002   PAD
    0x0800928c   0x0800928c   0x000000bc   Code   RO          442    i.SystemClock_Config  main.o
    0x08009348   0x08009348   0x00000014   Code   RO         7154    i.SystemInit        system_stm32f4xx.o
    0x0800935c   0x0800935c   0x00000010   Code   RO          812    i.TIM1_UP_TIM10_IRQHandler  stm32f4xx_it.o
    0x0800936c   0x0800936c   0x000000e8   Code   RO         4367    i.TIM_Base_SetConfig  stm32f4xx_hal_tim.o
    0x08009454   0x08009454   0x00000016   Code   RO         4378    i.TIM_ETR_SetConfig  stm32f4xx_hal_tim.o
    0x0800946a   0x0800946a   0x00000012   Code   RO         4379    i.TIM_ITRx_SetConfig  stm32f4xx_hal_tim.o
    0x0800947c   0x0800947c   0x00000026   Code   RO         4385    i.TIM_TI1_ConfigInputStage  stm32f4xx_hal_tim.o
    0x080094a2   0x080094a2   0x00000028   Code   RO         4387    i.TIM_TI2_ConfigInputStage  stm32f4xx_hal_tim.o
    0x080094ca   0x080094ca   0x00000016   Code   RO         8332    i.TimerCallback     cmsis_os2.o
    0x080094e0   0x080094e0   0x00000014   Code   RO         5299    i.UART_DMAAbortOnError  stm32f4xx_hal_uart.o
    0x080094f4   0x080094f4   0x0000006c   Code   RO         5309    i.UART_EndRxTransfer  stm32f4xx_hal_uart.o
    0x08009560   0x08009560   0x00000020   Code   RO         5310    i.UART_EndTransmit_IT  stm32f4xx_hal_uart.o
    0x08009580   0x08009580   0x000000fc   Code   RO         5312    i.UART_Receive_IT   stm32f4xx_hal_uart.o
    0x0800967c   0x0800967c   0x0000022c   Code   RO         5313    i.UART_SetConfig    stm32f4xx_hal_uart.o
    0x080098a8   0x080098a8   0x00000060   Code   RO         5316    i.UART_Transmit_IT  stm32f4xx_hal_uart.o
    0x08009908   0x08009908   0x0000008c   Code   RO         5317    i.UART_WaitOnFlagUntilTimeout  stm32f4xx_hal_uart.o
    0x08009994   0x08009994   0x00000010   Code   RO          443    i.USART1_IRQHandler  main.o
    0x080099a4   0x080099a4   0x00000010   Code   RO          444    i.USART2_IRQHandler  main.o
    0x080099b4   0x080099b4   0x00000004   Code   RO          813    i.UsageFault_Handler  stm32f4xx_it.o
    0x080099b8   0x080099b8   0x00000020   Code   RO        15244    i.__0printf         mc_w.l(printfa.o)
    0x080099d8   0x080099d8   0x00000028   Code   RO        15246    i.__0sprintf        mc_w.l(printfa.o)
    0x08009a00   0x08009a00   0x00000024   Code   RO        15250    i.__0vsprintf       mc_w.l(printfa.o)
    0x08009a24   0x08009a24   0x00000010   Code   RO         3536    i.__NVIC_GetPriorityGrouping  stm32f4xx_hal_cortex.o
    0x08009a34   0x08009a34   0x00000028   Code   RO         3537    i.__NVIC_SetPriority  stm32f4xx_hal_cortex.o
    0x08009a5c   0x08009a5c   0x00000002   Code   RO        14014    i.__aeabi_assert    mbport.o
    0x08009a5e   0x08009a5e   0x00000006   Code   RO         8333    i.__get_IPSR        cmsis_os2.o
    0x08009a64   0x08009a64   0x0000000e   Code   RO        15343    i.__scatterload_copy  mc_w.l(handlers.o)
    0x08009a72   0x08009a72   0x00000002   Code   RO        15344    i.__scatterload_null  mc_w.l(handlers.o)
    0x08009a74   0x08009a74   0x0000000e   Code   RO        15345    i.__scatterload_zeroinit  mc_w.l(handlers.o)
    0x08009a82   0x08009a82   0x00000002   PAD
    0x08009a84   0x08009a84   0x00000184   Code   RO        15251    i._fp_digits        mc_w.l(printfa.o)
    0x08009c08   0x08009c08   0x000006b4   Code   RO        15252    i._printf_core      mc_w.l(printfa.o)
    0x0800a2bc   0x0800a2bc   0x00000024   Code   RO        15253    i._printf_post_padding  mc_w.l(printfa.o)
    0x0800a2e0   0x0800a2e0   0x0000002e   Code   RO        15254    i._printf_pre_padding  mc_w.l(printfa.o)
    0x0800a30e   0x0800a30e   0x0000000a   Code   RO        15256    i._sputc            mc_w.l(printfa.o)
    0x0800a318   0x0800a318   0x00000070   Code   RO          556    i.addError          freertos.o
    0x0800a388   0x0800a388   0x00000014   Code   RO         2552    i.atk_md0130_clear  md0130.o
    0x0800a39c   0x0800a39c   0x00000018   Code   RO         2553    i.atk_md0130_display_off  md0130.o
    0x0800a3b4   0x0800a3b4   0x00000018   Code   RO         2554    i.atk_md0130_display_on  md0130.o
    0x0800a3cc   0x0800a3cc   0x0000001c   Code   RO         2557    i.atk_md0130_draw_point  md0130.o
    0x0800a3e8   0x0800a3e8   0x0000009c   Code   RO         2559    i.atk_md0130_fill   md0130.o
    0x0800a484   0x0800a484   0x00000034   Code   RO         2561    i.atk_md0130_hw_reset  md0130.o
    0x0800a4b8   0x0800a4b8   0x00000028   Code   RO         2562    i.atk_md0130_init   md0130.o
    0x0800a4e0   0x0800a4e0   0x00000016   Code   RO         2563    i.atk_md0130_pow    md0130.o
    0x0800a4f6   0x0800a4f6   0x00000172   Code   RO         2564    i.atk_md0130_reg_init  md0130.o
    0x0800a668   0x0800a668   0x00000052   Code   RO         2565    i.atk_md0130_set_address  md0130.o
    0x0800a6ba   0x0800a6ba   0x00000002   PAD
    0x0800a6bc   0x0800a6bc   0x00000104   Code   RO         2566    i.atk_md0130_show_char  md0130.o
    0x0800a7c0   0x0800a7c0   0x0000005c   Code   RO         2568    i.atk_md0130_show_pic  md0130.o
    0x0800a81c   0x0800a81c   0x0000008e   Code   RO         2569    i.atk_md0130_show_string  md0130.o
    0x0800a8aa   0x0800a8aa   0x000000ce   Code   RO         2570    i.atk_md0130_show_xnum  md0130.o
    0x0800a978   0x0800a978   0x0000001c   Code   RO         1712    i.atk_md0130_spi_send  spi.o
    0x0800a994   0x0800a994   0x00000020   Code   RO         2571    i.atk_md0130_write_cmd  md0130.o
    0x0800a9b4   0x0800a9b4   0x00000020   Code   RO         2572    i.atk_md0130_write_dat  md0130.o
    0x0800a9d4   0x0800a9d4   0x0000002c   Code   RO         2573    i.atk_md0130_write_dat_16b  md0130.o
    0x0800aa00   0x0800aa00   0x0000007c   Code   RO        14227    i.check_fs          ff.o
    0x0800aa7c   0x0800aa7c   0x00000014   Code   RO        14228    i.chk_chr           ff.o
    0x0800aa90   0x0800aa90   0x0000007c   Code   RO        14229    i.chk_lock          ff.o
    0x0800ab0c   0x0800ab0c   0x00000028   Code   RO        14230    i.clear_lock        ff.o
    0x0800ab34   0x0800ab34   0x00000032   Code   RO        14231    i.clmt_clust        ff.o
    0x0800ab66   0x0800ab66   0x0000001a   Code   RO        14232    i.clust2sect        ff.o
    0x0800ab80   0x0800ab80   0x000000de   Code   RO        14233    i.create_chain      ff.o
    0x0800ac5e   0x0800ac5e   0x00000002   PAD
    0x0800ac60   0x0800ac60   0x000000e0   Code   RO        14234    i.create_name       ff.o
    0x0800ad40   0x0800ad40   0x00000044   Code   RO        14235    i.dec_lock          ff.o
    0x0800ad84   0x0800ad84   0x00000038   Code   RO          445    i.delayUs           main.o
    0x0800adbc   0x0800adbc   0x00000038   Code   RO          446    i.delayUs2          main.o
    0x0800adf4   0x0800adf4   0x00000060   Code   RO        14236    i.dir_alloc         ff.o
    0x0800ae54   0x0800ae54   0x0000006c   Code   RO        14237    i.dir_find          ff.o
    0x0800aec0   0x0800aec0   0x0000010c   Code   RO        14238    i.dir_next          ff.o
    0x0800afcc   0x0800afcc   0x0000003c   Code   RO        14240    i.dir_register      ff.o
    0x0800b008   0x0800b008   0x0000009a   Code   RO        14242    i.dir_sdi           ff.o
    0x0800b0a2   0x0800b0a2   0x00000002   PAD
    0x0800b0a4   0x0800b0a4   0x00000030   Code   RO        14590    i.disk_initialize   diskio.o
    0x0800b0d4   0x0800b0d4   0x00000028   Code   RO        14591    i.disk_ioctl        diskio.o
    0x0800b0fc   0x0800b0fc   0x00000030   Code   RO        14592    i.disk_read         diskio.o
    0x0800b12c   0x0800b12c   0x0000001c   Code   RO        14593    i.disk_status       diskio.o
    0x0800b148   0x0800b148   0x00000030   Code   RO        14594    i.disk_write        diskio.o
    0x0800b178   0x0800b178   0x000000bc   Code   RO        11170    i.do_memp_free_pool  memp.o
    0x0800b234   0x0800b234   0x000000c8   Code   RO        11171    i.do_memp_malloc_pool  memp.o
    0x0800b2fc   0x0800b2fc   0x00000018   Code   RO        14015    i.eMBCallBack       mbport.o
    0x0800b314   0x0800b314   0x00000068   Code   RO        14016    i.eMBEepromInputCB  mbport.o
    0x0800b37c   0x0800b37c   0x00000058   Code   RO        13470    i.eMBEnable         mb.o
    0x0800b3d4   0x0800b3d4   0x0000004a   Code   RO        14116    i.eMBFuncCallBack   mbfuncconfigadapter.o
    0x0800b41e   0x0800b41e   0x0000004c   Code   RO        14117    i.eMBFuncConfigAdapter  mbfuncconfigadapter.o
    0x0800b46a   0x0800b46a   0x000000ae   Code   RO        13613    i.eMBFuncReadCoils  mbfunccoils.o
    0x0800b518   0x0800b518   0x0000004c   Code   RO        14118    i.eMBFuncReadConfigAdapter  mbfuncconfigadapter.o
    0x0800b564   0x0800b564   0x000000ac   Code   RO        13649    i.eMBFuncReadDiscreteInputs  mbfuncdisc.o
    0x0800b610   0x0800b610   0x0000008c   Code   RO        13673    i.eMBFuncReadHoldingRegister  mbfuncholding.o
    0x0800b69c   0x0800b69c   0x00000084   Code   RO        13715    i.eMBFuncReadInputRegister  mbfuncinput.o
    0x0800b720   0x0800b720   0x000000d4   Code   RO        13674    i.eMBFuncReadWriteMultipleHoldingRegister  mbfuncholding.o
    0x0800b7f4   0x0800b7f4   0x00000028   Code   RO        13739    i.eMBFuncReportSlaveID  mbfuncother.o
    0x0800b81c   0x0800b81c   0x0000004a   Code   RO        14119    i.eMBFuncSetAdapterIP  mbfuncconfigadapter.o
    0x0800b866   0x0800b866   0x0000004a   Code   RO        14120    i.eMBFuncSetAdapterTime  mbfuncconfigadapter.o
    0x0800b8b0   0x0800b8b0   0x00000070   Code   RO        13614    i.eMBFuncWriteCoil  mbfunccoils.o
    0x0800b920   0x0800b920   0x00000042   Code   RO        13675    i.eMBFuncWriteHoldingRegister  mbfuncholding.o
    0x0800b962   0x0800b962   0x00000090   Code   RO        13615    i.eMBFuncWriteMultipleCoils  mbfunccoils.o
    0x0800b9f2   0x0800b9f2   0x0000006e   Code   RO        13676    i.eMBFuncWriteMultipleHoldingRegister  mbfuncholding.o
    0x0800ba60   0x0800ba60   0x0000015c   Code   RO        13472    i.eMBPoll           mb.o
    0x0800bbbc   0x0800bbbc   0x0000006c   Code   RO        14017    i.eMBRegCoilsCB     mbport.o
    0x0800bc28   0x0800bc28   0x00000008   Code   RO        14018    i.eMBRegDiscreteCB  mbport.o
    0x0800bc30   0x0800bc30   0x00000078   Code   RO        14019    i.eMBRegHoldingCB   mbport.o
    0x0800bca8   0x0800bca8   0x00000040   Code   RO        14020    i.eMBRegInputCB     mbport.o
    0x0800bce8   0x0800bce8   0x00000038   Code   RO        14021    i.eMBSetIP          mbport.o
    0x0800bd20   0x0800bd20   0x00000048   Code   RO        14022    i.eMBSetTime        mbport.o
    0x0800bd68   0x0800bd68   0x00000014   Code   RO        13558    i.eMBTCPDoInit      mbtcp.o
    0x0800bd7c   0x0800bd7c   0x00000040   Code   RO        13474    i.eMBTCPInit        mb.o
    0x0800bdbc   0x0800bdbc   0x00000048   Code   RO        13559    i.eMBTCPReceive     mbtcp.o
    0x0800be04   0x0800be04   0x00000030   Code   RO        13560    i.eMBTCPSend        mbtcp.o
    0x0800be34   0x0800be34   0x00000002   Code   RO        13561    i.eMBTCPStart       mbtcp.o
    0x0800be36   0x0800be36   0x00000002   PAD
    0x0800be38   0x0800be38   0x00000028   Code   RO        14243    i.enq_lock          ff.o
    0x0800be60   0x0800be60   0x00000038   Code   RO        12492    i.etharp_cleanup_netif  etharp.o
    0x0800be98   0x0800be98   0x00000300   Code   RO        12494    i.etharp_find_entry  etharp.o
    0x0800c198   0x0800c198   0x00000040   Code   RO        12495    i.etharp_free_entry  etharp.o
    0x0800c1d8   0x0800c1d8   0x0000013c   Code   RO        12497    i.etharp_input      etharp.o
    0x0800c314   0x0800c314   0x00000224   Code   RO        12498    i.etharp_output     etharp.o
    0x0800c538   0x0800c538   0x00000168   Code   RO        12499    i.etharp_output_to_arp_index  etharp.o
    0x0800c6a0   0x0800c6a0   0x000002a4   Code   RO        12500    i.etharp_query      etharp.o
    0x0800c944   0x0800c944   0x0000018c   Code   RO        12501    i.etharp_raw        etharp.o
    0x0800cad0   0x0800cad0   0x00000018   Code   RO        12502    i.etharp_request    etharp.o
    0x0800cae8   0x0800cae8   0x0000002c   Code   RO        12503    i.etharp_request_dst  etharp.o
    0x0800cb14   0x0800cb14   0x000000dc   Code   RO        12504    i.etharp_tmr        etharp.o
    0x0800cbf0   0x0800cbf0   0x0000015c   Code   RO        12505    i.etharp_update_arp_entry  etharp.o
    0x0800cd4c   0x0800cd4c   0x000000c4   Code   RO         9521    i.ethernet_input    ethernet.o
    0x0800ce10   0x0800ce10   0x00000002   Code   RO         2242    i.ethernet_link_status_updated  lwip.o
    0x0800ce12   0x0800ce12   0x00000002   PAD
    0x0800ce14   0x0800ce14   0x000000d4   Code   RO         2069    i.ethernet_link_thread  ethernetif.o
    0x0800cee8   0x0800cee8   0x00000104   Code   RO         9522    i.ethernet_output   ethernet.o
    0x0800cfec   0x0800cfec   0x00000098   Code   RO         2070    i.ethernetif_init   ethernetif.o
    0x0800d084   0x0800d084   0x00000040   Code   RO         2071    i.ethernetif_input  ethernetif.o
    0x0800d0c4   0x0800d0c4   0x00000034   Code   RO        14244    i.f_close           ff.o
    0x0800d0f8   0x0800d0f8   0x0000033c   Code   RO        14248    i.f_lseek           ff.o
    0x0800d434   0x0800d434   0x00000084   Code   RO        14251    i.f_mount           ff.o
    0x0800d4b8   0x0800d4b8   0x00000238   Code   RO        14252    i.f_open            ff.o
    0x0800d6f0   0x0800d6f0   0x000000b0   Code   RO        14261    i.f_sync            ff.o
    0x0800d7a0   0x0800d7a0   0x00000244   Code   RO        14264    i.f_write           ff.o
    0x0800d9e4   0x0800d9e4   0x00000022   Code   RO        14645    i.ff_cre_syncobj    syscall.o
    0x0800da06   0x0800da06   0x0000000e   Code   RO        14646    i.ff_del_syncobj    syscall.o
    0x0800da14   0x0800da14   0x0000000c   Code   RO        14647    i.ff_rel_grant      syscall.o
    0x0800da20   0x0800da20   0x00000018   Code   RO        14648    i.ff_req_grant      syscall.o
    0x0800da38   0x0800da38   0x0000030c   Code   RO        14265    i.find_volume       ff.o
    0x0800dd44   0x0800dd44   0x000000a2   Code   RO        14266    i.follow_path       ff.o
    0x0800dde6   0x0800dde6   0x00000012   Code   RO        15304    i.fputc             mc_w.l(fputc.o)
    0x0800ddf8   0x0800ddf8   0x000000e0   Code   RO        14267    i.get_fat           ff.o
    0x0800ded8   0x0800ded8   0x00000004   Code   RO        14916    i.get_fattime       fatfs.o
    0x0800dedc   0x0800dedc   0x00000048   Code   RO        14269    i.get_ldnumber      ff.o
    0x0800df24   0x0800df24   0x00000012   Code   RO        12595    i.icmp_dest_unreach  icmp.o
    0x0800df36   0x0800df36   0x00000002   PAD
    0x0800df38   0x0800df38   0x00000270   Code   RO        12596    i.icmp_input        icmp.o
    0x0800e1a8   0x0800e1a8   0x0000011c   Code   RO        12597    i.icmp_send_response  icmp.o
    0x0800e2c4   0x0800e2c4   0x00000012   Code   RO        12598    i.icmp_time_exceeded  icmp.o
    0x0800e2d6   0x0800e2d6   0x00000008   Code   RO          723    i.inHandlerMode     usart.o
    0x0800e2de   0x0800e2de   0x00000002   PAD
    0x0800e2e0   0x0800e2e0   0x000000bc   Code   RO        14270    i.inc_lock          ff.o
    0x0800e39c   0x0800e39c   0x0000004e   Code   RO        12712    i.ip4_addr_isbroadcast_u32  ip4_addr.o
    0x0800e3ea   0x0800e3ea   0x00000002   PAD
    0x0800e3ec   0x0800e3ec   0x000002cc   Code   RO        12780    i.ip4_frag          ip4_frag.o
    0x0800e6b8   0x0800e6b8   0x0000018c   Code   RO        12657    i.ip4_input         ip4.o
    0x0800e844   0x0800e844   0x00000034   Code   RO        12658    i.ip4_input_accept  ip4.o
    0x0800e878   0x0800e878   0x00000036   Code   RO        12660    i.ip4_output_if     ip4.o
    0x0800e8ae   0x0800e8ae   0x00000002   PAD
    0x0800e8b0   0x0800e8b0   0x0000019c   Code   RO        12661    i.ip4_output_if_src  ip4.o
    0x0800ea4c   0x0800ea4c   0x000002fc   Code   RO        12781    i.ip4_reass         ip4_frag.o
    0x0800ed48   0x0800ed48   0x00000094   Code   RO        12662    i.ip4_route         ip4.o
    0x0800eddc   0x0800eddc   0x0000000a   Code   RO        12782    i.ip_frag_alloc_pbuf_custom_ref  ip4_frag.o
    0x0800ede6   0x0800ede6   0x00000002   PAD
    0x0800ede8   0x0800ede8   0x00000098   Code   RO        12783    i.ip_frag_free_pbuf_custom_ref  ip4_frag.o
    0x0800ee80   0x0800ee80   0x00000304   Code   RO        12784    i.ip_reass_chain_frag_into_datagram_and_validate  ip4_frag.o
    0x0800f184   0x0800f184   0x000000c4   Code   RO        12785    i.ip_reass_dequeue_datagram  ip4_frag.o
    0x0800f248   0x0800f248   0x00000054   Code   RO        12786    i.ip_reass_enqueue_new_datagram  ip4_frag.o
    0x0800f29c   0x0800f29c   0x000001e0   Code   RO        12787    i.ip_reass_free_complete_datagram  ip4_frag.o
    0x0800f47c   0x0800f47c   0x00000088   Code   RO        12788    i.ip_reass_remove_oldest_datagram  ip4_frag.o
    0x0800f504   0x0800f504   0x00000034   Code   RO        12789    i.ip_reass_tmr      ip4_frag.o
    0x0800f538   0x0800f538   0x000000c8   Code   RO        12790    i.ipfrag_free_pbuf_custom  ip4_frag.o
    0x0800f600   0x0800f600   0x00000026   Code   RO        14271    i.ld_clust          ff.o
    0x0800f626   0x0800f626   0x00000018   Code   RO        14272    i.ld_dword          ff.o
    0x0800f63e   0x0800f63e   0x0000000c   Code   RO        14273    i.ld_word           ff.o
    0x0800f64a   0x0800f64a   0x00000016   Code   RO        14274    i.lock_fs           ff.o
    0x0800f660   0x0800f660   0x000001e0   Code   RO         2072    i.low_level_init    ethernetif.o
    0x0800f840   0x0800f840   0x00000024   Code   RO         2073    i.low_level_input   ethernetif.o
    0x0800f864   0x0800f864   0x000000cc   Code   RO         2074    i.low_level_output  ethernetif.o
    0x0800f930   0x0800f930   0x00000050   Code   RO        12350    i.lwip_cyclic_timer  timeouts.o
    0x0800f980   0x0800f980   0x0000001a   Code   RO        10882    i.lwip_htonl        def.o
    0x0800f99a   0x0800f99a   0x0000000c   Code   RO        10883    i.lwip_htons        def.o
    0x0800f9a6   0x0800f9a6   0x00000002   PAD
    0x0800f9a8   0x0800f9a8   0x0000009c   Code   RO        11027    i.lwip_init         init.o
    0x0800fa44   0x0800fa44   0x00000028   Code   RO           13    i.main              entry.o
    0x0800fa6c   0x0800fa6c   0x00000024   Code   RO        14275    i.mem_cmp           ff.o
    0x0800fa90   0x0800fa90   0x0000001a   Code   RO        14276    i.mem_cpy           ff.o
    0x0800faaa   0x0800faaa   0x00000002   PAD
    0x0800faac   0x0800faac   0x00000210   Code   RO        11099    i.mem_free          mem.o
    0x0800fcbc   0x0800fcbc   0x000000f4   Code   RO        11100    i.mem_init          mem.o
    0x0800fdb0   0x0800fdb0   0x00000058   Code   RO        11101    i.mem_link_valid    mem.o
    0x0800fe08   0x0800fe08   0x000002bc   Code   RO        11102    i.mem_malloc        mem.o
    0x080100c4   0x080100c4   0x00000012   Code   RO        14277    i.mem_set           ff.o
    0x080100d6   0x080100d6   0x00000002   PAD
    0x080100d8   0x080100d8   0x00000010   Code   RO        11103    i.mem_to_ptr        mem.o
    0x080100e8   0x080100e8   0x00000250   Code   RO        11104    i.mem_trim          mem.o
    0x08010338   0x08010338   0x000000b0   Code   RO        11172    i.memp_free         memp.o
    0x080103e8   0x080103e8   0x000000a0   Code   RO        11173    i.memp_free_pool    memp.o
    0x08010488   0x08010488   0x00000020   Code   RO        11174    i.memp_init         memp.o
    0x080104a8   0x080104a8   0x0000002c   Code   RO        11175    i.memp_init_pool    memp.o
    0x080104d4   0x080104d4   0x000000b0   Code   RO        11176    i.memp_malloc       memp.o
    0x08010584   0x08010584   0x00000098   Code   RO        11177    i.memp_malloc_pool  memp.o
    0x0801061c   0x0801061c   0x00000034   Code   RO        14278    i.move_window       ff.o
    0x08010650   0x08010650   0x00000230   Code   RO        11289    i.netif_add         netif.o
    0x08010880   0x08010880   0x00000010   Code   RO        11291    i.netif_do_ip_addr_changed  netif.o
    0x08010890   0x08010890   0x00000026   Code   RO        11292    i.netif_do_set_gw   netif.o
    0x080108b6   0x080108b6   0x00000002   PAD
    0x080108b8   0x080108b8   0x000000e0   Code   RO        11293    i.netif_do_set_ipaddr  netif.o
    0x08010998   0x08010998   0x00000026   Code   RO        11294    i.netif_do_set_netmask  netif.o
    0x080109be   0x080109be   0x00000002   PAD
    0x080109c0   0x080109c0   0x00000028   Code   RO        11296    i.netif_get_by_index  netif.o
    0x080109e8   0x080109e8   0x00000002   Code   RO        11298    i.netif_init        netif.o
    0x080109ea   0x080109ea   0x00000002   PAD
    0x080109ec   0x080109ec   0x000000d8   Code   RO        11300    i.netif_issue_reports  netif.o
    0x08010ac4   0x08010ac4   0x00000008   Code   RO        11302    i.netif_null_output_ip4  netif.o
    0x08010acc   0x08010acc   0x00000060   Code   RO        11304    i.netif_set_addr    netif.o
    0x08010b2c   0x08010b2c   0x0000000c   Code   RO        11305    i.netif_set_default  netif.o
    0x08010b38   0x08010b38   0x000000cc   Code   RO        11306    i.netif_set_down    netif.o
    0x08010c04   0x08010c04   0x00000006   Code   RO        11309    i.netif_set_link_callback  netif.o
    0x08010c0a   0x08010c0a   0x00000002   PAD
    0x08010c0c   0x08010c0c   0x000000cc   Code   RO        11310    i.netif_set_link_down  netif.o
    0x08010cd8   0x08010cd8   0x000000d4   Code   RO        11311    i.netif_set_link_up  netif.o
    0x08010dac   0x08010dac   0x000000c0   Code   RO        11313    i.netif_set_up      netif.o
    0x08010e6c   0x08010e6c   0x0000001e   Code   RO         8334    i.osDelay           cmsis_os2.o
    0x08010e8a   0x08010e8a   0x00000046   Code   RO         8339    i.osEventFlagsNew   cmsis_os2.o
    0x08010ed0   0x08010ed0   0x0000005c   Code   RO         8340    i.osEventFlagsSet   cmsis_os2.o
    0x08010f2c   0x08010f2c   0x00000090   Code   RO         8341    i.osEventFlagsWait  cmsis_os2.o
    0x08010fbc   0x08010fbc   0x00000034   Code   RO         8343    i.osKernelGetState  cmsis_os2.o
    0x08010ff0   0x08010ff0   0x0000001a   Code   RO         8346    i.osKernelGetTickCount  cmsis_os2.o
    0x0801100a   0x0801100a   0x00000002   PAD
    0x0801100c   0x0801100c   0x0000002c   Code   RO         8348    i.osKernelInitialize  cmsis_os2.o
    0x08011038   0x08011038   0x00000060   Code   RO         8351    i.osKernelStart     cmsis_os2.o
    0x08011098   0x08011098   0x00000080   Code   RO         8363    i.osMessageQueueGet  cmsis_os2.o
    0x08011118   0x08011118   0x0000009a   Code   RO         8368    i.osMessageQueueNew  cmsis_os2.o
    0x080111b2   0x080111b2   0x00000002   PAD
    0x080111b4   0x080111b4   0x00000084   Code   RO         8369    i.osMessageQueuePut  cmsis_os2.o
    0x08011238   0x08011238   0x00000062   Code   RO         8371    i.osMutexAcquire    cmsis_os2.o
    0x0801129a   0x0801129a   0x000000b2   Code   RO         8374    i.osMutexNew        cmsis_os2.o
    0x0801134c   0x0801134c   0x0000004e   Code   RO         8375    i.osMutexRelease    cmsis_os2.o
    0x0801139a   0x0801139a   0x00000002   PAD
    0x0801139c   0x0801139c   0x0000006c   Code   RO         8376    i.osSemaphoreAcquire  cmsis_os2.o
    0x08011408   0x08011408   0x0000002c   Code   RO         8377    i.osSemaphoreDelete  cmsis_os2.o
    0x08011434   0x08011434   0x000000cc   Code   RO         8379    i.osSemaphoreNew    cmsis_os2.o
    0x08011500   0x08011500   0x0000005c   Code   RO         8380    i.osSemaphoreRelease  cmsis_os2.o
    0x0801155c   0x0801155c   0x000000b8   Code   RO         8393    i.osThreadNew       cmsis_os2.o
    0x08011614   0x08011614   0x00000026   Code   RO         8396    i.osThreadSuspend   cmsis_os2.o
    0x0801163a   0x0801163a   0x00000002   PAD
    0x0801163c   0x0801163c   0x000000bc   Code   RO         8402    i.osTimerNew        cmsis_os2.o
    0x080116f8   0x080116f8   0x0000003c   Code   RO         8403    i.osTimerStart      cmsis_os2.o
    0x08011734   0x08011734   0x00000012   Code   RO        11471    i.pbuf_add_header   pbuf.o
    0x08011746   0x08011746   0x00000002   PAD
    0x08011748   0x08011748   0x000000e8   Code   RO        11473    i.pbuf_add_header_impl  pbuf.o
    0x08011830   0x08011830   0x000002a0   Code   RO        11474    i.pbuf_alloc        pbuf.o
    0x08011ad0   0x08011ad0   0x000000bc   Code   RO        11475    i.pbuf_alloc_reference  pbuf.o
    0x08011b8c   0x08011b8c   0x00000052   Code   RO        11476    i.pbuf_alloced_custom  pbuf.o
    0x08011bde   0x08011bde   0x00000002   PAD
    0x08011be0   0x08011be0   0x00000150   Code   RO        11477    i.pbuf_cat          pbuf.o
    0x08011d30   0x08011d30   0x00000012   Code   RO        11479    i.pbuf_clen         pbuf.o
    0x08011d42   0x08011d42   0x00000002   PAD
    0x08011d44   0x08011d44   0x000000b0   Code   RO        11480    i.pbuf_clone        pbuf.o
    0x08011df4   0x08011df4   0x00000228   Code   RO        11482    i.pbuf_copy         pbuf.o
    0x0801201c   0x0801201c   0x00000140   Code   RO        11483    i.pbuf_copy_partial  pbuf.o
    0x0801215c   0x0801215c   0x000001a8   Code   RO        11485    i.pbuf_free         pbuf.o
    0x08012304   0x08012304   0x00000034   Code   RO         2075    i.pbuf_free_custom  ethernetif.o
    0x08012338   0x08012338   0x0000003c   Code   RO        11487    i.pbuf_free_ooseq   pbuf.o
    0x08012374   0x08012374   0x0000000a   Code   RO        11488    i.pbuf_free_ooseq_callback  pbuf.o
    0x0801237e   0x0801237e   0x00000012   Code   RO        11492    i.pbuf_header_force  pbuf.o
    0x08012390   0x08012390   0x00000022   Code   RO        11493    i.pbuf_header_impl  pbuf.o
    0x080123b2   0x080123b2   0x0000001e   Code   RO        11494    i.pbuf_init_alloced_pbuf  pbuf.o
    0x080123d0   0x080123d0   0x00000044   Code   RO        11497    i.pbuf_pool_is_empty  pbuf.o
    0x08012414   0x08012414   0x00000168   Code   RO        11499    i.pbuf_realloc      pbuf.o
    0x0801257c   0x0801257c   0x000000a8   Code   RO        11500    i.pbuf_ref          pbuf.o
    0x08012624   0x08012624   0x000000f4   Code   RO        11501    i.pbuf_remove_header  pbuf.o
    0x08012718   0x08012718   0x000001d8   Code   RO        11105    i.plug_holes        mem.o
    0x080128f0   0x080128f0   0x0000009c   Code   RO          724    i.print_usart2      usart.o
    0x0801298c   0x0801298c   0x0000007c   Code   RO         7768    i.prvAddCurrentTaskToDelayedList  tasks.o
    0x08012a08   0x08012a08   0x000000b8   Code   RO         7769    i.prvAddNewTaskToReadyList  tasks.o
    0x08012ac0   0x08012ac0   0x00000074   Code   RO         8144    i.prvCheckForValidListAndQueue  timers.o
    0x08012b34   0x08012b34   0x00000048   Code   RO         7770    i.prvCheckTasksWaitingTermination  tasks.o
    0x08012b7c   0x08012b7c   0x0000002a   Code   RO         7355    i.prvCopyDataFromQueue  queue.o
    0x08012ba6   0x08012ba6   0x0000007e   Code   RO         7356    i.prvCopyDataToQueue  queue.o
    0x08012c24   0x08012c24   0x00000050   Code   RO         7771    i.prvDeleteTCB      tasks.o
    0x08012c74   0x08012c74   0x00000014   Code   RO         7357    i.prvGetDisinheritPriorityAfterTimeout  queue.o
    0x08012c88   0x08012c88   0x00000028   Code   RO         8145    i.prvGetNextExpireTime  timers.o
    0x08012cb0   0x08012cb0   0x0000007c   Code   RO         8861    i.prvHeapInit       heap_4.o
    0x08012d2c   0x08012d2c   0x00000028   Code   RO         7772    i.prvIdleTask       tasks.o
    0x08012d54   0x08012d54   0x0000001e   Code   RO         7358    i.prvInitialiseMutex  queue.o
    0x08012d72   0x08012d72   0x0000002a   Code   RO         7359    i.prvInitialiseNewQueue  queue.o
    0x08012d9c   0x08012d9c   0x000000be   Code   RO         7773    i.prvInitialiseNewTask  tasks.o
    0x08012e5a   0x08012e5a   0x0000005a   Code   RO         8146    i.prvInitialiseNewTimer  timers.o
    0x08012eb4   0x08012eb4   0x00000068   Code   RO         7774    i.prvInitialiseTaskLists  tasks.o
    0x08012f1c   0x08012f1c   0x00000068   Code   RO         8862    i.prvInsertBlockIntoFreeList  heap_4.o
    0x08012f84   0x08012f84   0x00000058   Code   RO         8147    i.prvInsertTimerInActiveList  timers.o
    0x08012fdc   0x08012fdc   0x0000001a   Code   RO         7360    i.prvIsQueueEmpty   queue.o
    0x08012ff6   0x08012ff6   0x0000001e   Code   RO         7361    i.prvIsQueueFull    queue.o
    0x08013014   0x08013014   0x00000074   Code   RO         8148    i.prvProcessExpiredTimer  timers.o
    0x08013088   0x08013088   0x00000164   Code   RO         8149    i.prvProcessReceivedCommands  timers.o
    0x080131ec   0x080131ec   0x00000074   Code   RO         8150    i.prvProcessTimerOrBlockTask  timers.o
    0x08013260   0x08013260   0x00000034   Code   RO         7776    i.prvResetNextTaskUnblockTime  tasks.o
    0x08013294   0x08013294   0x0000002c   Code   RO         8151    i.prvSampleTimeNow  timers.o
    0x080132c0   0x080132c0   0x000000a4   Code   RO         8152    i.prvSwitchTimerLists  timers.o
    0x08013364   0x08013364   0x00000040   Code   RO         8917    i.prvTaskExitError  port.o
    0x080133a4   0x080133a4   0x00000058   Code   RO         7778    i.prvTaskIsTaskSuspended  tasks.o
    0x080133fc   0x080133fc   0x0000001e   Code   RO         7196    i.prvTestWaitCondition  event_groups.o
    0x0801341a   0x0801341a   0x0000001a   Code   RO         8153    i.prvTimerTask      timers.o
    0x08013434   0x08013434   0x0000007e   Code   RO         7362    i.prvUnlockQueue    queue.o
    0x080134b2   0x080134b2   0x00000022   Code   RO        13772    i.prveMBError2Exception  mbutils.o
    0x080134d4   0x080134d4   0x00000044   Code   RO        13885    i.prvvMBPortReleaseClient  porttcp.o
    0x08013518   0x08013518   0x00000012   Code   RO        13886    i.prvvMBTCPPortError  porttcp.o
    0x0801352a   0x0801352a   0x00000002   PAD
    0x0801352c   0x0801352c   0x0000005c   Code   RO        13887    i.prvxMBTCPPortAccept  porttcp.o
    0x08013588   0x08013588   0x000000b0   Code   RO        13888    i.prvxMBTCPPortReceive  porttcp.o
    0x08013638   0x08013638   0x00000010   Code   RO        11106    i.ptr_to_mem        mem.o
    0x08013648   0x08013648   0x00000138   Code   RO        14279    i.put_fat           ff.o
    0x08013780   0x08013780   0x0000014c   Code   RO         8863    i.pvPortMalloc      heap_4.o
    0x080138cc   0x080138cc   0x00000020   Code   RO         7779    i.pvTaskIncrementMutexHeldCount  tasks.o
    0x080138ec   0x080138ec   0x0000002c   Code   RO         8154    i.pvTimerGetTimerID  timers.o
    0x08013918   0x08013918   0x0000002c   Code   RO         8918    i.pxPortInitialiseStack  port.o
    0x08013944   0x08013944   0x0000001c   Code   RO          558    i.reboot_main       freertos.o
    0x08013960   0x08013960   0x0000009a   Code   RO        14283    i.remove_chain      ff.o
    0x080139fa   0x080139fa   0x00000002   PAD
    0x080139fc   0x080139fc   0x00000088   Code   RO        13475    i.saveCommand       mb.o
    0x08013a84   0x08013a84   0x00000018   Code   RO           14    i.sdk_MBCallBack    entry.o
    0x08013a9c   0x08013a9c   0x00000064   Code   RO         1938    i.sdk_addDataToReg  sensoradapter_sdk.o
    0x08013b00   0x08013b00   0x00000158   Code   RO         1939    i.sdk_addLog        sensoradapter_sdk.o
    0x08013c58   0x08013c58   0x0000000c   Code   RO         1940    i.sdk_delayMs       sensoradapter_sdk.o
    0x08013c64   0x08013c64   0x0000001c   Code   RO         1946    i.sdk_rs485Init     sensoradapter_sdk.o
    0x08013c80   0x08013c80   0x00000014   Code   RO         1950    i.sdk_startIWDG     sensoradapter_sdk.o
    0x08013c94   0x08013c94   0x00000014   Code   RO         1951    i.sdk_startMain     sensoradapter_sdk.o
    0x08013ca8   0x08013ca8   0x00000024   Code   RO         1952    i.sdk_sysInit       sensoradapter_sdk.o
    0x08013ccc   0x08013ccc   0x00000024   Code   RO        14284    i.st_clust          ff.o
    0x08013cf0   0x08013cf0   0x00000018   Code   RO        14285    i.st_dword          ff.o
    0x08013d08   0x08013d08   0x0000000c   Code   RO        14286    i.st_word           ff.o
    0x08013d14   0x08013d14   0x00000090   Code   RO        14287    i.sync_fs           ff.o
    0x08013da4   0x08013da4   0x00000052   Code   RO        14288    i.sync_window       ff.o
    0x08013df6   0x08013df6   0x00000048   Code   RO        13050    i.sys_arch_mbox_fetch  sys_arch.o
    0x08013e3e   0x08013e3e   0x00000002   PAD
    0x08013e40   0x08013e40   0x00000018   Code   RO        13052    i.sys_arch_protect  sys_arch.o
    0x08013e58   0x08013e58   0x00000014   Code   RO        13054    i.sys_arch_unprotect  sys_arch.o
    0x08013e6c   0x08013e6c   0x00000054   Code   RO        12351    i.sys_check_timeouts  timeouts.o
    0x08013ec0   0x08013ec0   0x00000014   Code   RO        13055    i.sys_init          sys_arch.o
    0x08013ed4   0x08013ed4   0x00000020   Code   RO        13057    i.sys_mbox_new      sys_arch.o
    0x08013ef4   0x08013ef4   0x0000001e   Code   RO        13060    i.sys_mbox_trypost  sys_arch.o
    0x08013f12   0x08013f12   0x0000000e   Code   RO        13062    i.sys_mbox_valid    sys_arch.o
    0x08013f20   0x08013f20   0x00000010   Code   RO        13064    i.sys_mutex_lock    sys_arch.o
    0x08013f30   0x08013f30   0x0000001a   Code   RO        13065    i.sys_mutex_new     sys_arch.o
    0x08013f4a   0x08013f4a   0x0000000c   Code   RO        13066    i.sys_mutex_unlock  sys_arch.o
    0x08013f56   0x08013f56   0x00000008   Code   RO         2076    i.sys_now           ethernetif.o
    0x08013f5e   0x08013f5e   0x00000032   Code   RO        13072    i.sys_thread_new    sys_arch.o
    0x08013f90   0x08013f90   0x000000d0   Code   RO        12353    i.sys_timeout       timeouts.o
    0x08014060   0x08014060   0x00000140   Code   RO        12354    i.sys_timeout_abs   timeouts.o
    0x080141a0   0x080141a0   0x00000028   Code   RO        12355    i.sys_timeouts_init  timeouts.o
    0x080141c8   0x080141c8   0x000000cc   Code   RO        12356    i.sys_timeouts_sleeptime  timeouts.o
    0x08014294   0x08014294   0x000001d4   Code   RO        11771    i.tcp_abandon       tcp.o
    0x08014468   0x08014468   0x0000000e   Code   RO        11772    i.tcp_abort         tcp.o
    0x08014476   0x08014476   0x00000010   Code   RO        11773    i.tcp_accept        tcp.o
    0x08014486   0x08014486   0x00000002   PAD
    0x08014488   0x08014488   0x000000a8   Code   RO        11774    i.tcp_accept_null   tcp.o
    0x08014530   0x08014530   0x000000c0   Code   RO        11775    i.tcp_alloc         tcp.o
    0x080145f0   0x080145f0   0x00000006   Code   RO        11776    i.tcp_arg           tcp.o
    0x080145f6   0x080145f6   0x00000002   PAD
    0x080145f8   0x080145f8   0x00000170   Code   RO        11777    i.tcp_bind          tcp.o
    0x08014768   0x08014768   0x000000b0   Code   RO        11779    i.tcp_close         tcp.o
    0x08014818   0x08014818   0x0000020c   Code   RO        11780    i.tcp_close_shutdown  tcp.o
    0x08014a24   0x08014a24   0x000000e8   Code   RO        11781    i.tcp_close_shutdown_fin  tcp.o
    0x08014b0c   0x08014b0c   0x000001d4   Code   RO        12190    i.tcp_create_segment  tcp_out.o
    0x08014ce0   0x08014ce0   0x000000d4   Code   RO        11784    i.tcp_eff_send_mss_netif  tcp.o
    0x08014db4   0x08014db4   0x000002c0   Code   RO        12191    i.tcp_enqueue_flags  tcp_out.o
    0x08015074   0x08015074   0x000000ac   Code   RO        11785    i.tcp_err           tcp.o
    0x08015120   0x08015120   0x0000009c   Code   RO        11786    i.tcp_fasttmr       tcp.o
    0x080151bc   0x080151bc   0x00000094   Code   RO        11787    i.tcp_free          tcp.o
    0x08015250   0x08015250   0x0000015c   Code   RO        12101    i.tcp_free_acked_segments  tcp_in.o
    0x080153ac   0x080153ac   0x0000009c   Code   RO        11788    i.tcp_free_listen   tcp.o
    0x08015448   0x08015448   0x00000014   Code   RO        11789    i.tcp_free_ooseq    tcp.o
    0x0801545c   0x0801545c   0x00000048   Code   RO        12102    i.tcp_get_next_optbyte  tcp_in.o
    0x080154a4   0x080154a4   0x00000034   Code   RO        11790    i.tcp_handle_closepend  tcp.o
    0x080154d8   0x080154d8   0x00000018   Code   RO        11791    i.tcp_init          tcp.o
    0x080154f0   0x080154f0   0x00000818   Code   RO        12103    i.tcp_input         tcp_in.o
    0x08015d08   0x08015d08   0x000000e8   Code   RO        12104    i.tcp_input_delayed_close  tcp_in.o
    0x08015df0   0x08015df0   0x000000dc   Code   RO        12192    i.tcp_keepalive     tcp_out.o
    0x08015ecc   0x08015ecc   0x00000068   Code   RO        11792    i.tcp_kill_prio     tcp.o
    0x08015f34   0x08015f34   0x000000d0   Code   RO        11793    i.tcp_kill_state    tcp.o
    0x08016004   0x08016004   0x0000003c   Code   RO        11794    i.tcp_kill_timewait  tcp.o
    0x08016040   0x08016040   0x000000d4   Code   RO        11795    i.tcp_listen_closed  tcp.o
    0x08016114   0x08016114   0x000001f4   Code   RO        12105    i.tcp_listen_input  tcp_in.o
    0x08016308   0x08016308   0x00000012   Code   RO        11796    i.tcp_listen_with_backlog  tcp.o
    0x0801631a   0x0801631a   0x00000002   PAD
    0x0801631c   0x0801631c   0x000001c4   Code   RO        11797    i.tcp_listen_with_backlog_and_err  tcp.o
    0x080164e0   0x080164e0   0x0000004c   Code   RO        11798    i.tcp_netif_ip_addr_changed  tcp.o
    0x0801652c   0x0801652c   0x000000d0   Code   RO        11799    i.tcp_netif_ip_addr_changed_pcblist  tcp.o
    0x080165fc   0x080165fc   0x0000000a   Code   RO        11800    i.tcp_new           tcp.o
    0x08016606   0x08016606   0x00000002   PAD
    0x08016608   0x08016608   0x00000068   Code   RO        11802    i.tcp_new_port      tcp.o
    0x08016670   0x08016670   0x000000b0   Code   RO        11803    i.tcp_next_iss      tcp.o
    0x08016720   0x08016720   0x0000012c   Code   RO        12106    i.tcp_oos_insert_segment  tcp_in.o
    0x0801684c   0x0801684c   0x00000364   Code   RO        12193    i.tcp_output        tcp_out.o
    0x08016bb0   0x08016bb0   0x000000dc   Code   RO        12194    i.tcp_output_alloc_header  tcp_out.o
    0x08016c8c   0x08016c8c   0x00000124   Code   RO        12195    i.tcp_output_alloc_header_common  tcp_out.o
    0x08016db0   0x08016db0   0x000000fc   Code   RO        12196    i.tcp_output_control_segment  tcp_out.o
    0x08016eac   0x08016eac   0x00000124   Code   RO        12197    i.tcp_output_fill_options  tcp_out.o
    0x08016fd0   0x08016fd0   0x0000024c   Code   RO        12198    i.tcp_output_segment  tcp_out.o
    0x0801721c   0x0801721c   0x000000b4   Code   RO        12199    i.tcp_output_segment_busy  tcp_out.o
    0x080172d0   0x080172d0   0x00000130   Code   RO        12107    i.tcp_parseopt      tcp_in.o
    0x08017400   0x08017400   0x00000178   Code   RO        12200    i.tcp_pbuf_prealloc  tcp_out.o
    0x08017578   0x08017578   0x000000dc   Code   RO        11804    i.tcp_pcb_purge     tcp.o
    0x08017654   0x08017654   0x000001d8   Code   RO        11805    i.tcp_pcb_remove    tcp.o
    0x0801782c   0x0801782c   0x00000744   Code   RO        12108    i.tcp_process       tcp_in.o
    0x08017f70   0x08017f70   0x00000134   Code   RO        11807    i.tcp_process_refused_data  tcp.o
    0x080180a4   0x080180a4   0x00000c7c   Code   RO        12109    i.tcp_receive       tcp_in.o
    0x08018d20   0x08018d20   0x000000ac   Code   RO        11808    i.tcp_recv          tcp.o
    0x08018dcc   0x08018dcc   0x000000c4   Code   RO        11809    i.tcp_recv_null     tcp.o
    0x08018e90   0x08018e90   0x0000011c   Code   RO        11810    i.tcp_recved        tcp.o
    0x08018fac   0x08018fac   0x000000b4   Code   RO        11811    i.tcp_remove_listener  tcp.o
    0x08019060   0x08019060   0x00000104   Code   RO        12201    i.tcp_rexmit        tcp_out.o
    0x08019164   0x08019164   0x0000010c   Code   RO        12202    i.tcp_rexmit_fast   tcp_out.o
    0x08019270   0x08019270   0x000000a8   Code   RO        12203    i.tcp_rexmit_rto    tcp_out.o
    0x08019318   0x08019318   0x000000b8   Code   RO        12204    i.tcp_rexmit_rto_commit  tcp_out.o
    0x080193d0   0x080193d0   0x00000118   Code   RO        12205    i.tcp_rexmit_rto_prepare  tcp_out.o
    0x080194e8   0x080194e8   0x0000001e   Code   RO        12206    i.tcp_route         tcp_out.o
    0x08019506   0x08019506   0x00000002   PAD
    0x08019508   0x08019508   0x00000128   Code   RO        12207    i.tcp_rst           tcp_out.o
    0x08019630   0x08019630   0x000000b4   Code   RO        11812    i.tcp_seg_copy      tcp.o
    0x080196e4   0x080196e4   0x0000001a   Code   RO        11813    i.tcp_seg_free      tcp.o
    0x080196fe   0x080196fe   0x00000018   Code   RO        11814    i.tcp_segs_free     tcp.o
    0x08019716   0x08019716   0x00000002   PAD
    0x08019718   0x08019718   0x00000140   Code   RO        12208    i.tcp_send_empty_ack  tcp_out.o
    0x08019858   0x08019858   0x000000e0   Code   RO        12209    i.tcp_send_fin      tcp_out.o
    0x08019938   0x08019938   0x00000734   Code   RO        11818    i.tcp_slowtmr       tcp.o
    0x0801a06c   0x0801a06c   0x000002d0   Code   RO        12210    i.tcp_split_unsent_seg  tcp_out.o
    0x0801a33c   0x0801a33c   0x00000038   Code   RO        12358    i.tcp_timer_needed  timeouts.o
    0x0801a374   0x0801a374   0x00000144   Code   RO        12110    i.tcp_timewait_input  tcp_in.o
    0x0801a4b8   0x0801a4b8   0x00000024   Code   RO        11820    i.tcp_tmr           tcp.o
    0x0801a4dc   0x0801a4dc   0x00000014   Code   RO        12111    i.tcp_trigger_input_pcb_close  tcp_in.o
    0x0801a4f0   0x0801a4f0   0x00000118   Code   RO        11822    i.tcp_update_rcv_ann_wnd  tcp.o
    0x0801a608   0x0801a608   0x00000824   Code   RO        12211    i.tcp_write         tcp_out.o
    0x0801ae2c   0x0801ae2c   0x000001b4   Code   RO        12212    i.tcp_write_checks  tcp_out.o
    0x0801afe0   0x0801afe0   0x00000170   Code   RO        12213    i.tcp_zero_window_probe  tcp_out.o
    0x0801b150   0x0801b150   0x0000012c   Code   RO        10708    i.tcpip_init        tcpip.o
    0x0801b27c   0x0801b27c   0x000000cc   Code   RO        10709    i.tcpip_inpkt       tcpip.o
    0x0801b348   0x0801b348   0x00000030   Code   RO        10710    i.tcpip_input       tcpip.o
    0x0801b378   0x0801b378   0x00000038   Code   RO        12359    i.tcpip_tcp_timer   timeouts.o
    0x0801b3b0   0x0801b3b0   0x000000d0   Code   RO        10712    i.tcpip_thread      tcpip.o
    0x0801b480   0x0801b480   0x000000d4   Code   RO        10713    i.tcpip_thread_handle_msg  tcpip.o
    0x0801b554   0x0801b554   0x00000060   Code   RO        10714    i.tcpip_timeouts_mbox_fetch  tcpip.o
    0x0801b5b4   0x0801b5b4   0x000000c4   Code   RO        10715    i.tcpip_try_callback  tcpip.o
    0x0801b678   0x0801b678   0x0000001c   Code   RO        14289    i.unlock_fs         ff.o
    0x0801b694   0x0801b694   0x00000030   Code   RO           15    i.userDef_main      entry.o
    0x0801b6c4   0x0801b6c4   0x00000028   Code   RO         7315    i.uxListRemove      list.o
    0x0801b6ec   0x0801b6ec   0x0000001c   Code   RO         7788    i.uxTaskResetEventItemValue  tasks.o
    0x0801b708   0x0801b708   0x00000018   Code   RO         8405    i.vApplicationGetIdleTaskMemory  cmsis_os2.o
    0x0801b720   0x0801b720   0x00000018   Code   RO         8406    i.vApplicationGetTimerTaskMemory  cmsis_os2.o
    0x0801b738   0x0801b738   0x00000010   Code   RO         7200    i.vEventGroupSetBitsCallback  event_groups.o
    0x0801b748   0x0801b748   0x0000001a   Code   RO         7316    i.vListInitialise   list.o
    0x0801b762   0x0801b762   0x00000006   Code   RO         7317    i.vListInitialiseItem  list.o
    0x0801b768   0x0801b768   0x00000034   Code   RO         7318    i.vListInsert       list.o
    0x0801b79c   0x0801b79c   0x00000018   Code   RO         7319    i.vListInsertEnd    list.o
    0x0801b7b4   0x0801b7b4   0x00000054   Code   RO         8920    i.vPortEnterCritical  port.o
    0x0801b808   0x0801b808   0x0000003c   Code   RO         8921    i.vPortExitCritical  port.o
    0x0801b844   0x0801b844   0x000000a4   Code   RO         8864    i.vPortFree         heap_4.o
    0x0801b8e8   0x0801b8e8   0x00000028   Code   RO         8922    i.vPortSetupTimerInterrupt  port.o
    0x0801b910   0x0801b910   0x0000002c   Code   RO         7368    i.vQueueAddToRegistry  queue.o
    0x0801b93c   0x0801b93c   0x00000032   Code   RO         7369    i.vQueueDelete      queue.o
    0x0801b96e   0x0801b96e   0x00000002   PAD
    0x0801b970   0x0801b970   0x00000030   Code   RO         7371    i.vQueueUnregisterQueue  queue.o
    0x0801b9a0   0x0801b9a0   0x0000004a   Code   RO         7372    i.vQueueWaitForMessageRestricted  queue.o
    0x0801b9ea   0x0801b9ea   0x00000002   PAD
    0x0801b9ec   0x0801b9ec   0x0000005c   Code   RO         7789    i.vTaskDelay        tasks.o
    0x0801ba48   0x0801ba48   0x00000018   Code   RO         7794    i.vTaskInternalSetTimeOutState  tasks.o
    0x0801ba60   0x0801ba60   0x0000000c   Code   RO         7795    i.vTaskMissedYield  tasks.o
    0x0801ba6c   0x0801ba6c   0x00000038   Code   RO         7797    i.vTaskPlaceOnEventList  tasks.o
    0x0801baa4   0x0801baa4   0x00000040   Code   RO         7798    i.vTaskPlaceOnEventListRestricted  tasks.o
    0x0801bae4   0x0801bae4   0x0000006c   Code   RO         7799    i.vTaskPlaceOnUnorderedEventList  tasks.o
    0x0801bb50   0x0801bb50   0x000000d0   Code   RO         7800    i.vTaskPriorityDisinheritAfterTimeout  tasks.o
    0x0801bc20   0x0801bc20   0x000000a0   Code   RO         7802    i.vTaskRemoveFromUnorderedEventList  tasks.o
    0x0801bcc0   0x0801bcc0   0x000000b8   Code   RO         7806    i.vTaskStartScheduler  tasks.o
    0x0801bd78   0x0801bd78   0x000000c8   Code   RO         7807    i.vTaskSuspend      tasks.o
    0x0801be40   0x0801be40   0x00000010   Code   RO         7808    i.vTaskSuspendAll   tasks.o
    0x0801be50   0x0801be50   0x00000090   Code   RO         7809    i.vTaskSwitchContext  tasks.o
    0x0801bee0   0x0801bee0   0x00000052   Code   RO        14290    i.validate          ff.o
    0x0801bf32   0x0801bf32   0x0000005c   Code   RO         7202    i.xEventGroupClearBits  event_groups.o
    0x0801bf8e   0x0801bf8e   0x0000001e   Code   RO         7204    i.xEventGroupCreate  event_groups.o
    0x0801bfac   0x0801bfac   0x0000005a   Code   RO         7205    i.xEventGroupCreateStatic  event_groups.o
    0x0801c006   0x0801c006   0x000000ce   Code   RO         7207    i.xEventGroupSetBits  event_groups.o
    0x0801c0d4   0x0801c0d4   0x00000024   Code   RO         7208    i.xEventGroupSetBitsFromISR  event_groups.o
    0x0801c0f8   0x0801c0f8   0x00000158   Code   RO         7210    i.xEventGroupWaitBits  event_groups.o
    0x0801c250   0x0801c250   0x00000024   Code   RO        13812    i.xMBTCPPortEventGet  portevent.o
    0x0801c274   0x0801c274   0x00000010   Code   RO        13813    i.xMBTCPPortEventInit  portevent.o
    0x0801c284   0x0801c284   0x00000018   Code   RO        13814    i.xMBTCPPortEventPost  portevent.o
    0x0801c29c   0x0801c29c   0x00000020   Code   RO        13891    i.xMBTCPPortGetRequest  porttcp.o
    0x0801c2bc   0x0801c2bc   0x00000074   Code   RO        13892    i.xMBTCPPortInit    porttcp.o
    0x0801c330   0x0801c330   0x000000a4   Code   RO        13893    i.xMBTCPPortSendResponse  porttcp.o
    0x0801c3d4   0x0801c3d4   0x0000000c   Code   RO         8867    i.xPortGetFreeHeapSize  heap_4.o
    0x0801c3e0   0x0801c3e0   0x00000168   Code   RO         8924    i.xPortStartScheduler  port.o
    0x0801c548   0x0801c548   0x00000034   Code   RO         8925    i.xPortSysTickHandler  port.o
    0x0801c57c   0x0801c57c   0x0000005c   Code   RO         7373    i.xQueueCreateCountingSemaphore  queue.o
    0x0801c5d8   0x0801c5d8   0x00000064   Code   RO         7374    i.xQueueCreateCountingSemaphoreStatic  queue.o
    0x0801c63c   0x0801c63c   0x00000022   Code   RO         7375    i.xQueueCreateMutex  queue.o
    0x0801c65e   0x0801c65e   0x0000002a   Code   RO         7376    i.xQueueCreateMutexStatic  queue.o
    0x0801c688   0x0801c688   0x0000005a   Code   RO         7377    i.xQueueGenericCreate  queue.o
    0x0801c6e2   0x0801c6e2   0x000000e0   Code   RO         7378    i.xQueueGenericCreateStatic  queue.o
    0x0801c7c2   0x0801c7c2   0x00000002   PAD
    0x0801c7c4   0x0801c7c4   0x00000098   Code   RO         7379    i.xQueueGenericReset  queue.o
    0x0801c85c   0x0801c85c   0x000001a8   Code   RO         7380    i.xQueueGenericSend  queue.o
    0x0801ca04   0x0801ca04   0x000000f8   Code   RO         7381    i.xQueueGenericSendFromISR  queue.o
    0x0801cafc   0x0801cafc   0x000000dc   Code   RO         7384    i.xQueueGiveFromISR  queue.o
    0x0801cbd8   0x0801cbd8   0x00000048   Code   RO         7385    i.xQueueGiveMutexRecursive  queue.o
    0x0801cc20   0x0801cc20   0x00000168   Code   RO         7390    i.xQueueReceive     queue.o
    0x0801cd88   0x0801cd88   0x000000c6   Code   RO         7391    i.xQueueReceiveFromISR  queue.o
    0x0801ce4e   0x0801ce4e   0x00000002   PAD
    0x0801ce50   0x0801ce50   0x000001b8   Code   RO         7392    i.xQueueSemaphoreTake  queue.o
    0x0801d008   0x0801d008   0x0000004e   Code   RO         7393    i.xQueueTakeMutexRecursive  queue.o
    0x0801d056   0x0801d056   0x00000002   PAD
    0x0801d058   0x0801d058   0x0000008c   Code   RO         7811    i.xTaskCheckForTimeOut  tasks.o
    0x0801d0e4   0x0801d0e4   0x00000064   Code   RO         7812    i.xTaskCreate       tasks.o
    0x0801d148   0x0801d148   0x000000ba   Code   RO         7813    i.xTaskCreateStatic  tasks.o
    0x0801d202   0x0801d202   0x00000002   PAD
    0x0801d204   0x0801d204   0x0000000c   Code   RO         7816    i.xTaskGetCurrentTaskHandle  tasks.o
    0x0801d210   0x0801d210   0x00000020   Code   RO         7817    i.xTaskGetSchedulerState  tasks.o
    0x0801d230   0x0801d230   0x0000000c   Code   RO         7818    i.xTaskGetTickCount  tasks.o
    0x0801d23c   0x0801d23c   0x0000000c   Code   RO         7819    i.xTaskGetTickCountFromISR  tasks.o
    0x0801d248   0x0801d248   0x00000144   Code   RO         7820    i.xTaskIncrementTick  tasks.o
    0x0801d38c   0x0801d38c   0x000000a4   Code   RO         7823    i.xTaskPriorityDisinherit  tasks.o
    0x0801d430   0x0801d430   0x000000a4   Code   RO         7824    i.xTaskPriorityInherit  tasks.o
    0x0801d4d4   0x0801d4d4   0x00000098   Code   RO         7825    i.xTaskRemoveFromEventList  tasks.o
    0x0801d56c   0x0801d56c   0x00000104   Code   RO         7826    i.xTaskResumeAll    tasks.o
    0x0801d670   0x0801d670   0x000000ac   Code   RO         7827    i.xTaskResumeFromISR  tasks.o
    0x0801d71c   0x0801d71c   0x00000036   Code   RO         8160    i.xTimerCreate      timers.o
    0x0801d752   0x0801d752   0x00000072   Code   RO         8161    i.xTimerCreateStatic  timers.o
    0x0801d7c4   0x0801d7c4   0x00000078   Code   RO         8162    i.xTimerCreateTimerTask  timers.o
    0x0801d83c   0x0801d83c   0x00000084   Code   RO         8163    i.xTimerGenericCommand  timers.o
    0x0801d8c0   0x0801d8c0   0x00000034   Code   RO         8169    i.xTimerPendFunctionCallFromISR  timers.o
    0x0801d8f4   0x0801d8f4   0x0000b919   Data   RO          560    .constdata          freertos.o
    0x0802920d   0x0802920d   0x00000003   PAD
    0x08029210   0x08029210   0x0000000c   Data   RO         2078    .constdata          ethernetif.o
    0x0802921c   0x0802921c   0x000033f4   Data   RO         2575    .constdata          md0130.o
    0x0802c610   0x0802c610   0x00000018   Data   RO         7155    .constdata          system_stm32f4xx.o
    0x0802c628   0x0802c628   0x0000000c   Data   RO         9523    .constdata          ethernet.o
    0x0802c634   0x0802c634   0x000000c0   Data   RO        11179    .constdata          memp.o
    0x0802c6f4   0x0802c6f4   0x00000050   Data   RO        11823    .constdata          tcp.o
    0x0802c744   0x0802c744   0x0000001c   Data   RO        12360    .constdata          timeouts.o
    0x0802c760   0x0802c760   0x00000008   Data   RO        12719    .constdata          ip4_addr.o
    0x0802c768   0x0802c768   0x0000009c   Data   RO        14292    .constdata          ff.o
    0x0802c804   0x0802c804   0x00000014   Data   RO        14847    .constdata          sd_diskio.o
    0x0802c818   0x0802c818   0x00000082   Data   RO          561    .conststring        freertos.o
    0x0802c89a   0x0802c89a   0x00000002   PAD
    0x0802c89c   0x0802c89c   0x00000041   Data   RO        11028    .conststring        init.o
    0x0802c8dd   0x0802c8dd   0x00000003   PAD
    0x0802c8e0   0x0802c8e0   0x00000075   Data   RO        11824    .conststring        tcp.o
    0x0802c955   0x0802c955   0x00000003   PAD
    0x0802c958   0x0802c958   0x00000055   Data   RO        12214    .conststring        tcp_out.o
    0x0802c9ad   0x0802c9ad   0x00000003   PAD
    0x0802c9b0   0x0802c9b0   0x00000041   Data   RO        12507    .conststring        etharp.o
    0x0802c9f1   0x0802c9f1   0x00000003   PAD
    0x0802c9f4   0x0802c9f4   0x00000020   Data   RO        15341    Region$$Table       anon$$obj.o


    Execution Region RW_IRAM1 (Exec base: 0x20000000, Load base: 0x0802ca14, Size: 0x00015a20, Max: 0x0001c000, ABSOLUTE, COMPRESSED[0x000000ac])

    Exec Addr    Load Addr    Size         Type   Attr      Idx    E Section Name        Object

    0x20000000   COMPRESSED   0x00000001   Data   RW          507    .data               gpio.o
    0x20000001   COMPRESSED   0x00000003   PAD
    0x20000004   COMPRESSED   0x00000040   Data   RW          562    .data               freertos.o
    0x20000044   COMPRESSED   0x00000008   Data   RW          814    .data               stm32f4xx_it.o
    0x2000004c   COMPRESSED   0x00000003   Data   RW         1954    .data               sensoradapter_sdk.o
    0x2000004f   COMPRESSED   0x00000001   PAD
    0x20000050   COMPRESSED   0x00000024   Data   RW         2079    .data               ethernetif.o
    0x20000074   COMPRESSED   0x00000018   Data   RW         2248    .data               lwip.o
    0x2000008c   COMPRESSED   0x00000001   Data   RW         2576    .data               md0130.o
    0x2000008d   COMPRESSED   0x00000003   PAD
    0x20000090   COMPRESSED   0x00000009   Data   RW         3690    .data               stm32f4xx_hal.o
    0x20000099   COMPRESSED   0x00000003   PAD
    0x2000009c   COMPRESSED   0x00000004   Data   RW         7156    .data               system_stm32f4xx.o
    0x200000a0   COMPRESSED   0x0000003c   Data   RW         7829    .data               tasks.o
    0x200000dc   COMPRESSED   0x00000014   Data   RW         8171    .data               timers.o
    0x200000f0   COMPRESSED   0x00000004   Data   RW         8408    .data               cmsis_os2.o
    0x200000f4   COMPRESSED   0x00000020   Data   RW         8870    .data               heap_4.o
    0x20000114   COMPRESSED   0x0000000c   Data   RW         8926    .data               port.o
    0x20000120   COMPRESSED   0x00000010   Data   RW        10716    .data               tcpip.o
    0x20000130   COMPRESSED   0x00000010   Data   RW        11108    .data               mem.o
    0x20000140   COMPRESSED   0x00000030   Data   RW        11180    .data               memp.o
    0x20000170   COMPRESSED   0x00000009   Data   RW        11314    .data               netif.o
    0x20000179   COMPRESSED   0x00000001   Data   RW        11508    .data               pbuf.o
    0x2000017a   COMPRESSED   0x00000002   PAD
    0x2000017c   COMPRESSED   0x00000020   Data   RW        11825    .data               tcp.o
    0x2000019c   COMPRESSED   0x00000028   Data   RW        12113    .data               tcp_in.o
    0x200001c4   COMPRESSED   0x0000000c   Data   RW        12361    .data               timeouts.o
    0x200001d0   COMPRESSED   0x00000001   Data   RW        12508    .data               etharp.o
    0x200001d1   COMPRESSED   0x00000001   PAD
    0x200001d2   COMPRESSED   0x00000002   Data   RW        12663    .data               ip4.o
    0x200001d4   COMPRESSED   0x00000006   Data   RW        12791    .data               ip4_frag.o
    0x200001da   COMPRESSED   0x00000002   PAD
    0x200001dc   COMPRESSED   0x00000008   Data   RW        13073    .data               sys_arch.o
    0x200001e4   COMPRESSED   0x000000c1   Data   RW        13477    .data               mb.o
    0x200002a5   COMPRESSED   0x00000001   PAD
    0x200002a6   COMPRESSED   0x00000002   Data   RW        13742    .data               mbfuncother.o
    0x200002a8   COMPRESSED   0x00000004   Data   RW        13815    .data               portevent.o
    0x200002ac   COMPRESSED   0x0000000a   Data   RW        13895    .data               porttcp.o
    0x200002b6   COMPRESSED   0x00000050   Data   RW        14024    .data               mbport.o
    0x20000306   COMPRESSED   0x00000002   PAD
    0x20000308   COMPRESSED   0x00000006   Data   RW        14293    .data               ff.o
    0x2000030e   COMPRESSED   0x00000002   PAD
    0x20000310   COMPRESSED   0x00000008   Data   RW        14848    .data               sd_diskio.o
    0x20000318   COMPRESSED   0x00000005   Data   RW        14918    .data               fatfs.o
    0x2000031d   COMPRESSED   0x00000003   PAD
    0x20000320   COMPRESSED   0x00000004   Data   RW        14987    .data               mc_w.l(rand.o)
    0x20000324   COMPRESSED   0x00000004   Data   RW        15306    .data               mc_w.l(stdout.o)
    0x20000328        -       0x00000632   Zero   RW          559    .bss                freertos.o
    0x2000095a   COMPRESSED   0x00000002   PAD
    0x2000095c        -       0x00000090   Zero   RW          725    .bss                usart.o
    0x200009ec        -       0x00000048   Zero   RW          936    .bss                stm32f4xx_hal_timebase_tim.o
    0x20000a34        -       0x0000000c   Zero   RW         1521    .bss                iwdg.o
    0x20000a40        -       0x00000058   Zero   RW         1713    .bss                spi.o
    0x20000a98        -       0x00000090   Zero   RW         1761    .bss                tim.o
    0x20000b28        -       0x00000020   Zero   RW         1809    .bss                rtc.o
    0x20000b48        -       0x00000048   Zero   RW         1856    .bss                adc.o
    0x20000b90        -       0x00000084   Zero   RW         1898    .bss                sdio.o
    0x20000c14   COMPRESSED   0x00000004   PAD
    0x20000c18        -       0x00004e20   Zero   RW         1953    .bss                sensoradapter_sdk.o
    0x20005a38        -       0x00004bcc   Zero   RW         2077    .bss                ethernetif.o
    0x2000a604        -       0x00000058   Zero   RW         2247    .bss                lwip.o
    0x2000a65c        -       0x00000054   Zero   RW         2401    .bss                at24c02.o
    0x2000a6b0        -       0x00002d00   Zero   RW         2574    .bss                md0130.o
    0x2000d3b0        -       0x00000040   Zero   RW         7394    .bss                queue.o
    0x2000d3f0        -       0x000004c4   Zero   RW         7828    .bss                tasks.o
    0x2000d8b4        -       0x00000118   Zero   RW         8170    .bss                timers.o
    0x2000d9cc        -       0x000006b8   Zero   RW         8407    .bss                cmsis_os2.o
    0x2000e084        -       0x00003c00   Zero   RW         8869    .bss                heap_4.o
    0x20011c84        -       0x00000018   Zero   RW        11074    .bss                ip.o
    0x20011c9c        -       0x00000653   Zero   RW        11107    .bss                mem.o
    0x200122ef        -       0x00003008   Zero   RW        11178    .bss                memp.o
    0x200152f7   COMPRESSED   0x00000001   PAD
    0x200152f8        -       0x00000010   Zero   RW        12112    .bss                tcp_in.o
    0x20015308        -       0x000000f0   Zero   RW        12506    .bss                etharp.o
    0x200153f8        -       0x000000d2   Zero   RW        13476    .bss                mb.o
    0x200154ca        -       0x00000020   Zero   RW        13741    .bss                mbfuncother.o
    0x200154ea        -       0x00000107   Zero   RW        13894    .bss                porttcp.o
    0x200155f1   COMPRESSED   0x00000003   PAD
    0x200155f4        -       0x0000000c   Zero   RW        14169    .bss                ff_gen_drv.o
    0x20015600        -       0x00000020   Zero   RW        14291    .bss                ff.o
    0x20015620        -       0x00000400   Zero   RW            1    STACK               startup_stm32f407xx.o


    Execution Region RW_IRAM2 (Exec base: 0x2001c000, Load base: 0x0802cac0, Size: 0x00000000, Max: 0x00004000, ABSOLUTE)

    **** No section assigned to this execution region ****


==============================================================================

Image component sizes


      Code (inc. data)   RO Data    RW Data    ZI Data      Debug   Object Name

       260         26          0          0         72       1869   adc.o
         0          0          0          0          0       7087   api_lib.o
         0          0          0          0          0       4623   api_msg.o
       654         32          0          0         84       5021   at24c02.o
         0          0          0          0          0       5947   bridgeif.o
       204         26          0          0          0       4952   bsp_driver_sd.o
      2338         68          0          4       1720      82904   cmsis_os2.o
        38          0          0          0          0       1210   def.o
       212         26          0          0          0       4093   diskio.o
       500          0          0          0          0       2966   dp83848.o
       112         18          0          0          0     854861   entry.o
         0          0          0          0          0       1852   err.o
      3820       1206         65          1        240      12767   etharp.o
       456        154         12          0          0       2886   ethernet.o
      1860        264         12         36      19404      24638   ethernetif.o
       844         12          0          0          0      29209   event_groups.o
         4          0          0          5          0       1144   fatfs.o
         4          0          0          0          0        569   fatfs_platform.o
      6488         84        156          6         32      43263   ff.o
       102          6          0          0         12       6283   ff_gen_drv.o
      3596        744      47515         64       1586      28771   freertos.o
       532         28          0          1          0       5256   gpio.o
       736         80          0         32      15360       5698   heap_4.o
       944        352          0          0          0       4910   icmp.o
       156         92         65          0          0      10215   init.o
         0          0          0          0         24       3290   ip.o
      1062        182          0          2          0       5896   ip4.o
        78          0          8          0          0       8826   ip4_addr.o
      3562       1192          0          6          0      13042   ip4_frag.o
        40         10          0          0         12        859   iwdg.o
       148          0          0          0          0       3778   list.o
       610         56          0         24         88       2324   lwip.o
       374         34          0          0          0       5363   main.o
       636         96          0        193        210       6112   mb.o
       430          0          0          0          0       4026   mbfunccoils.o
       374          0          0          0          0       4650   mbfuncconfigadapter.o
       172          0          0          0          0       1708   mbfuncdisc.o
       528          0          0          0          0       5331   mbfuncholding.o
       132          0          0          0          0       1655   mbfuncinput.o
        40         10          0          2         32       1511   mbfuncother.o
       566         34          0         80          0       9802   mbport.o
       142          0          0          0          0       4183   mbtcp.o
        34          0          0          0          0        652   mbutils.o
      1626         62      13300          1      11520      14579   md0130.o
      2656       1098          0         16       1619       8645   mem.o
      1128        720        192         48      12296      13458   memp.o
       600          0          0          0          0       6675   mpu6050.o
      2068        998          0          9          0      16794   netif.o
      4010       1802          0          1          0      18073   pbuf.o
       894         78          0         12          0      11184   port.o
        76         22          0          4          0       2429   portevent.o
       666        144          0         10        263      19148   porttcp.o
      3432         30          0          0         64      31900   queue.o
       436         42          0          0         32       2836   rtc.o
       562         38         20          8          0       6798   sd_diskio.o
       236         26          0          0        132       1837   sdio.o
       560         52          0          3      20000       5622   sensoradapter_sdk.o
       376         32          0          0          0       1441   sht30.o
       704         84          0          0          0       5913   simulate.o
       676         52          0          0          0       5963   simulate2.o
       312         32          0          0         88       2503   spi.o
        36          8        392          0       1024        872   startup_stm32f407xx.o
       136         24          0          9          0       8962   stm32f4xx_hal.o
      1898         80          0          0          0       7681   stm32f4xx_hal_adc.o
         2          0          0          0          0       1077   stm32f4xx_hal_adc_ex.o
       260         22          0          0          0      33770   stm32f4xx_hal_cortex.o
       408          0          0          0          0       4417   stm32f4xx_hal_dma.o
      3550         78          0          0          0      21848   stm32f4xx_hal_eth.o
       576         50          0          0          0       4275   stm32f4xx_hal_gpio.o
      3464         58          0          0          0      14213   stm32f4xx_hal_i2c.o
       108          0          0          0          0       1979   stm32f4xx_hal_iwdg.o
        84          6          0          0          0        930   stm32f4xx_hal_msp.o
        28         10          0          0          0       1143   stm32f4xx_hal_pwr.o
      1888         94          0          0          0       6545   stm32f4xx_hal_rcc.o
       416         20          0          0          0       1472   stm32f4xx_hal_rcc_ex.o
      1000         26          0          0          0       8365   stm32f4xx_hal_rtc.o
       422         14          0          0          0       4188   stm32f4xx_hal_rtc_ex.o
      2900         64          0          0          0      15775   stm32f4xx_hal_sd.o
      1366         20          0          0          0       6879   stm32f4xx_hal_spi.o
      1466        106          0          0          0      11752   stm32f4xx_hal_tim.o
       184         30          0          0          0       2661   stm32f4xx_hal_tim_ex.o
       160         20          0          0         72       1535   stm32f4xx_hal_timebase_tim.o
      2284         14          0          0          0      12772   stm32f4xx_hal_uart.o
       244         72          0          8          0       8182   stm32f4xx_it.o
      2090         46          0          0          0      24990   stm32f4xx_ll_sdmmc.o
         0          0          0          0          0        396   stream_buffer.o
       316         18          0          8          0      13156   sys_arch.o
        84          0          0          0          0       3660   syscall.o
        20          6         24          4          0       1235   system_stm32f4xx.o
      3992        474          0         60       1220      37939   tasks.o
      8954       3990        197         32          0      43505   tcp.o
      9228       2264          0         40         16      23519   tcp_in.o
     10098       4076         85          0          0      34830   tcp_out.o
      1264        682          0         16          0       8552   tcpip.o
       308         22          0          0        144       2539   tim.o
      1048        492         28         12          0       7967   timeouts.o
      1672        128          0         20        280      38587   timers.o
       536         42          0          0        144      11968   usart.o

    ----------------------------------------------------------------------
    116426      23200      62120        800      87800    1845936   Object Totals
         0          0         32          0          0          0   (incl. Generated)
       130          0         17         23         10          0   (incl. Padding)

    ----------------------------------------------------------------------

      Code (inc. data)   RO Data    RW Data    ZI Data      Debug   Library Member Name

        86          0          0          0          0          0   __dczerorl2.o
         0          0          0          0          0          0   entry.o
         0          0          0          0          0          0   entry10a.o
         0          0          0          0          0          0   entry11a.o
         4          0          0          0          0          0   entry12b.o
         8          4          0          0          0          0   entry2.o
         4          0          0          0          0          0   entry5.o
         0          0          0          0          0          0   entry7b.o
         0          0          0          0          0          0   entry8b.o
         8          4          0          0          0          0   entry9a.o
        18          0          0          0          0         80   fputc.o
        30          0          0          0          0          0   handlers.o
        36          8          0          0          0         68   init.o
         0          0          0          0          0          0   iusefp.o
         0          0          0          0          0          0   iusesemip.o
        30          0          0          0          0         68   llshl.o
        36          0          0          0          0         68   llsshr.o
        32          0          0          0          0         68   llushr.o
        26          0          0          0          0         80   memcmp.o
        64          0          0          0          0         76   memmovea.o
        36          0          0          0          0        108   memseta.o
      2304        102          0          0          0        696   printfa.o
        36         10          0          4          0        136   rand.o
         0          0          0          0          0          0   semi.o
         0          0          0          4          0          0   stdout.o
        18          0          0          0          0         68   strcpy.o
        14          0          0          0          0         68   strlen.o
        24          0          0          0          0         76   strncpy.o
        44          0          0          0          0         80   uidiv.o
        98          0          0          0          0         92   uldiv.o
        48          0          0          0          0         68   cdrcmple.o
        56          0          0          0          0         88   d2f.o
       334          0          0          0          0        148   dadd.o
       222          0          0          0          0        100   ddiv.o
       186          0          0          0          0        176   depilogue.o
        48          0          0          0          0         68   dfixul.o
        26          0          0          0          0         76   dfltui.o
       228          0          0          0          0         96   dmul.o
        38          0          0          0          0         68   f2d.o
       110          0          0          0          0        168   fepilogue.o

    ----------------------------------------------------------------------
      4258        128          0          8          0       2888   Library Totals
         6          0          0          0          0          0   (incl. Padding)

    ----------------------------------------------------------------------

      Code (inc. data)   RO Data    RW Data    ZI Data      Debug   Library Name

      2956        128          0          8          0       1832   mc_w.l
      1296          0          0          0          0       1056   mf_w.l

    ----------------------------------------------------------------------
      4258        128          0          8          0       2888   Library Totals

    ----------------------------------------------------------------------

==============================================================================


      Code (inc. data)   RO Data    RW Data    ZI Data      Debug   

    120684      23328      62120        808      87800    1771648   Grand Totals
    120684      23328      62120        172      87800    1771648   ELF Image Totals (compressed)
    120684      23328      62120        172          0          0   ROM Totals

==============================================================================

    Total RO  Size (Code + RO Data)               182804 ( 178.52kB)
    Total RW  Size (RW Data + ZI Data)             88608 (  86.53kB)
    Total ROM Size (Code + RO Data + RW Data)     182976 ( 178.69kB)

==============================================================================

