Component: ARM Compiler 5.06 update 7 (build 960) Tool: armlink [4d3601]

==============================================================================

Section Cross References

    startup_stm32f407xx.o(RESET) refers to startup_stm32f407xx.o(STACK) for __initial_sp
    startup_stm32f407xx.o(RESET) refers to startup_stm32f407xx.o(.text) for Reset_Handler
    startup_stm32f407xx.o(RESET) refers to stm32f4xx_it.o(i.NMI_Handler) for NMI_Handler
    startup_stm32f407xx.o(RESET) refers to stm32f4xx_it.o(i.HardFault_Handler) for HardFault_Handler
    startup_stm32f407xx.o(RESET) refers to stm32f4xx_it.o(i.MemManage_Handler) for MemManage_Handler
    startup_stm32f407xx.o(RESET) refers to stm32f4xx_it.o(i.BusFault_Handler) for BusFault_Handler
    startup_stm32f407xx.o(RESET) refers to stm32f4xx_it.o(i.UsageFault_Handler) for UsageFault_Handler
    startup_stm32f407xx.o(RESET) refers to port.o(.emb_text) for SVC_Handler
    startup_stm32f407xx.o(RESET) refers to stm32f4xx_it.o(i.DebugMon_Handler) for DebugMon_Handler
    startup_stm32f407xx.o(RESET) refers to cmsis_os2.o(i.SysTick_Handler) for SysTick_Handler
    startup_stm32f407xx.o(RESET) refers to stm32f4xx_it.o(i.RTC_WKUP_IRQHandler) for RTC_WKUP_IRQHandler
    startup_stm32f407xx.o(RESET) refers to stm32f4xx_it.o(i.EXTI3_IRQHandler) for EXTI3_IRQHandler
    startup_stm32f407xx.o(RESET) refers to stm32f4xx_it.o(i.ADC_IRQHandler) for ADC_IRQHandler
    startup_stm32f407xx.o(RESET) refers to stm32f4xx_it.o(i.TIM1_UP_TIM10_IRQHandler) for TIM1_UP_TIM10_IRQHandler
    startup_stm32f407xx.o(RESET) refers to stm32f4xx_it.o(i.SPI2_IRQHandler) for SPI2_IRQHandler
    startup_stm32f407xx.o(RESET) refers to main.o(i.USART1_IRQHandler) for USART1_IRQHandler
    startup_stm32f407xx.o(RESET) refers to main.o(i.USART2_IRQHandler) for USART2_IRQHandler
    startup_stm32f407xx.o(RESET) refers to stm32f4xx_it.o(i.EXTI15_10_IRQHandler) for EXTI15_10_IRQHandler
    startup_stm32f407xx.o(RESET) refers to stm32f4xx_it.o(i.ETH_IRQHandler) for ETH_IRQHandler
    startup_stm32f407xx.o(.text) refers to system_stm32f4xx.o(i.SystemInit) for SystemInit
    startup_stm32f407xx.o(.text) refers to entry.o(.ARM.Collect$$$$00000000) for __main
    entry.o(i.main) refers to sensoradapter_sdk.o(i.sdk_sysInit) for sdk_sysInit
    entry.o(i.main) refers to sensoradapter_sdk.o(i.sdk_startIWDG) for sdk_startIWDG
    entry.o(i.main) refers to sensoradapter_sdk.o(i.sdk_rs485Init) for sdk_rs485Init
    entry.o(i.main) refers to sensoradapter_sdk.o(i.sdk_startMain) for sdk_startMain
    entry.o(i.main) refers to entry.o(i.userDef_main) for userDef_main
    entry.o(i.sdk_MBCallBack) refers to stm32f4xx_hal_gpio.o(i.HAL_GPIO_TogglePin) for HAL_GPIO_TogglePin
    entry.o(i.userDef_main) refers to sensoradapter_sdk.o(i.sdk_addLog) for sdk_addLog
    entry.o(i.userDef_main) refers to sensoradapter_sdk.o(i.sdk_addDataToReg) for sdk_addDataToReg
    entry.o(i.userDef_main) refers to sensoradapter_sdk.o(i.sdk_delayMs) for sdk_delayMs
    main.o(i.HAL_TIM_PeriodElapsedCallback) refers to stm32f4xx_hal.o(i.HAL_IncTick) for HAL_IncTick
    main.o(i.SystemClock_Config) refers to memseta.o(.text) for __aeabi_memclr4
    main.o(i.SystemClock_Config) refers to stm32f4xx_hal_rcc.o(i.HAL_RCC_OscConfig) for HAL_RCC_OscConfig
    main.o(i.SystemClock_Config) refers to main.o(i.Error_Handler) for Error_Handler
    main.o(i.SystemClock_Config) refers to stm32f4xx_hal_rcc.o(i.HAL_RCC_ClockConfig) for HAL_RCC_ClockConfig
    main.o(i.USART1_IRQHandler) refers to stm32f4xx_hal_uart.o(i.HAL_UART_IRQHandler) for HAL_UART_IRQHandler
    main.o(i.USART1_IRQHandler) refers to usart.o(.bss) for huart1
    main.o(i.USART2_IRQHandler) refers to stm32f4xx_hal_uart.o(i.HAL_UART_IRQHandler) for HAL_UART_IRQHandler
    main.o(i.USART2_IRQHandler) refers to usart.o(.bss) for huart2
    main.o(i.delayUs) refers to stm32f4xx_hal_tim.o(i.HAL_TIM_Base_Start) for HAL_TIM_Base_Start
    main.o(i.delayUs) refers to stm32f4xx_hal_tim.o(i.HAL_TIM_Base_Stop) for HAL_TIM_Base_Stop
    main.o(i.delayUs) refers to tim.o(.bss) for htim2
    main.o(i.delayUs2) refers to stm32f4xx_hal_tim.o(i.HAL_TIM_Base_Start) for HAL_TIM_Base_Start
    main.o(i.delayUs2) refers to stm32f4xx_hal_tim.o(i.HAL_TIM_Base_Stop) for HAL_TIM_Base_Stop
    main.o(i.delayUs2) refers to tim.o(.bss) for htim3
    gpio.o(i.HAL_GPIO_EXTI_Callback) refers to tasks.o(i.xTaskResumeFromISR) for xTaskResumeFromISR
    gpio.o(i.HAL_GPIO_EXTI_Callback) refers to md0130.o(i.atk_md0130_display_off) for atk_md0130_display_off
    gpio.o(i.HAL_GPIO_EXTI_Callback) refers to md0130.o(i.atk_md0130_display_on) for atk_md0130_display_on
    gpio.o(i.HAL_GPIO_EXTI_Callback) refers to md0130.o(.data) for lcdDisplayStat
    gpio.o(i.HAL_GPIO_EXTI_Callback) refers to freertos.o(.data) for LCD_taskHandle
    gpio.o(i.HAL_GPIO_EXTI_Callback) refers to gpio.o(.data) for Toflag
    gpio.o(i.MX_GPIO_Init) refers to memseta.o(.text) for __aeabi_memclr4
[...]
    0x08002a94   0x08002a94   0x00000014   Code   RO         2014    i.HAL_ETH_TxCpltCallback  ethernetif.o
    0x08002aa8   0x08002aa8   0x0000000c   Code   RO         2015    i.HAL_ETH_TxFreeCallback  ethernetif.o
    0x08002ab4   0x08002ab4   0x00000002   Code   RO         4034    i.HAL_ETH_WakeUpCallback  stm32f4xx_hal_eth.o
    0x08002ab6   0x08002ab6   0x00000068   Code   RO         4035    i.HAL_ETH_WritePHYRegister  stm32f4xx_hal_eth.o
    0x08002b1e   0x08002b1e   0x00000002   PAD
    0x08002b20   0x08002b20   0x0000006c   Code   RO          472    i.HAL_GPIO_EXTI_Callback  gpio.o
    0x08002b8c   0x08002b8c   0x0000001c   Code   RO         3190    i.HAL_GPIO_EXTI_IRQHandler  stm32f4xx_hal_gpio.o
    0x08002ba8   0x08002ba8   0x000001f4   Code   RO         3191    i.HAL_GPIO_Init     stm32f4xx_hal_gpio.o
    0x08002d9c   0x08002d9c   0x00000010   Code   RO         3193    i.HAL_GPIO_ReadPin  stm32f4xx_hal_gpio.o
    0x08002dac   0x08002dac   0x00000014   Code   RO         3194    i.HAL_GPIO_TogglePin  stm32f4xx_hal_gpio.o
    0x08002dc0   0x08002dc0   0x0000000c   Code   RO         3195    i.HAL_GPIO_WritePin  stm32f4xx_hal_gpio.o
    0x08002dcc   0x08002dcc   0x0000000c   Code   RO         3734    i.HAL_GetTick       stm32f4xx_hal.o
    0x08002dd8   0x08002dd8   0x00000008   Code   RO         6451    i.HAL_I2C_GetState  stm32f4xx_hal_i2c.o
    0x08002de0   0x08002de0   0x000001d0   Code   RO         6452    i.HAL_I2C_Init      stm32f4xx_hal_i2c.o
    0x08002fb0   0x08002fb0   0x000001b8   Code   RO         6453    i.HAL_I2C_IsDeviceReady  stm32f4xx_hal_i2c.o
    0x08003168   0x08003168   0x00000308   Code   RO         6470    i.HAL_I2C_Mem_Read  stm32f4xx_hal_i2c.o
    0x08003470   0x08003470   0x00000164   Code   RO         6473    i.HAL_I2C_Mem_Write  stm32f4xx_hal_i2c.o
    0x080035d4   0x080035d4   0x000000bc   Code   RO         2452    i.HAL_I2C_MspInit   at24c02.o
    0x08003690   0x08003690   0x0000005e   Code   RO         5687    i.HAL_IWDG_Init     stm32f4xx_hal_iwdg.o
    0x080036ee   0x080036ee   0x0000000e   Code   RO         5688    i.HAL_IWDG_Refresh  stm32f4xx_hal_iwdg.o
    0x080036fc   0x080036fc   0x00000018   Code   RO         3740    i.HAL_IncTick       stm32f4xx_hal.o
    0x08003714   0x08003714   0x0000003c   Code   RO         3741    i.HAL_Init          stm32f4xx_hal.o
    0x08003750   0x08003750   0x000000a0   Code   RO          922    i.HAL_InitTick      stm32f4xx_hal_timebase_tim.o
    0x080037f0   0x080037f0   0x00000054   Code   RO          898    i.HAL_MspInit       stm32f4xx_hal_msp.o
    0x08003844   0x08003844   0x00000028   Code   RO         3581    i.HAL_NVIC_EnableIRQ  stm32f4xx_hal_cortex.o
    0x0800386c   0x0800386c   0x0000007c   Code   RO         3587    i.HAL_NVIC_SetPriority  stm32f4xx_hal_cortex.o
    0x080038e8   0x080038e8   0x00000028   Code   RO         3588    i.HAL_NVIC_SetPriorityGrouping  stm32f4xx_hal_cortex.o
    0x08003910   0x08003910   0x0000001c   Code   RO         3408    i.HAL_PWR_EnableBkUpAccess  stm32f4xx_hal_pwr.o
    0x0800392c   0x0800392c   0x000001a0   Code   RO         2897    i.HAL_RCCEx_PeriphCLKConfig  stm32f4xx_hal_rcc_ex.o
    0x08003acc   0x08003acc   0x00000184   Code   RO         2792    i.HAL_RCC_ClockConfig  stm32f4xx_hal_rcc.o
    0x08003c50   0x08003c50   0x00000044   Code   RO         2796    i.HAL_RCC_GetClockConfig  stm32f4xx_hal_rcc.o
    0x08003c94   0x08003c94   0x0000000c   Code   RO         2797    i.HAL_RCC_GetHCLKFreq  stm32f4xx_hal_rcc.o
    0x08003ca0   0x08003ca0   0x00000020   Code   RO         2799    i.HAL_RCC_GetPCLK1Freq  stm32f4xx_hal_rcc.o
    0x08003cc0   0x08003cc0   0x00000020   Code   RO         2800    i.HAL_RCC_GetPCLK2Freq  stm32f4xx_hal_rcc.o
    0x08003ce0   0x08003ce0   0x000000b0   Code   RO         2801    i.HAL_RCC_GetSysClockFreq  stm32f4xx_hal_rcc.o
    0x08003d90   0x08003d90   0x0000049c   Code   RO         2804    i.HAL_RCC_OscConfig  stm32f4xx_hal_rcc.o
    0x0800422c   0x0800422c   0x00000012   Code   RO         6214    i.HAL_RTCEx_BKUPRead  stm32f4xx_hal_rtc_ex.o
    0x0800423e   0x0800423e   0x00000012   Code   RO         6215    i.HAL_RTCEx_BKUPWrite  stm32f4xx_hal_rtc_ex.o
    0x08004250   0x08004250   0x00000148   Code   RO         6241    i.HAL_RTCEx_SetWakeUpTimer_IT  stm32f4xx_hal_rtc_ex.o
    0x08004398   0x08004398   0x00000002   Code   RO         6246    i.HAL_RTCEx_WakeUpTimerEventCallback  stm32f4xx_hal_rtc_ex.o
    0x0800439a   0x0800439a   0x00000002   PAD
    0x0800439c   0x0800439c   0x00000038   Code   RO         6247    i.HAL_RTCEx_WakeUpTimerIRQHandler  stm32f4xx_hal_rtc_ex.o
    0x080043d4   0x080043d4   0x0000004c   Code   RO         6049    i.HAL_RTC_GetDate   stm32f4xx_hal_rtc.o
    0x08004420   0x08004420   0x0000005c   Code   RO         6051    i.HAL_RTC_GetTime   stm32f4xx_hal_rtc.o
    0x0800447c   0x0800447c   0x000000b4   Code   RO         6052    i.HAL_RTC_Init      stm32f4xx_hal_rtc.o
    0x08004530   0x08004530   0x0000004c   Code   RO         1795    i.HAL_RTC_MspInit   rtc.o
    0x0800457c   0x0800457c   0x000000c0   Code   RO         6058    i.HAL_RTC_SetDate   stm32f4xx_hal_rtc.o
    0x0800463c   0x0800463c   0x000000ec   Code   RO         6059    i.HAL_RTC_SetTime   stm32f4xx_hal_rtc.o
    0x08004728   0x08004728   0x00000038   Code   RO         6060    i.HAL_RTC_WaitForSynchro  stm32f4xx_hal_rtc.o
    0x08004760   0x08004760   0x000000c8   Code   RO          964    i.HAL_SD_ConfigWideBusOperation  stm32f4xx_hal_sd.o
    0x08004828   0x08004828   0x000001c8   Code   RO          969    i.HAL_SD_GetCardCSD  stm32f4xx_hal_sd.o
    0x080049f0   0x080049f0   0x00000026   Code   RO          970    i.HAL_SD_GetCardInfo  stm32f4xx_hal_sd.o
    0x08004a16   0x08004a16   0x00000024   Code   RO          971    i.HAL_SD_GetCardState  stm32f4xx_hal_sd.o
    0x08004a3a   0x08004a3a   0x0000003c   Code   RO          976    i.HAL_SD_Init       stm32f4xx_hal_sd.o
    0x08004a76   0x08004a76   0x00000002   PAD
    0x08004a78   0x08004a78   0x000000b0   Code   RO          977    i.HAL_SD_InitCard   stm32f4xx_hal_sd.o
    0x08004b28   0x08004b28   0x00000002   Code   RO          979    i.HAL_SD_MspInit    stm32f4xx_hal_sd.o
    0x08004b2a   0x08004b2a   0x00000002   PAD
    0x08004b2c   0x08004b2c   0x000002a4   Code   RO          980    i.HAL_SD_ReadBlocks  stm32f4xx_hal_sd.o
    0x08004dd0   0x08004dd0   0x0000023c   Code   RO          985    i.HAL_SD_WriteBlocks  stm32f4xx_hal_sd.o
    0x0800500c   0x0800500c   0x00000002   Code   RO         5724    i.HAL_SPI_ErrorCallback  stm32f4xx_hal_spi.o
    0x0800500e   0x0800500e   0x00000002   PAD
    0x08005010   0x08005010   0x0000015c   Code   RO         5727    i.HAL_SPI_IRQHandler  stm32f4xx_hal_spi.o
    0x0800516c   0x0800516c   0x000000c8   Code   RO         5728    i.HAL_SPI_Init      stm32f4xx_hal_spi.o
    0x08005234   0x08005234   0x000000d8   Code   RO         1699    i.HAL_SPI_MspInit   spi.o
    0x0800530c   0x0800530c   0x000001bc   Code   RO         5736    i.HAL_SPI_Transmit  stm32f4xx_hal_spi.o
    0x080054c8   0x080054c8   0x00000002   Code   RO         5047    i.HAL_TIMEx_BreakCallback  stm32f4xx_hal_tim_ex.o
    0x080054ca   0x080054ca   0x00000002   Code   RO         5048    i.HAL_TIMEx_CommutCallback  stm32f4xx_hal_tim_ex.o
    0x080054cc   0x080054cc   0x000000b4   Code   RO         5066    i.HAL_TIMEx_MasterConfigSynchronization  stm32f4xx_hal_tim_ex.o
    0x08005580   0x08005580   0x00000066   Code   RO         4332    i.HAL_TIM_Base_Init  stm32f4xx_hal_tim.o
    0x080055e6   0x080055e6   0x00000002   PAD
    0x080055e8   0x080055e8   0x0000005c   Code   RO         1747    i.HAL_TIM_Base_MspInit  tim.o
    0x08005644   0x08005644   0x0000009c   Code   RO         4335    i.HAL_TIM_Base_Start  stm32f4xx_hal_tim.o
    0x080056e0   0x080056e0   0x000000a8   Code   RO         4337    i.HAL_TIM_Base_Start_IT  stm32f4xx_hal_tim.o
    0x08005788   0x08005788   0x00000032   Code   RO         4338    i.HAL_TIM_Base_Stop  stm32f4xx_hal_tim.o
    0x080057ba   0x080057ba   0x0000010c   Code   RO         4341    i.HAL_TIM_ConfigClockSource  stm32f4xx_hal_tim.o
    0x080058c6   0x080058c6   0x00000002   Code   RO         4366    i.HAL_TIM_IC_CaptureCallback  stm32f4xx_hal_tim.o
    0x080058c8   0x080058c8   0x0000016c   Code   RO         4380    i.HAL_TIM_IRQHandler  stm32f4xx_hal_tim.o
    0x08005a34   0x08005a34   0x00000002   Code   RO         4383    i.HAL_TIM_OC_DelayElapsedCallback  stm32f4xx_hal_tim.o
    0x08005a36   0x08005a36   0x00000002   Code   RO         4410    i.HAL_TIM_PWM_PulseFinishedCallback  stm32f4xx_hal_tim.o
    0x08005a38   0x08005a38   0x00000018   Code   RO          407    i.HAL_TIM_PeriodElapsedCallback  main.o
    0x08005a50   0x08005a50   0x00000002   Code   RO         4423    i.HAL_TIM_TriggerCallback  stm32f4xx_hal_tim.o
    0x08005a52   0x08005a52   0x00000002   Code   RO         5326    i.HAL_UARTEx_RxEventCallback  stm32f4xx_hal_uart.o
    0x08005a54   0x08005a54   0x00000002   Code   RO         5340    i.HAL_UART_ErrorCallback  stm32f4xx_hal_uart.o
    0x08005a56   0x08005a56   0x00000014   Code   RO         5342    i.HAL_UART_GetState  stm32f4xx_hal_uart.o
    0x08005a6a   0x08005a6a   0x00000002   PAD
    0x08005a6c   0x08005a6c   0x000002e8   Code   RO         5343    i.HAL_UART_IRQHandler  stm32f4xx_hal_uart.o
    0x08005d54   0x08005d54   0x00000076   Code   RO         5344    i.HAL_UART_Init     stm32f4xx_hal_uart.o
    0x08005dca   0x08005dca   0x00000002   PAD
    0x08005dcc   0x08005dcc   0x00000138   Code   RO          709    i.HAL_UART_MspInit  usart.o
    0x08005f04   0x08005f04   0x00000002   Code   RO         5350    i.HAL_UART_RxCpltCallback  stm32f4xx_hal_uart.o
    0x08005f06   0x08005f06   0x000000be   Code   RO         5352    i.HAL_UART_Transmit  stm32f4xx_hal_uart.o
    0x08005fc4   0x08005fc4   0x00000002   Code   RO         5355    i.HAL_UART_TxCpltCallback  stm32f4xx_hal_uart.o
    0x08005fc6   0x08005fc6   0x0000000c   Code   RO          408    i.Handle            main.o
    0x08005fd2   0x08005fd2   0x00000002   PAD
    0x08005fd4   0x08005fd4   0x00000020   Code   RO          796    i.HardFault_Handler  stm32f4xx_it.o
    0x08005ff4   0x08005ff4   0x0000002c   Code   RO         2453    i.I2C_EE_BufferRead  at24c02.o
    0x08006020   0x08006020   0x0000010e   Code   RO         2454    i.I2C_EE_BufferWrite  at24c02.o
    0x0800612e   0x0800612e   0x00000008   Code   RO         2456    i.I2C_EE_Init       at24c02.o
    0x08006136   0x08006136   0x00000002   PAD
    0x08006138   0x08006138   0x00000054   Code   RO         2457    i.I2C_EE_PageWrite  at24c02.o
    0x0800618c   0x0800618c   0x0000003e   Code   RO         6496    i.I2C_IsAcknowledgeFailed  stm32f4xx_hal_i2c.o
    0x080061ca   0x080061ca   0x00000002   PAD
    0x080061cc   0x080061cc   0x0000003c   Code   RO         2458    i.I2C_Mode_Config   at24c02.o
    0x08006208   0x08006208   0x00000160   Code   RO         6507    i.I2C_RequestMemoryRead  stm32f4xx_hal_i2c.o
    0x08006368   0x08006368   0x000000e0   Code   RO         6508    i.I2C_RequestMemoryWrite  stm32f4xx_hal_i2c.o
    0x08006448   0x08006448   0x00000066   Code   RO         6516    i.I2C_WaitOnBTFFlagUntilTimeout  stm32f4xx_hal_i2c.o
    0x080064ae   0x080064ae   0x000000be   Code   RO         6517    i.I2C_WaitOnFlagUntilTimeout  stm32f4xx_hal_i2c.o
    0x0800656c   0x0800656c   0x000000fa   Code   RO         6518    i.I2C_WaitOnMasterAddressFlagUntilTimeout  stm32f4xx_hal_i2c.o
    0x08006666   0x08006666   0x0000008a   Code   RO         6519    i.I2C_WaitOnRXNEFlagUntilTimeout  stm32f4xx_hal_i2c.o
    0x080066f0   0x080066f0   0x00000066   Code   RO         6522    i.I2C_WaitOnTXEFlagUntilTimeout  stm32f4xx_hal_i2c.o
    0x08006756   0x08006756   0x00000002   PAD
    0x08006758   0x08006758   0x00000048   Code   RO         1620    i.IIC2_Ack          simulate2.o
    0x080067a0   0x080067a0   0x00000030   Code   RO         1621    i.IIC2_Init         simulate2.o
    0x080067d0   0x080067d0   0x00000044   Code   RO         1622    i.IIC2_NAck         simulate2.o
    0x08006814   0x08006814   0x00000060   Code   RO         1623    i.IIC2_Read_Byte    simulate2.o
    0x08006874   0x08006874   0x00000058   Code   RO         1624    i.IIC2_Send_Byte    simulate2.o
    0x080068cc   0x080068cc   0x00000044   Code   RO         1625    i.IIC2_Start        simulate2.o
    0x08006910   0x08006910   0x0000004c   Code   RO         1626    i.IIC2_Stop         simulate2.o
    0x0800695c   0x0800695c   0x00000048   Code   RO         1627    i.IIC2_Wait_Ack     simulate2.o
    0x080069a4   0x080069a4   0x00000048   Code   RO         1539    i.IIC_Ack           simulate.o
    0x080069ec   0x080069ec   0x00000030   Code   RO         1540    i.IIC_Init          simulate.o
    0x08006a1c   0x08006a1c   0x00000044   Code   RO         1541    i.IIC_NAck          simulate.o
    0x08006a60   0x08006a60   0x00000064   Code   RO         1542    i.IIC_Read_Byte     simulate.o
    0x08006ac4   0x08006ac4   0x00000058   Code   RO         1543    i.IIC_Send_Byte     simulate.o
    0x08006b1c   0x08006b1c   0x00000048   Code   RO         1544    i.IIC_Start         simulate.o
    0x08006b64   0x08006b64   0x00000048   Code   RO         1545    i.IIC_Stop          simulate.o
    0x08006bac   0x08006bac   0x00000060   Code   RO         1546    i.IIC_Wait_Ack      simulate.o
    0x08006c0c   0x08006c0c   0x00000058   Code   RO          535    i.IWDG_main         freertos.o
    0x08006c64   0x08006c64   0x00000458   Code   RO          536    i.LCD_main          freertos.o
    0x080070bc   0x080070bc   0x0000007a   Code   RO         2517    i.MPU6050_Init      mpu6050.o
    0x08007136   0x08007136   0x00000002   PAD
    0x08007138   0x08007138   0x00000094   Code   RO          537    i.MPU6050_main      freertos.o
    0x080071cc   0x080071cc   0x00000050   Code   RO         2519    i.MPU_Get_Gyroscope  mpu6050.o
    0x0800721c   0x0800721c   0x0000003a   Code   RO         2521    i.MPU_Read_Byte     mpu6050.o
    0x08007256   0x08007256   0x00000074   Code   RO         2522    i.MPU_Read_Len      mpu6050.o
    0x080072ca   0x080072ca   0x00000010   Code   RO         2523    i.MPU_Set_Accel_Fsr  mpu6050.o
    0x080072da   0x080072da   0x00000010   Code   RO         2524    i.MPU_Set_Gyro_Fsr  mpu6050.o
    0x080072ea   0x080072ea   0x00000042   Code   RO         2525    i.MPU_Set_LPF       mpu6050.o
    0x0800732c   0x0800732c   0x0000003a   Code   RO         2526    i.MPU_Set_Rate      mpu6050.o
    0x08007366   0x08007366   0x00000044   Code   RO         2527    i.MPU_Write_Byte    mpu6050.o
    0x080073aa   0x080073aa   0x00000002   PAD
    0x080073ac   0x080073ac   0x00000074   Code   RO         1844    i.MX_ADC1_Init      adc.o
    0x08007420   0x08007420   0x00000170   Code   RO          538    i.MX_FREERTOS_Init  freertos.o
    0x08007590   0x08007590   0x000001a8   Code   RO          473    i.MX_GPIO_Init      gpio.o
    0x08007738   0x08007738   0x00000028   Code   RO         1509    i.MX_IWDG_Init      iwdg.o
    0x08007760   0x08007760   0x00000260   Code   RO         2188    i.MX_LWIP_Init      lwip.o
    0x080079c0   0x080079c0   0x000000d4   Code   RO         1796    i.MX_RTC_Init       rtc.o
    0x08007a94   0x08007a94   0x00000044   Code   RO         1700    i.MX_SPI2_Init      spi.o
    0x08007ad8   0x08007ad8   0x0000006c   Code   RO         1748    i.MX_TIM2_Init      tim.o
    0x08007b44   0x08007b44   0x0000006c   Code   RO         1749    i.MX_TIM3_Init      tim.o
    0x08007bb0   0x08007bb0   0x0000003c   Code   RO          711    i.MX_USART2_UART_Init  usart.o
    0x08007bec   0x08007bec   0x00000004   Code   RO          797    i.MemManage_Handler  stm32f4xx_it.o
    0x08007bf0   0x08007bf0   0x0000008c   Code   RO          539    i.ModbusTCP_main    freertos.o
    0x08007c7c   0x08007c7c   0x00000004   Code   RO          798    i.NMI_Handler       stm32f4xx_it.o
    0x08007c80   0x08007c80   0x0000054c   Code   RO          540    i.PeriodicLogCallback  freertos.o
    0x080081cc   0x080081cc   0x00000016   Code   RO         6061    i.RTC_Bcd2ToByte    stm32f4xx_hal_rtc.o
    0x080081e2   0x080081e2   0x0000001a   Code   RO         6062    i.RTC_ByteToBcd2    stm32f4xx_hal_rtc.o
    0x080081fc   0x080081fc   0x00000094   Code   RO         1797    i.RTC_CLK_Config    rtc.o
    0x08008290   0x08008290   0x0000004a   Code   RO         6063    i.RTC_EnterInitMode  stm32f4xx_hal_rtc.o
    0x080082da   0x080082da   0x0000002e   Code   RO         6064    i.RTC_ExitInitMode  stm32f4xx_hal_rtc.o
    0x08008308   0x08008308   0x00000010   Code   RO          799    i.RTC_WKUP_IRQHandler  stm32f4xx_it.o
    0x08008318   0x08008318   0x00000144   Code   RO         2761    i.Read_IIC_Data     sht30.o
    0x0800845c   0x0800845c   0x0000002c   Code   RO         1628    i.SDA2_IN           simulate2.o
    0x08008488   0x08008488   0x0000002c   Code   RO         1629    i.SDA2_OUT          simulate2.o
    0x080084b4   0x080084b4   0x0000002c   Code   RO         1547    i.SDA_IN            simulate.o
    0x080084e0   0x080084e0   0x0000002c   Code   RO         1548    i.SDA_OUT           simulate.o
    0x0800850c   0x0800850c   0x0000002c   Code   RO         1216    i.SDIO_ConfigData   stm32f4xx_ll_sdmmc.o
    0x08008538   0x08008538   0x00000008   Code   RO         1217    i.SDIO_GetCommandResponse  stm32f4xx_ll_sdmmc.o
    0x08008540   0x08008540   0x0000000a   Code   RO         1220    i.SDIO_GetPowerState  stm32f4xx_ll_sdmmc.o
    0x0800854a   0x0800854a   0x0000000c   Code   RO         1221    i.SDIO_GetResponse  stm32f4xx_ll_sdmmc.o
    0x08008556   0x08008556   0x00000034   Code   RO         1222    i.SDIO_Init         stm32f4xx_ll_sdmmc.o
    0x0800858a   0x0800858a   0x0000000a   Code   RO         1224    i.SDIO_PowerState_ON  stm32f4xx_ll_sdmmc.o
    0x08008594   0x08008594   0x00000008   Code   RO         1225    i.SDIO_ReadFIFO     stm32f4xx_ll_sdmmc.o
    0x0800859c   0x0800859c   0x00000028   Code   RO         1226    i.SDIO_SendCommand  stm32f4xx_ll_sdmmc.o
    0x080085c4   0x080085c4   0x0000000c   Code   RO         1228    i.SDIO_WriteFIFO    stm32f4xx_ll_sdmmc.o
    0x080085d0   0x080085d0   0x00000038   Code   RO         1229    i.SDMMC_CmdAppCommand  stm32f4xx_ll_sdmmc.o
    0x08008608   0x08008608   0x0000003c   Code   RO         1230    i.SDMMC_CmdAppOperCommand  stm32f4xx_ll_sdmmc.o
    0x08008644   0x08008644   0x00000038   Code   RO         1231    i.SDMMC_CmdBlockLength  stm32f4xx_ll_sdmmc.o
    0x0800867c   0x0800867c   0x00000038   Code   RO         1232    i.SDMMC_CmdBusWidth  stm32f4xx_ll_sdmmc.o
    0x080086b4   0x080086b4   0x0000002c   Code   RO         1236    i.SDMMC_CmdGoIdleState  stm32f4xx_ll_sdmmc.o
    0x080086e0   0x080086e0   0x00000034   Code   RO         1238    i.SDMMC_CmdOperCond  stm32f4xx_ll_sdmmc.o
    0x08008714   0x08008714   0x00000038   Code   RO         1239    i.SDMMC_CmdReadMultiBlock  stm32f4xx_ll_sdmmc.o
    0x0800874c   0x0800874c   0x00000038   Code   RO         1240    i.SDMMC_CmdReadSingleBlock  stm32f4xx_ll_sdmmc.o
    0x08008784   0x08008784   0x0000003a   Code   RO         1243    i.SDMMC_CmdSelDesel  stm32f4xx_ll_sdmmc.o
    0x080087be   0x080087be   0x00000032   Code   RO         1244    i.SDMMC_CmdSendCID  stm32f4xx_ll_sdmmc.o
    0x080087f0   0x080087f0   0x00000032   Code   RO         1245    i.SDMMC_CmdSendCSD  stm32f4xx_ll_sdmmc.o
    0x08008822   0x08008822   0x00000038   Code   RO         1247    i.SDMMC_CmdSendSCR  stm32f4xx_ll_sdmmc.o
    0x0800885a   0x0800885a   0x00000038   Code   RO         1248    i.SDMMC_CmdSendStatus  stm32f4xx_ll_sdmmc.o
    0x08008892   0x08008892   0x00000038   Code   RO         1249    i.SDMMC_CmdSetRelAdd  stm32f4xx_ll_sdmmc.o
    0x080088ca   0x080088ca   0x00000002   PAD
    0x080088cc   0x080088cc   0x0000003c   Code   RO         1252    i.SDMMC_CmdStopTransfer  stm32f4xx_ll_sdmmc.o
    0x08008908   0x08008908   0x00000038   Code   RO         1254    i.SDMMC_CmdWriteMultiBlock  stm32f4xx_ll_sdmmc.o
    0x08008940   0x08008940   0x00000038   Code   RO         1255    i.SDMMC_CmdWriteSingleBlock  stm32f4xx_ll_sdmmc.o
    0x08008978   0x08008978   0x00000040   Code   RO         1256    i.SDMMC_GetCmdError  stm32f4xx_ll_sdmmc.o
    0x080089b8   0x080089b8   0x000001ac   Code   RO         1257    i.SDMMC_GetCmdResp1  stm32f4xx_ll_sdmmc.o
    0x08008b64   0x08008b64   0x00000064   Code   RO         1258    i.SDMMC_GetCmdResp2  stm32f4xx_ll_sdmmc.o
    0x08008bc8   0x08008bc8   0x00000058   Code   RO         1259    i.SDMMC_GetCmdResp3  stm32f4xx_ll_sdmmc.o
    0x08008c20   0x08008c20   0x000000b8   Code   RO         1260    i.SDMMC_GetCmdResp6  stm32f4xx_ll_sdmmc.o
    0x08008cd8   0x08008cd8   0x0000006c   Code   RO         1261    i.SDMMC_GetCmdResp7  stm32f4xx_ll_sdmmc.o
    0x08008d44   0x08008d44   0x0000014c   Code   RO          993    i.SD_FindSCR        stm32f4xx_hal_sd.o
    0x08008e90   0x08008e90   0x00000102   Code   RO          994    i.SD_InitCard       stm32f4xx_hal_sd.o
    0x08008f92   0x08008f92   0x00000002   PAD
    0x08008f94   0x08008f94   0x000000cc   Code   RO          996    i.SD_PowerON        stm32f4xx_hal_sd.o
    0x08009060   0x08009060   0x00000030   Code   RO          999    i.SD_SendStatus     stm32f4xx_hal_sd.o
    0x08009090   0x08009090   0x00000068   Code   RO         1000    i.SD_WideBus_Disable  stm32f4xx_hal_sd.o
    0x080090f8   0x080090f8   0x00000068   Code   RO         1001    i.SD_WideBus_Enable  stm32f4xx_hal_sd.o
    0x08009160   0x08009160   0x00000028   Code   RO        14652    i.SD_initialize     sd_diskio.o
    0x08009188   0x08009188   0x00000068   Code   RO        14653    i.SD_ioctl          sd_diskio.o
    0x080091f0   0x080091f0   0x00000048   Code   RO        14654    i.SD_read           sd_diskio.o
    0x08009238   0x08009238   0x00000028   Code   RO        14655    i.SD_status         sd_diskio.o
    0x08009260   0x08009260   0x00000048   Code   RO        14656    i.SD_write          sd_diskio.o
    0x080092a8   0x080092a8   0x000000e4   Code   RO          541    i.SHT30_main        freertos.o
    0x0800938c   0x0800938c   0x00000010   Code   RO          800    i.SPI2_IRQHandler   stm32f4xx_it.o
    0x0800939c   0x0800939c   0x00000014   Code   RO         5755    i.SPI_DMAAbortOnError  stm32f4xx_hal_spi.o
    0x080093b0   0x080093b0   0x00000088   Code   RO         5766    i.SPI_EndRxTxTransaction  stm32f4xx_hal_spi.o
    0x08009438   0x08009438   0x000000d8   Code   RO         5771    i.SPI_WaitFlagStateUntilTimeout  stm32f4xx_hal_spi.o
    0x08009510   0x08009510   0x00000034   Code   RO         2762    i.Sht30_Init        sht30.o
    0x08009544   0x08009544   0x00000016   Code   RO         8389    i.SysTick_Handler   cmsis_os2.o
    0x0800955a   0x0800955a   0x00000002   PAD
    0x0800955c   0x0800955c   0x000000bc   Code   RO          409    i.SystemClock_Config  main.o
    0x08009618   0x08009618   0x00000014   Code   RO         7212    i.SystemInit        system_stm32f4xx.o
    0x0800962c   0x0800962c   0x00000010   Code   RO          801    i.TIM1_UP_TIM10_IRQHandler  stm32f4xx_it.o
    0x0800963c   0x0800963c   0x000000e8   Code   RO         4425    i.TIM_Base_SetConfig  stm32f4xx_hal_tim.o
    0x08009724   0x08009724   0x00000016   Code   RO         4436    i.TIM_ETR_SetConfig  stm32f4xx_hal_tim.o
    0x0800973a   0x0800973a   0x00000012   Code   RO         4437    i.TIM_ITRx_SetConfig  stm32f4xx_hal_tim.o
    0x0800974c   0x0800974c   0x00000026   Code   RO         4443    i.TIM_TI1_ConfigInputStage  stm32f4xx_hal_tim.o
    0x08009772   0x08009772   0x00000028   Code   RO         4445    i.TIM_TI2_ConfigInputStage  stm32f4xx_hal_tim.o
    0x0800979a   0x0800979a   0x00000016   Code   RO         8390    i.TimerCallback     cmsis_os2.o
    0x080097b0   0x080097b0   0x00000014   Code   RO         5357    i.UART_DMAAbortOnError  stm32f4xx_hal_uart.o
    0x080097c4   0x080097c4   0x0000006c   Code   RO         5367    i.UART_EndRxTransfer  stm32f4xx_hal_uart.o
    0x08009830   0x08009830   0x00000020   Code   RO         5368    i.UART_EndTransmit_IT  stm32f4xx_hal_uart.o
    0x08009850   0x08009850   0x000000fc   Code   RO         5370    i.UART_Receive_IT   stm32f4xx_hal_uart.o
    0x0800994c   0x0800994c   0x0000022c   Code   RO         5371    i.UART_SetConfig    stm32f4xx_hal_uart.o
    0x08009b78   0x08009b78   0x00000060   Code   RO         5374    i.UART_Transmit_IT  stm32f4xx_hal_uart.o
    0x08009bd8   0x08009bd8   0x0000008c   Code   RO         5375    i.UART_WaitOnFlagUntilTimeout  stm32f4xx_hal_uart.o
    0x08009c64   0x08009c64   0x00000010   Code   RO          410    i.USART1_IRQHandler  main.o
    0x08009c74   0x08009c74   0x00000010   Code   RO          411    i.USART2_IRQHandler  main.o
    0x08009c84   0x08009c84   0x00000004   Code   RO          802    i.UsageFault_Handler  stm32f4xx_it.o
    0x08009c88   0x08009c88   0x00000020   Code   RO        14992    i.__0printf         mc_w.l(printfa.o)
    0x08009ca8   0x08009ca8   0x00000028   Code   RO        14994    i.__0sprintf        mc_w.l(printfa.o)
    0x08009cd0   0x08009cd0   0x00000024   Code   RO        14998    i.__0vsprintf       mc_w.l(printfa.o)
    0x08009cf4   0x08009cf4   0x00000010   Code   RO         3594    i.__NVIC_GetPriorityGrouping  stm32f4xx_hal_cortex.o
    0x08009d04   0x08009d04   0x00000028   Code   RO         3595    i.__NVIC_SetPriority  stm32f4xx_hal_cortex.o
    0x08009d2c   0x08009d2c   0x00000002   Code   RO        14072    i.__aeabi_assert    mbport.o
    0x08009d2e   0x08009d2e   0x00000006   Code   RO         8391    i.__get_IPSR        cmsis_os2.o
    0x08009d34   0x08009d34   0x0000000e   Code   RO        15091    i.__scatterload_copy  mc_w.l(handlers.o)
    0x08009d42   0x08009d42   0x00000002   Code   RO        15092    i.__scatterload_null  mc_w.l(handlers.o)
    0x08009d44   0x08009d44   0x0000000e   Code   RO        15093    i.__scatterload_zeroinit  mc_w.l(handlers.o)
    0x08009d52   0x08009d52   0x00000002   PAD
    0x08009d54   0x08009d54   0x00000184   Code   RO        14999    i._fp_digits        mc_w.l(printfa.o)
    0x08009ed8   0x08009ed8   0x000006b4   Code   RO        15000    i._printf_core      mc_w.l(printfa.o)
    0x0800a58c   0x0800a58c   0x00000024   Code   RO        15001    i._printf_post_padding  mc_w.l(printfa.o)
    0x0800a5b0   0x0800a5b0   0x0000002e   Code   RO        15002    i._printf_pre_padding  mc_w.l(printfa.o)
    0x0800a5de   0x0800a5de   0x0000000a   Code   RO        15004    i._sputc            mc_w.l(printfa.o)
    0x0800a5e8   0x0800a5e8   0x00000070   Code   RO          542    i.addError          freertos.o
    0x0800a658   0x0800a658   0x00000014   Code   RO         2610    i.atk_md0130_clear  md0130.o
    0x0800a66c   0x0800a66c   0x00000018   Code   RO         2611    i.atk_md0130_display_off  md0130.o
    0x0800a684   0x0800a684   0x00000018   Code   RO         2612    i.atk_md0130_display_on  md0130.o
    0x0800a69c   0x0800a69c   0x0000001c   Code   RO         2615    i.atk_md0130_draw_point  md0130.o
    0x0800a6b8   0x0800a6b8   0x0000009c   Code   RO         2617    i.atk_md0130_fill   md0130.o
    0x0800a754   0x0800a754   0x00000034   Code   RO         2619    i.atk_md0130_hw_reset  md0130.o
    0x0800a788   0x0800a788   0x00000028   Code   RO         2620    i.atk_md0130_init   md0130.o
    0x0800a7b0   0x0800a7b0   0x00000016   Code   RO         2621    i.atk_md0130_pow    md0130.o
    0x0800a7c6   0x0800a7c6   0x00000172   Code   RO         2622    i.atk_md0130_reg_init  md0130.o
    0x0800a938   0x0800a938   0x00000052   Code   RO         2623    i.atk_md0130_set_address  md0130.o
    0x0800a98a   0x0800a98a   0x00000002   PAD
    0x0800a98c   0x0800a98c   0x00000104   Code   RO         2624    i.atk_md0130_show_char  md0130.o
    0x0800aa90   0x0800aa90   0x0000005c   Code   RO         2626    i.atk_md0130_show_pic  md0130.o
    0x0800aaec   0x0800aaec   0x0000008e   Code   RO         2627    i.atk_md0130_show_string  md0130.o
    0x0800ab7a   0x0800ab7a   0x000000ce   Code   RO         2628    i.atk_md0130_show_xnum  md0130.o
    0x0800ac48   0x0800ac48   0x0000001c   Code   RO         1701    i.atk_md0130_spi_send  spi.o
    0x0800ac64   0x0800ac64   0x00000020   Code   RO         2629    i.atk_md0130_write_cmd  md0130.o
    0x0800ac84   0x0800ac84   0x00000020   Code   RO         2630    i.atk_md0130_write_dat  md0130.o
    0x0800aca4   0x0800aca4   0x0000002c   Code   RO         2631    i.atk_md0130_write_dat_16b  md0130.o
    0x0800acd0   0x0800acd0   0x00000098   Code   RO        14289    i.check_fs          ff.o
    0x0800ad68   0x0800ad68   0x00000014   Code   RO        14290    i.chk_chr           ff.o
    0x0800ad7c   0x0800ad7c   0x00000038   Code   RO        14291    i.clmt_clust        ff.o
    0x0800adb4   0x0800adb4   0x00000020   Code   RO        14292    i.clust2sect        ff.o
    0x0800add4   0x0800add4   0x000000ea   Code   RO        14293    i.create_chain      ff.o
    0x0800aebe   0x0800aebe   0x00000002   PAD
    0x0800aec0   0x0800aec0   0x00000118   Code   RO        14294    i.create_name       ff.o
    0x0800afd8   0x0800afd8   0x00000038   Code   RO          412    i.delayUs           main.o
    0x0800b010   0x0800b010   0x00000038   Code   RO          413    i.delayUs2          main.o
    0x0800b048   0x0800b048   0x00000064   Code   RO        14295    i.dir_alloc         ff.o
    0x0800b0ac   0x0800b0ac   0x00000064   Code   RO        14296    i.dir_find          ff.o
    0x0800b110   0x0800b110   0x0000015a   Code   RO        14297    i.dir_next          ff.o
    0x0800b26a   0x0800b26a   0x00000046   Code   RO        14299    i.dir_register      ff.o
    0x0800b2b0   0x0800b2b0   0x000000c8   Code   RO        14301    i.dir_sdi           ff.o
    0x0800b378   0x0800b378   0x0000002c   Code   RO        14222    i.disk_initialize   diskio.o
    0x0800b3a4   0x0800b3a4   0x00000028   Code   RO        14223    i.disk_ioctl        diskio.o
    0x0800b3cc   0x0800b3cc   0x00000030   Code   RO        14224    i.disk_read         diskio.o
    0x0800b3fc   0x0800b3fc   0x0000001c   Code   RO        14225    i.disk_status       diskio.o
    0x0800b418   0x0800b418   0x00000030   Code   RO        14226    i.disk_write        diskio.o
    0x0800b448   0x0800b448   0x000000bc   Code   RO        11228    i.do_memp_free_pool  memp.o
    0x0800b504   0x0800b504   0x000000c8   Code   RO        11229    i.do_memp_malloc_pool  memp.o
    0x0800b5cc   0x0800b5cc   0x00000018   Code   RO        14073    i.eMBCallBack       mbport.o
    0x0800b5e4   0x0800b5e4   0x00000068   Code   RO        14074    i.eMBEepromInputCB  mbport.o
    0x0800b64c   0x0800b64c   0x00000058   Code   RO        13528    i.eMBEnable         mb.o
    0x0800b6a4   0x0800b6a4   0x0000004a   Code   RO        14174    i.eMBFuncCallBack   mbfuncconfigadapter.o
    0x0800b6ee   0x0800b6ee   0x0000004c   Code   RO        14175    i.eMBFuncConfigAdapter  mbfuncconfigadapter.o
    0x0800b73a   0x0800b73a   0x000000ae   Code   RO        13671    i.eMBFuncReadCoils  mbfunccoils.o
    0x0800b7e8   0x0800b7e8   0x0000004c   Code   RO        14176    i.eMBFuncReadConfigAdapter  mbfuncconfigadapter.o
    0x0800b834   0x0800b834   0x000000ac   Code   RO        13707    i.eMBFuncReadDiscreteInputs  mbfuncdisc.o
    0x0800b8e0   0x0800b8e0   0x0000008c   Code   RO        13731    i.eMBFuncReadHoldingRegister  mbfuncholding.o
    0x0800b96c   0x0800b96c   0x00000084   Code   RO        13773    i.eMBFuncReadInputRegister  mbfuncinput.o
    0x0800b9f0   0x0800b9f0   0x000000d4   Code   RO        13732    i.eMBFuncReadWriteMultipleHoldingRegister  mbfuncholding.o
    0x0800bac4   0x0800bac4   0x00000028   Code   RO        13797    i.eMBFuncReportSlaveID  mbfuncother.o
    0x0800baec   0x0800baec   0x0000004a   Code   RO        14177    i.eMBFuncSetAdapterIP  mbfuncconfigadapter.o
    0x0800bb36   0x0800bb36   0x0000004a   Code   RO        14178    i.eMBFuncSetAdapterTime  mbfuncconfigadapter.o
    0x0800bb80   0x0800bb80   0x00000070   Code   RO        13672    i.eMBFuncWriteCoil  mbfunccoils.o
    0x0800bbf0   0x0800bbf0   0x00000042   Code   RO        13733    i.eMBFuncWriteHoldingRegister  mbfuncholding.o
    0x0800bc32   0x0800bc32   0x00000090   Code   RO        13673    i.eMBFuncWriteMultipleCoils  mbfunccoils.o
    0x0800bcc2   0x0800bcc2   0x0000006e   Code   RO        13734    i.eMBFuncWriteMultipleHoldingRegister  mbfuncholding.o
    0x0800bd30   0x0800bd30   0x00000164   Code   RO        13530    i.eMBPoll           mb.o
    0x0800be94   0x0800be94   0x0000006c   Code   RO        14075    i.eMBRegCoilsCB     mbport.o
    0x0800bf00   0x0800bf00   0x00000008   Code   RO        14076    i.eMBRegDiscreteCB  mbport.o
    0x0800bf08   0x0800bf08   0x00000078   Code   RO        14077    i.eMBRegHoldingCB   mbport.o
    0x0800bf80   0x0800bf80   0x00000040   Code   RO        14078    i.eMBRegInputCB     mbport.o
    0x0800bfc0   0x0800bfc0   0x00000038   Code   RO        14079    i.eMBSetIP          mbport.o
    0x0800bff8   0x0800bff8   0x00000048   Code   RO        14080    i.eMBSetTime        mbport.o
    0x0800c040   0x0800c040   0x00000014   Code   RO        13616    i.eMBTCPDoInit      mbtcp.o
    0x0800c054   0x0800c054   0x00000040   Code   RO        13532    i.eMBTCPInit        mb.o
    0x0800c094   0x0800c094   0x00000048   Code   RO        13617    i.eMBTCPReceive     mbtcp.o
    0x0800c0dc   0x0800c0dc   0x00000030   Code   RO        13618    i.eMBTCPSend        mbtcp.o
    0x0800c10c   0x0800c10c   0x00000002   Code   RO        13619    i.eMBTCPStart       mbtcp.o
    0x0800c10e   0x0800c10e   0x00000002   PAD
    0x0800c110   0x0800c110   0x00000038   Code   RO        12550    i.etharp_cleanup_netif  etharp.o
    0x0800c148   0x0800c148   0x00000300   Code   RO        12552    i.etharp_find_entry  etharp.o
    0x0800c448   0x0800c448   0x00000040   Code   RO        12553    i.etharp_free_entry  etharp.o
    0x0800c488   0x0800c488   0x0000013c   Code   RO        12555    i.etharp_input      etharp.o
    0x0800c5c4   0x0800c5c4   0x00000224   Code   RO        12556    i.etharp_output     etharp.o
    0x0800c7e8   0x0800c7e8   0x00000168   Code   RO        12557    i.etharp_output_to_arp_index  etharp.o
    0x0800c950   0x0800c950   0x000002a4   Code   RO        12558    i.etharp_query      etharp.o
    0x0800cbf4   0x0800cbf4   0x0000018c   Code   RO        12559    i.etharp_raw        etharp.o
    0x0800cd80   0x0800cd80   0x00000018   Code   RO        12560    i.etharp_request    etharp.o
    0x0800cd98   0x0800cd98   0x0000002c   Code   RO        12561    i.etharp_request_dst  etharp.o
    0x0800cdc4   0x0800cdc4   0x000000dc   Code   RO        12562    i.etharp_tmr        etharp.o
    0x0800cea0   0x0800cea0   0x0000015c   Code   RO        12563    i.etharp_update_arp_entry  etharp.o
    0x0800cffc   0x0800cffc   0x000000c4   Code   RO         9579    i.ethernet_input    ethernet.o
    0x0800d0c0   0x0800d0c0   0x00000002   Code   RO         2189    i.ethernet_link_status_updated  lwip.o
    0x0800d0c2   0x0800d0c2   0x00000002   PAD
    0x0800d0c4   0x0800d0c4   0x000000d4   Code   RO         2016    i.ethernet_link_thread  ethernetif.o
    0x0800d198   0x0800d198   0x00000104   Code   RO         9580    i.ethernet_output   ethernet.o
    0x0800d29c   0x0800d29c   0x00000098   Code   RO         2017    i.ethernetif_init   ethernetif.o
    0x0800d334   0x0800d334   0x00000040   Code   RO         2018    i.ethernetif_input  ethernetif.o
    0x0800d374   0x0800d374   0x00000022   Code   RO        14303    i.f_close           ff.o
    0x0800d396   0x0800d396   0x00000342   Code   RO        14307    i.f_lseek           ff.o
    0x0800d6d8   0x0800d6d8   0x00000060   Code   RO        14310    i.f_mount           ff.o
    0x0800d738   0x0800d738   0x00000180   Code   RO        14311    i.f_open            ff.o
    0x0800d8b8   0x0800d8b8   0x000000cc   Code   RO        14320    i.f_sync            ff.o
    0x0800d984   0x0800d984   0x00000256   Code   RO        14324    i.f_write           ff.o
    0x0800dbda   0x0800dbda   0x00000002   PAD
    0x0800dbdc   0x0800dbdc   0x000003d4   Code   RO        14325    i.find_volume       ff.o
    0x0800dfb0   0x0800dfb0   0x0000009c   Code   RO        14326    i.follow_path       ff.o
    0x0800e04c   0x0800e04c   0x00000012   Code   RO        15052    i.fputc             mc_w.l(fputc.o)
    0x0800e05e   0x0800e05e   0x000000ee   Code   RO        14327    i.get_fat           ff.o
    0x0800e14c   0x0800e14c   0x00000048   Code   RO        14329    i.get_ldnumber      ff.o
    0x0800e194   0x0800e194   0x00000012   Code   RO        12653    i.icmp_dest_unreach  icmp.o
    0x0800e1a6   0x0800e1a6   0x00000002   PAD
    0x0800e1a8   0x0800e1a8   0x00000270   Code   RO        12654    i.icmp_input        icmp.o
    0x0800e418   0x0800e418   0x0000011c   Code   RO        12655    i.icmp_send_response  icmp.o
    0x0800e534   0x0800e534   0x00000012   Code   RO        12656    i.icmp_time_exceeded  icmp.o
    0x0800e546   0x0800e546   0x00000008   Code   RO          712    i.inHandlerMode     usart.o
    0x0800e54e   0x0800e54e   0x0000004e   Code   RO        12770    i.ip4_addr_isbroadcast_u32  ip4_addr.o
    0x0800e59c   0x0800e59c   0x000002cc   Code   RO        12838    i.ip4_frag          ip4_frag.o
    0x0800e868   0x0800e868   0x0000018c   Code   RO        12715    i.ip4_input         ip4.o
    0x0800e9f4   0x0800e9f4   0x00000034   Code   RO        12716    i.ip4_input_accept  ip4.o
    0x0800ea28   0x0800ea28   0x00000036   Code   RO        12718    i.ip4_output_if     ip4.o
    0x0800ea5e   0x0800ea5e   0x00000002   PAD
    0x0800ea60   0x0800ea60   0x0000019c   Code   RO        12719    i.ip4_output_if_src  ip4.o
    0x0800ebfc   0x0800ebfc   0x000002fc   Code   RO        12839    i.ip4_reass         ip4_frag.o
    0x0800eef8   0x0800eef8   0x00000094   Code   RO        12720    i.ip4_route         ip4.o
    0x0800ef8c   0x0800ef8c   0x0000000a   Code   RO        12840    i.ip_frag_alloc_pbuf_custom_ref  ip4_frag.o
    0x0800ef96   0x0800ef96   0x00000002   PAD
    0x0800ef98   0x0800ef98   0x00000098   Code   RO        12841    i.ip_frag_free_pbuf_custom_ref  ip4_frag.o
    0x0800f030   0x0800f030   0x00000304   Code   RO        12842    i.ip_reass_chain_frag_into_datagram_and_validate  ip4_frag.o
    0x0800f334   0x0800f334   0x000000c4   Code   RO        12843    i.ip_reass_dequeue_datagram  ip4_frag.o
    0x0800f3f8   0x0800f3f8   0x00000054   Code   RO        12844    i.ip_reass_enqueue_new_datagram  ip4_frag.o
    0x0800f44c   0x0800f44c   0x000001e0   Code   RO        12845    i.ip_reass_free_complete_datagram  ip4_frag.o
    0x0800f62c   0x0800f62c   0x00000088   Code   RO        12846    i.ip_reass_remove_oldest_datagram  ip4_frag.o
    0x0800f6b4   0x0800f6b4   0x00000034   Code   RO        12847    i.ip_reass_tmr      ip4_frag.o
    0x0800f6e8   0x0800f6e8   0x000000c8   Code   RO        12848    i.ipfrag_free_pbuf_custom  ip4_frag.o
    0x0800f7b0   0x0800f7b0   0x00000022   Code   RO        14330    i.ld_clust          ff.o
    0x0800f7d2   0x0800f7d2   0x00000002   PAD
    0x0800f7d4   0x0800f7d4   0x000001e0   Code   RO         2019    i.low_level_init    ethernetif.o
    0x0800f9b4   0x0800f9b4   0x00000024   Code   RO         2020    i.low_level_input   ethernetif.o
    0x0800f9d8   0x0800f9d8   0x000000cc   Code   RO         2021    i.low_level_output  ethernetif.o
    0x0800faa4   0x0800faa4   0x00000050   Code   RO        12408    i.lwip_cyclic_timer  timeouts.o
    0x0800faf4   0x0800faf4   0x0000001a   Code   RO        10940    i.lwip_htonl        def.o
    0x0800fb0e   0x0800fb0e   0x0000000c   Code   RO        10941    i.lwip_htons        def.o
    0x0800fb1a   0x0800fb1a   0x00000002   PAD
    0x0800fb1c   0x0800fb1c   0x0000009c   Code   RO        11085    i.lwip_init         init.o
    0x0800fbb8   0x0800fbb8   0x00000028   Code   RO           13    i.main              entry.o
    0x0800fbe0   0x0800fbe0   0x00000026   Code   RO        14331    i.mem_cmp           ff.o
    0x0800fc06   0x0800fc06   0x0000001a   Code   RO        14332    i.mem_cpy           ff.o
    0x0800fc20   0x0800fc20   0x00000210   Code   RO        11157    i.mem_free          mem.o
    0x0800fe30   0x0800fe30   0x000000f4   Code   RO        11158    i.mem_init          mem.o
    0x0800ff24   0x0800ff24   0x00000058   Code   RO        11159    i.mem_link_valid    mem.o
    0x0800ff7c   0x0800ff7c   0x000002bc   Code   RO        11160    i.mem_malloc        mem.o
    0x08010238   0x08010238   0x00000014   Code   RO        14333    i.mem_set           ff.o
    0x0801024c   0x0801024c   0x00000010   Code   RO        11161    i.mem_to_ptr        mem.o
    0x0801025c   0x0801025c   0x00000250   Code   RO        11162    i.mem_trim          mem.o
    0x080104ac   0x080104ac   0x000000b0   Code   RO        11230    i.memp_free         memp.o
    0x0801055c   0x0801055c   0x000000a0   Code   RO        11231    i.memp_free_pool    memp.o
    0x080105fc   0x080105fc   0x00000020   Code   RO        11232    i.memp_init         memp.o
    0x0801061c   0x0801061c   0x0000002c   Code   RO        11233    i.memp_init_pool    memp.o
    0x08010648   0x08010648   0x000000b0   Code   RO        11234    i.memp_malloc       memp.o
    0x080106f8   0x080106f8   0x00000098   Code   RO        11235    i.memp_malloc_pool  memp.o
    0x08010790   0x08010790   0x00000038   Code   RO        14334    i.move_window       ff.o
    0x080107c8   0x080107c8   0x00000230   Code   RO        11347    i.netif_add         netif.o
    0x080109f8   0x080109f8   0x00000010   Code   RO        11349    i.netif_do_ip_addr_changed  netif.o
    0x08010a08   0x08010a08   0x00000026   Code   RO        11350    i.netif_do_set_gw   netif.o
    0x08010a2e   0x08010a2e   0x00000002   PAD
    0x08010a30   0x08010a30   0x000000e0   Code   RO        11351    i.netif_do_set_ipaddr  netif.o
    0x08010b10   0x08010b10   0x00000026   Code   RO        11352    i.netif_do_set_netmask  netif.o
    0x08010b36   0x08010b36   0x00000002   PAD
    0x08010b38   0x08010b38   0x00000028   Code   RO        11354    i.netif_get_by_index  netif.o
    0x08010b60   0x08010b60   0x00000002   Code   RO        11356    i.netif_init        netif.o
    0x08010b62   0x08010b62   0x00000002   PAD
    0x08010b64   0x08010b64   0x000000d8   Code   RO        11358    i.netif_issue_reports  netif.o
    0x08010c3c   0x08010c3c   0x00000008   Code   RO        11360    i.netif_null_output_ip4  netif.o
    0x08010c44   0x08010c44   0x00000060   Code   RO        11362    i.netif_set_addr    netif.o
    0x08010ca4   0x08010ca4   0x0000000c   Code   RO        11363    i.netif_set_default  netif.o
    0x08010cb0   0x08010cb0   0x000000cc   Code   RO        11364    i.netif_set_down    netif.o
    0x08010d7c   0x08010d7c   0x00000006   Code   RO        11367    i.netif_set_link_callback  netif.o
    0x08010d82   0x08010d82   0x00000002   PAD
    0x08010d84   0x08010d84   0x000000cc   Code   RO        11368    i.netif_set_link_down  netif.o
    0x08010e50   0x08010e50   0x000000d4   Code   RO        11369    i.netif_set_link_up  netif.o
    0x08010f24   0x08010f24   0x000000c0   Code   RO        11371    i.netif_set_up      netif.o
    0x08010fe4   0x08010fe4   0x0000001e   Code   RO         8392    i.osDelay           cmsis_os2.o
    0x08011002   0x08011002   0x0000002a   Code   RO         8396    i.osEventFlagsGet   cmsis_os2.o
    0x0801102c   0x0801102c   0x00000046   Code   RO         8397    i.osEventFlagsNew   cmsis_os2.o
    0x08011072   0x08011072   0x00000002   PAD
    0x08011074   0x08011074   0x0000005c   Code   RO         8398    i.osEventFlagsSet   cmsis_os2.o
    0x080110d0   0x080110d0   0x0000001a   Code   RO         8404    i.osKernelGetTickCount  cmsis_os2.o
    0x080110ea   0x080110ea   0x00000002   PAD
    0x080110ec   0x080110ec   0x0000002c   Code   RO         8406    i.osKernelInitialize  cmsis_os2.o
    0x08011118   0x08011118   0x00000060   Code   RO         8409    i.osKernelStart     cmsis_os2.o
    0x08011178   0x08011178   0x00000080   Code   RO         8421    i.osMessageQueueGet  cmsis_os2.o
    0x080111f8   0x080111f8   0x0000009a   Code   RO         8426    i.osMessageQueueNew  cmsis_os2.o
    0x08011292   0x08011292   0x00000002   PAD
    0x08011294   0x08011294   0x00000084   Code   RO         8427    i.osMessageQueuePut  cmsis_os2.o
    0x08011318   0x08011318   0x00000062   Code   RO         8429    i.osMutexAcquire    cmsis_os2.o
    0x0801137a   0x0801137a   0x000000b2   Code   RO         8432    i.osMutexNew        cmsis_os2.o
    0x0801142c   0x0801142c   0x0000004e   Code   RO         8433    i.osMutexRelease    cmsis_os2.o
    0x0801147a   0x0801147a   0x00000002   PAD
    0x0801147c   0x0801147c   0x0000006c   Code   RO         8434    i.osSemaphoreAcquire  cmsis_os2.o
    0x080114e8   0x080114e8   0x000000cc   Code   RO         8437    i.osSemaphoreNew    cmsis_os2.o
    0x080115b4   0x080115b4   0x0000005c   Code   RO         8438    i.osSemaphoreRelease  cmsis_os2.o
    0x08011610   0x08011610   0x000000b8   Code   RO         8451    i.osThreadNew       cmsis_os2.o
    0x080116c8   0x080116c8   0x00000026   Code   RO         8454    i.osThreadSuspend   cmsis_os2.o
    0x080116ee   0x080116ee   0x00000002   PAD
    0x080116f0   0x080116f0   0x000000bc   Code   RO         8460    i.osTimerNew        cmsis_os2.o
    0x080117ac   0x080117ac   0x0000003c   Code   RO         8461    i.osTimerStart      cmsis_os2.o
    0x080117e8   0x080117e8   0x00000012   Code   RO        11529    i.pbuf_add_header   pbuf.o
    0x080117fa   0x080117fa   0x00000002   PAD
    0x080117fc   0x080117fc   0x000000e8   Code   RO        11531    i.pbuf_add_header_impl  pbuf.o
    0x080118e4   0x080118e4   0x000002a0   Code   RO        11532    i.pbuf_alloc        pbuf.o
    0x08011b84   0x08011b84   0x000000bc   Code   RO        11533    i.pbuf_alloc_reference  pbuf.o
    0x08011c40   0x08011c40   0x00000052   Code   RO        11534    i.pbuf_alloced_custom  pbuf.o
    0x08011c92   0x08011c92   0x00000002   PAD
    0x08011c94   0x08011c94   0x00000150   Code   RO        11535    i.pbuf_cat          pbuf.o
    0x08011de4   0x08011de4   0x00000012   Code   RO        11537    i.pbuf_clen         pbuf.o
    0x08011df6   0x08011df6   0x00000002   PAD
    0x08011df8   0x08011df8   0x000000b0   Code   RO        11538    i.pbuf_clone        pbuf.o
    0x08011ea8   0x08011ea8   0x00000228   Code   RO        11540    i.pbuf_copy         pbuf.o
    0x080120d0   0x080120d0   0x00000140   Code   RO        11541    i.pbuf_copy_partial  pbuf.o
    0x08012210   0x08012210   0x000001a8   Code   RO        11543    i.pbuf_free         pbuf.o
    0x080123b8   0x080123b8   0x00000034   Code   RO         2022    i.pbuf_free_custom  ethernetif.o
    0x080123ec   0x080123ec   0x0000003c   Code   RO        11545    i.pbuf_free_ooseq   pbuf.o
    0x08012428   0x08012428   0x0000000a   Code   RO        11546    i.pbuf_free_ooseq_callback  pbuf.o
    0x08012432   0x08012432   0x00000012   Code   RO        11550    i.pbuf_header_force  pbuf.o
    0x08012444   0x08012444   0x00000022   Code   RO        11551    i.pbuf_header_impl  pbuf.o
    0x08012466   0x08012466   0x0000001e   Code   RO        11552    i.pbuf_init_alloced_pbuf  pbuf.o
    0x08012484   0x08012484   0x00000044   Code   RO        11555    i.pbuf_pool_is_empty  pbuf.o
    0x080124c8   0x080124c8   0x00000168   Code   RO        11557    i.pbuf_realloc      pbuf.o
    0x08012630   0x08012630   0x000000a8   Code   RO        11558    i.pbuf_ref          pbuf.o
    0x080126d8   0x080126d8   0x000000f4   Code   RO        11559    i.pbuf_remove_header  pbuf.o
    0x080127cc   0x080127cc   0x000001d8   Code   RO        11163    i.plug_holes        mem.o
    0x080129a4   0x080129a4   0x0000009c   Code   RO          713    i.print_usart2      usart.o
    0x08012a40   0x08012a40   0x0000007c   Code   RO         7826    i.prvAddCurrentTaskToDelayedList  tasks.o
    0x08012abc   0x08012abc   0x000000b8   Code   RO         7827    i.prvAddNewTaskToReadyList  tasks.o
    0x08012b74   0x08012b74   0x00000074   Code   RO         8202    i.prvCheckForValidListAndQueue  timers.o
    0x08012be8   0x08012be8   0x00000048   Code   RO         7828    i.prvCheckTasksWaitingTermination  tasks.o
    0x08012c30   0x08012c30   0x0000002a   Code   RO         7413    i.prvCopyDataFromQueue  queue.o
    0x08012c5a   0x08012c5a   0x0000007e   Code   RO         7414    i.prvCopyDataToQueue  queue.o
    0x08012cd8   0x08012cd8   0x00000050   Code   RO         7829    i.prvDeleteTCB      tasks.o
    0x08012d28   0x08012d28   0x00000014   Code   RO         7415    i.prvGetDisinheritPriorityAfterTimeout  queue.o
    0x08012d3c   0x08012d3c   0x00000028   Code   RO         8203    i.prvGetNextExpireTime  timers.o
    0x08012d64   0x08012d64   0x0000007c   Code   RO         8919    i.prvHeapInit       heap_4.o
    0x08012de0   0x08012de0   0x00000028   Code   RO         7830    i.prvIdleTask       tasks.o
    0x08012e08   0x08012e08   0x0000001e   Code   RO         7416    i.prvInitialiseMutex  queue.o
    0x08012e26   0x08012e26   0x0000002a   Code   RO         7417    i.prvInitialiseNewQueue  queue.o
    0x08012e50   0x08012e50   0x000000be   Code   RO         7831    i.prvInitialiseNewTask  tasks.o
    0x08012f0e   0x08012f0e   0x0000005a   Code   RO         8204    i.prvInitialiseNewTimer  timers.o
    0x08012f68   0x08012f68   0x00000068   Code   RO         7832    i.prvInitialiseTaskLists  tasks.o
    0x08012fd0   0x08012fd0   0x00000068   Code   RO         8920    i.prvInsertBlockIntoFreeList  heap_4.o
    0x08013038   0x08013038   0x00000058   Code   RO         8205    i.prvInsertTimerInActiveList  timers.o
    0x08013090   0x08013090   0x0000001a   Code   RO         7418    i.prvIsQueueEmpty   queue.o
    0x080130aa   0x080130aa   0x0000001e   Code   RO         7419    i.prvIsQueueFull    queue.o
    0x080130c8   0x080130c8   0x00000074   Code   RO         8206    i.prvProcessExpiredTimer  timers.o
    0x0801313c   0x0801313c   0x00000164   Code   RO         8207    i.prvProcessReceivedCommands  timers.o
    0x080132a0   0x080132a0   0x00000074   Code   RO         8208    i.prvProcessTimerOrBlockTask  timers.o
    0x08013314   0x08013314   0x00000034   Code   RO         7834    i.prvResetNextTaskUnblockTime  tasks.o
    0x08013348   0x08013348   0x0000002c   Code   RO         8209    i.prvSampleTimeNow  timers.o
    0x08013374   0x08013374   0x000000a4   Code   RO         8210    i.prvSwitchTimerLists  timers.o
    0x08013418   0x08013418   0x00000040   Code   RO         8975    i.prvTaskExitError  port.o
    0x08013458   0x08013458   0x00000058   Code   RO         7836    i.prvTaskIsTaskSuspended  tasks.o
    0x080134b0   0x080134b0   0x0000001a   Code   RO         8211    i.prvTimerTask      timers.o
    0x080134ca   0x080134ca   0x0000007e   Code   RO         7420    i.prvUnlockQueue    queue.o
    0x08013548   0x08013548   0x00000022   Code   RO        13830    i.prveMBError2Exception  mbutils.o
    0x0801356a   0x0801356a   0x00000002   PAD
    0x0801356c   0x0801356c   0x00000044   Code   RO        13943    i.prvvMBPortReleaseClient  porttcp.o
    0x080135b0   0x080135b0   0x00000012   Code   RO        13944    i.prvvMBTCPPortError  porttcp.o
    0x080135c2   0x080135c2   0x00000002   PAD
    0x080135c4   0x080135c4   0x0000005c   Code   RO        13945    i.prvxMBTCPPortAccept  porttcp.o
    0x08013620   0x08013620   0x000000b0   Code   RO        13946    i.prvxMBTCPPortReceive  porttcp.o
    0x080136d0   0x080136d0   0x00000010   Code   RO        11164    i.ptr_to_mem        mem.o
    0x080136e0   0x080136e0   0x00000146   Code   RO        14335    i.put_fat           ff.o
    0x08013826   0x08013826   0x00000002   PAD
    0x08013828   0x08013828   0x0000014c   Code   RO         8921    i.pvPortMalloc      heap_4.o
    0x08013974   0x08013974   0x00000020   Code   RO         7837    i.pvTaskIncrementMutexHeldCount  tasks.o
    0x08013994   0x08013994   0x0000002c   Code   RO         8212    i.pvTimerGetTimerID  timers.o
    0x080139c0   0x080139c0   0x0000002c   Code   RO         8976    i.pxPortInitialiseStack  port.o
    0x080139ec   0x080139ec   0x0000001c   Code   RO          544    i.reboot_main       freertos.o
    0x08013a08   0x08013a08   0x0000007a   Code   RO        14337    i.remove_chain      ff.o
    0x08013a82   0x08013a82   0x00000002   PAD
    0x08013a84   0x08013a84   0x00000088   Code   RO        13533    i.saveCommand       mb.o
    0x08013b0c   0x08013b0c   0x00000018   Code   RO           14    i.sdk_MBCallBack    entry.o
    0x08013b24   0x08013b24   0x00000064   Code   RO         1885    i.sdk_addDataToReg  sensoradapter_sdk.o
    0x08013b88   0x08013b88   0x00000170   Code   RO         1886    i.sdk_addLog        sensoradapter_sdk.o
    0x08013cf8   0x08013cf8   0x0000000c   Code   RO         1887    i.sdk_delayMs       sensoradapter_sdk.o
    0x08013d04   0x08013d04   0x0000001c   Code   RO         1893    i.sdk_rs485Init     sensoradapter_sdk.o
    0x08013d20   0x08013d20   0x00000014   Code   RO         1897    i.sdk_startIWDG     sensoradapter_sdk.o
    0x08013d34   0x08013d34   0x00000014   Code   RO         1898    i.sdk_startMain     sensoradapter_sdk.o
    0x08013d48   0x08013d48   0x00000020   Code   RO         1899    i.sdk_sysInit       sensoradapter_sdk.o
    0x08013d68   0x08013d68   0x00000010   Code   RO        14338    i.st_clust          ff.o
    0x08013d78   0x08013d78   0x000000f4   Code   RO        14339    i.sync_fs           ff.o
    0x08013e6c   0x08013e6c   0x00000060   Code   RO        14340    i.sync_window       ff.o
    0x08013ecc   0x08013ecc   0x00000048   Code   RO        13108    i.sys_arch_mbox_fetch  sys_arch.o
    0x08013f14   0x08013f14   0x00000018   Code   RO        13110    i.sys_arch_protect  sys_arch.o
    0x08013f2c   0x08013f2c   0x00000014   Code   RO        13112    i.sys_arch_unprotect  sys_arch.o
    0x08013f40   0x08013f40   0x00000054   Code   RO        12409    i.sys_check_timeouts  timeouts.o
    0x08013f94   0x08013f94   0x00000014   Code   RO        13113    i.sys_init          sys_arch.o
    0x08013fa8   0x08013fa8   0x00000020   Code   RO        13115    i.sys_mbox_new      sys_arch.o
    0x08013fc8   0x08013fc8   0x0000001e   Code   RO        13118    i.sys_mbox_trypost  sys_arch.o
    0x08013fe6   0x08013fe6   0x0000000e   Code   RO        13120    i.sys_mbox_valid    sys_arch.o
    0x08013ff4   0x08013ff4   0x00000010   Code   RO        13122    i.sys_mutex_lock    sys_arch.o
    0x08014004   0x08014004   0x0000001a   Code   RO        13123    i.sys_mutex_new     sys_arch.o
    0x0801401e   0x0801401e   0x0000000c   Code   RO        13124    i.sys_mutex_unlock  sys_arch.o
    0x0801402a   0x0801402a   0x00000008   Code   RO         2023    i.sys_now           ethernetif.o
    0x08014032   0x08014032   0x00000032   Code   RO        13130    i.sys_thread_new    sys_arch.o
    0x08014064   0x08014064   0x000000d0   Code   RO        12411    i.sys_timeout       timeouts.o
    0x08014134   0x08014134   0x00000140   Code   RO        12412    i.sys_timeout_abs   timeouts.o
    0x08014274   0x08014274   0x00000028   Code   RO        12413    i.sys_timeouts_init  timeouts.o
    0x0801429c   0x0801429c   0x000000cc   Code   RO        12414    i.sys_timeouts_sleeptime  timeouts.o
    0x08014368   0x08014368   0x000001d4   Code   RO        11829    i.tcp_abandon       tcp.o
    0x0801453c   0x0801453c   0x0000000e   Code   RO        11830    i.tcp_abort         tcp.o
    0x0801454a   0x0801454a   0x00000010   Code   RO        11831    i.tcp_accept        tcp.o
    0x0801455a   0x0801455a   0x00000002   PAD
    0x0801455c   0x0801455c   0x000000a8   Code   RO        11832    i.tcp_accept_null   tcp.o
    0x08014604   0x08014604   0x000000c0   Code   RO        11833    i.tcp_alloc         tcp.o
    0x080146c4   0x080146c4   0x00000006   Code   RO        11834    i.tcp_arg           tcp.o
    0x080146ca   0x080146ca   0x00000002   PAD
    0x080146cc   0x080146cc   0x00000170   Code   RO        11835    i.tcp_bind          tcp.o
    0x0801483c   0x0801483c   0x000000b0   Code   RO        11837    i.tcp_close         tcp.o
    0x080148ec   0x080148ec   0x0000020c   Code   RO        11838    i.tcp_close_shutdown  tcp.o
    0x08014af8   0x08014af8   0x000000e8   Code   RO        11839    i.tcp_close_shutdown_fin  tcp.o
    0x08014be0   0x08014be0   0x000001d4   Code   RO        12248    i.tcp_create_segment  tcp_out.o
    0x08014db4   0x08014db4   0x000000d4   Code   RO        11842    i.tcp_eff_send_mss_netif  tcp.o
    0x08014e88   0x08014e88   0x000002c0   Code   RO        12249    i.tcp_enqueue_flags  tcp_out.o
    0x08015148   0x08015148   0x000000ac   Code   RO        11843    i.tcp_err           tcp.o
    0x080151f4   0x080151f4   0x0000009c   Code   RO        11844    i.tcp_fasttmr       tcp.o
    0x08015290   0x08015290   0x00000094   Code   RO        11845    i.tcp_free          tcp.o
    0x08015324   0x08015324   0x0000015c   Code   RO        12159    i.tcp_free_acked_segments  tcp_in.o
    0x08015480   0x08015480   0x0000009c   Code   RO        11846    i.tcp_free_listen   tcp.o
    0x0801551c   0x0801551c   0x00000014   Code   RO        11847    i.tcp_free_ooseq    tcp.o
    0x08015530   0x08015530   0x00000048   Code   RO        12160    i.tcp_get_next_optbyte  tcp_in.o
    0x08015578   0x08015578   0x00000034   Code   RO        11848    i.tcp_handle_closepend  tcp.o
    0x080155ac   0x080155ac   0x00000018   Code   RO        11849    i.tcp_init          tcp.o
    0x080155c4   0x080155c4   0x00000818   Code   RO        12161    i.tcp_input         tcp_in.o
    0x08015ddc   0x08015ddc   0x000000e8   Code   RO        12162    i.tcp_input_delayed_close  tcp_in.o
    0x08015ec4   0x08015ec4   0x000000dc   Code   RO        12250    i.tcp_keepalive     tcp_out.o
    0x08015fa0   0x08015fa0   0x00000068   Code   RO        11850    i.tcp_kill_prio     tcp.o
    0x08016008   0x08016008   0x000000d0   Code   RO        11851    i.tcp_kill_state    tcp.o
    0x080160d8   0x080160d8   0x0000003c   Code   RO        11852    i.tcp_kill_timewait  tcp.o
    0x08016114   0x08016114   0x000000d4   Code   RO        11853    i.tcp_listen_closed  tcp.o
    0x080161e8   0x080161e8   0x000001f4   Code   RO        12163    i.tcp_listen_input  tcp_in.o
    0x080163dc   0x080163dc   0x00000012   Code   RO        11854    i.tcp_listen_with_backlog  tcp.o
    0x080163ee   0x080163ee   0x00000002   PAD
    0x080163f0   0x080163f0   0x000001c4   Code   RO        11855    i.tcp_listen_with_backlog_and_err  tcp.o
    0x080165b4   0x080165b4   0x0000004c   Code   RO        11856    i.tcp_netif_ip_addr_changed  tcp.o
    0x08016600   0x08016600   0x000000d0   Code   RO        11857    i.tcp_netif_ip_addr_changed_pcblist  tcp.o
    0x080166d0   0x080166d0   0x0000000a   Code   RO        11858    i.tcp_new           tcp.o
    0x080166da   0x080166da   0x00000002   PAD
    0x080166dc   0x080166dc   0x00000068   Code   RO        11860    i.tcp_new_port      tcp.o
    0x08016744   0x08016744   0x000000b0   Code   RO        11861    i.tcp_next_iss      tcp.o
    0x080167f4   0x080167f4   0x0000012c   Code   RO        12164    i.tcp_oos_insert_segment  tcp_in.o
    0x08016920   0x08016920   0x00000364   Code   RO        12251    i.tcp_output        tcp_out.o
    0x08016c84   0x08016c84   0x000000dc   Code   RO        12252    i.tcp_output_alloc_header  tcp_out.o
    0x08016d60   0x08016d60   0x00000124   Code   RO        12253    i.tcp_output_alloc_header_common  tcp_out.o
    0x08016e84   0x08016e84   0x000000fc   Code   RO        12254    i.tcp_output_control_segment  tcp_out.o
    0x08016f80   0x08016f80   0x00000124   Code   RO        12255    i.tcp_output_fill_options  tcp_out.o
    0x080170a4   0x080170a4   0x0000024c   Code   RO        12256    i.tcp_output_segment  tcp_out.o
    0x080172f0   0x080172f0   0x000000b4   Code   RO        12257    i.tcp_output_segment_busy  tcp_out.o
    0x080173a4   0x080173a4   0x00000130   Code   RO        12165    i.tcp_parseopt      tcp_in.o
    0x080174d4   0x080174d4   0x00000178   Code   RO        12258    i.tcp_pbuf_prealloc  tcp_out.o
    0x0801764c   0x0801764c   0x000000dc   Code   RO        11862    i.tcp_pcb_purge     tcp.o
    0x08017728   0x08017728   0x000001d8   Code   RO        11863    i.tcp_pcb_remove    tcp.o
    0x08017900   0x08017900   0x00000744   Code   RO        12166    i.tcp_process       tcp_in.o
    0x08018044   0x08018044   0x00000134   Code   RO        11865    i.tcp_process_refused_data  tcp.o
    0x08018178   0x08018178   0x00000c7c   Code   RO        12167    i.tcp_receive       tcp_in.o
    0x08018df4   0x08018df4   0x000000ac   Code   RO        11866    i.tcp_recv          tcp.o
    0x08018ea0   0x08018ea0   0x000000c4   Code   RO        11867    i.tcp_recv_null     tcp.o
    0x08018f64   0x08018f64   0x0000011c   Code   RO        11868    i.tcp_recved        tcp.o
    0x08019080   0x08019080   0x000000b4   Code   RO        11869    i.tcp_remove_listener  tcp.o
    0x08019134   0x08019134   0x00000104   Code   RO        12259    i.tcp_rexmit        tcp_out.o
    0x08019238   0x08019238   0x0000010c   Code   RO        12260    i.tcp_rexmit_fast   tcp_out.o
    0x08019344   0x08019344   0x000000a8   Code   RO        12261    i.tcp_rexmit_rto    tcp_out.o
    0x080193ec   0x080193ec   0x000000b8   Code   RO        12262    i.tcp_rexmit_rto_commit  tcp_out.o
    0x080194a4   0x080194a4   0x00000118   Code   RO        12263    i.tcp_rexmit_rto_prepare  tcp_out.o
    0x080195bc   0x080195bc   0x0000001e   Code   RO        12264    i.tcp_route         tcp_out.o
    0x080195da   0x080195da   0x00000002   PAD
    0x080195dc   0x080195dc   0x00000128   Code   RO        12265    i.tcp_rst           tcp_out.o
    0x08019704   0x08019704   0x000000b4   Code   RO        11870    i.tcp_seg_copy      tcp.o
    0x080197b8   0x080197b8   0x0000001a   Code   RO        11871    i.tcp_seg_free      tcp.o
    0x080197d2   0x080197d2   0x00000018   Code   RO        11872    i.tcp_segs_free     tcp.o
    0x080197ea   0x080197ea   0x00000002   PAD
    0x080197ec   0x080197ec   0x00000140   Code   RO        12266    i.tcp_send_empty_ack  tcp_out.o
    0x0801992c   0x0801992c   0x000000e0   Code   RO        12267    i.tcp_send_fin      tcp_out.o
    0x08019a0c   0x08019a0c   0x00000734   Code   RO        11876    i.tcp_slowtmr       tcp.o
    0x0801a140   0x0801a140   0x000002d0   Code   RO        12268    i.tcp_split_unsent_seg  tcp_out.o
    0x0801a410   0x0801a410   0x00000038   Code   RO        12416    i.tcp_timer_needed  timeouts.o
    0x0801a448   0x0801a448   0x00000144   Code   RO        12168    i.tcp_timewait_input  tcp_in.o
    0x0801a58c   0x0801a58c   0x00000024   Code   RO        11878    i.tcp_tmr           tcp.o
    0x0801a5b0   0x0801a5b0   0x00000014   Code   RO        12169    i.tcp_trigger_input_pcb_close  tcp_in.o
    0x0801a5c4   0x0801a5c4   0x00000118   Code   RO        11880    i.tcp_update_rcv_ann_wnd  tcp.o
    0x0801a6dc   0x0801a6dc   0x00000824   Code   RO        12269    i.tcp_write         tcp_out.o
    0x0801af00   0x0801af00   0x000001b4   Code   RO        12270    i.tcp_write_checks  tcp_out.o
    0x0801b0b4   0x0801b0b4   0x00000170   Code   RO        12271    i.tcp_zero_window_probe  tcp_out.o
    0x0801b224   0x0801b224   0x0000012c   Code   RO        10766    i.tcpip_init        tcpip.o
    0x0801b350   0x0801b350   0x000000cc   Code   RO        10767    i.tcpip_inpkt       tcpip.o
    0x0801b41c   0x0801b41c   0x00000030   Code   RO        10768    i.tcpip_input       tcpip.o
    0x0801b44c   0x0801b44c   0x00000038   Code   RO        12417    i.tcpip_tcp_timer   timeouts.o
    0x0801b484   0x0801b484   0x000000d0   Code   RO        10770    i.tcpip_thread      tcpip.o
    0x0801b554   0x0801b554   0x000000d4   Code   RO        10771    i.tcpip_thread_handle_msg  tcpip.o
    0x0801b628   0x0801b628   0x00000060   Code   RO        10772    i.tcpip_timeouts_mbox_fetch  tcpip.o
    0x0801b688   0x0801b688   0x000000c4   Code   RO        10773    i.tcpip_try_callback  tcpip.o
    0x0801b74c   0x0801b74c   0x00000030   Code   RO           15    i.userDef_main      entry.o
    0x0801b77c   0x0801b77c   0x00000028   Code   RO         7373    i.uxListRemove      list.o
    0x0801b7a4   0x0801b7a4   0x00000018   Code   RO         8463    i.vApplicationGetIdleTaskMemory  cmsis_os2.o
    0x0801b7bc   0x0801b7bc   0x00000018   Code   RO         8464    i.vApplicationGetTimerTaskMemory  cmsis_os2.o
    0x0801b7d4   0x0801b7d4   0x00000010   Code   RO         7258    i.vEventGroupSetBitsCallback  event_groups.o
    0x0801b7e4   0x0801b7e4   0x0000001a   Code   RO         7374    i.vListInitialise   list.o
    0x0801b7fe   0x0801b7fe   0x00000006   Code   RO         7375    i.vListInitialiseItem  list.o
    0x0801b804   0x0801b804   0x00000034   Code   RO         7376    i.vListInsert       list.o
    0x0801b838   0x0801b838   0x00000018   Code   RO         7377    i.vListInsertEnd    list.o
    0x0801b850   0x0801b850   0x00000054   Code   RO         8978    i.vPortEnterCritical  port.o
    0x0801b8a4   0x0801b8a4   0x0000003c   Code   RO         8979    i.vPortExitCritical  port.o
    0x0801b8e0   0x0801b8e0   0x000000a4   Code   RO         8922    i.vPortFree         heap_4.o
    0x0801b984   0x0801b984   0x00000028   Code   RO         8980    i.vPortSetupTimerInterrupt  port.o
    0x0801b9ac   0x0801b9ac   0x0000002c   Code   RO         7426    i.vQueueAddToRegistry  queue.o
    0x0801b9d8   0x0801b9d8   0x00000032   Code   RO         7427    i.vQueueDelete      queue.o
    0x0801ba0a   0x0801ba0a   0x00000002   PAD
    0x0801ba0c   0x0801ba0c   0x00000030   Code   RO         7429    i.vQueueUnregisterQueue  queue.o
    0x0801ba3c   0x0801ba3c   0x0000004a   Code   RO         7430    i.vQueueWaitForMessageRestricted  queue.o
    0x0801ba86   0x0801ba86   0x00000002   PAD
    0x0801ba88   0x0801ba88   0x0000005c   Code   RO         7847    i.vTaskDelay        tasks.o
    0x0801bae4   0x0801bae4   0x00000018   Code   RO         7852    i.vTaskInternalSetTimeOutState  tasks.o
    0x0801bafc   0x0801bafc   0x0000000c   Code   RO         7853    i.vTaskMissedYield  tasks.o
    0x0801bb08   0x0801bb08   0x00000038   Code   RO         7855    i.vTaskPlaceOnEventList  tasks.o
    0x0801bb40   0x0801bb40   0x00000040   Code   RO         7856    i.vTaskPlaceOnEventListRestricted  tasks.o
    0x0801bb80   0x0801bb80   0x000000d0   Code   RO         7858    i.vTaskPriorityDisinheritAfterTimeout  tasks.o
    0x0801bc50   0x0801bc50   0x000000a0   Code   RO         7860    i.vTaskRemoveFromUnorderedEventList  tasks.o
    0x0801bcf0   0x0801bcf0   0x000000b8   Code   RO         7864    i.vTaskStartScheduler  tasks.o
    0x0801bda8   0x0801bda8   0x000000c8   Code   RO         7865    i.vTaskSuspend      tasks.o
    0x0801be70   0x0801be70   0x00000010   Code   RO         7866    i.vTaskSuspendAll   tasks.o
    0x0801be80   0x0801be80   0x00000090   Code   RO         7867    i.vTaskSwitchContext  tasks.o
    0x0801bf10   0x0801bf10   0x00000042   Code   RO        14341    i.validate          ff.o
    0x0801bf52   0x0801bf52   0x0000005c   Code   RO         7260    i.xEventGroupClearBits  event_groups.o
    0x0801bfae   0x0801bfae   0x0000001e   Code   RO         7262    i.xEventGroupCreate  event_groups.o
    0x0801bfcc   0x0801bfcc   0x0000005a   Code   RO         7263    i.xEventGroupCreateStatic  event_groups.o
    0x0801c026   0x0801c026   0x0000002c   Code   RO         7264    i.xEventGroupGetBitsFromISR  event_groups.o
    0x0801c052   0x0801c052   0x000000ce   Code   RO         7265    i.xEventGroupSetBits  event_groups.o
    0x0801c120   0x0801c120   0x00000024   Code   RO         7266    i.xEventGroupSetBitsFromISR  event_groups.o
    0x0801c144   0x0801c144   0x00000024   Code   RO        13870    i.xMBTCPPortEventGet  portevent.o
    0x0801c168   0x0801c168   0x00000010   Code   RO        13871    i.xMBTCPPortEventInit  portevent.o
    0x0801c178   0x0801c178   0x00000018   Code   RO        13872    i.xMBTCPPortEventPost  portevent.o
    0x0801c190   0x0801c190   0x00000020   Code   RO        13949    i.xMBTCPPortGetRequest  porttcp.o
    0x0801c1b0   0x0801c1b0   0x00000074   Code   RO        13950    i.xMBTCPPortInit    porttcp.o
    0x0801c224   0x0801c224   0x000000a4   Code   RO        13951    i.xMBTCPPortSendResponse  porttcp.o
    0x0801c2c8   0x0801c2c8   0x0000000c   Code   RO         8925    i.xPortGetFreeHeapSize  heap_4.o
    0x0801c2d4   0x0801c2d4   0x00000168   Code   RO         8982    i.xPortStartScheduler  port.o
    0x0801c43c   0x0801c43c   0x00000034   Code   RO         8983    i.xPortSysTickHandler  port.o
    0x0801c470   0x0801c470   0x0000005c   Code   RO         7431    i.xQueueCreateCountingSemaphore  queue.o
    0x0801c4cc   0x0801c4cc   0x00000064   Code   RO         7432    i.xQueueCreateCountingSemaphoreStatic  queue.o
    0x0801c530   0x0801c530   0x00000022   Code   RO         7433    i.xQueueCreateMutex  queue.o
    0x0801c552   0x0801c552   0x0000002a   Code   RO         7434    i.xQueueCreateMutexStatic  queue.o
    0x0801c57c   0x0801c57c   0x0000005a   Code   RO         7435    i.xQueueGenericCreate  queue.o
    0x0801c5d6   0x0801c5d6   0x000000e0   Code   RO         7436    i.xQueueGenericCreateStatic  queue.o
    0x0801c6b6   0x0801c6b6   0x00000002   PAD
    0x0801c6b8   0x0801c6b8   0x00000098   Code   RO         7437    i.xQueueGenericReset  queue.o
    0x0801c750   0x0801c750   0x000001a8   Code   RO         7438    i.xQueueGenericSend  queue.o
    0x0801c8f8   0x0801c8f8   0x000000f8   Code   RO         7439    i.xQueueGenericSendFromISR  queue.o
    0x0801c9f0   0x0801c9f0   0x000000dc   Code   RO         7442    i.xQueueGiveFromISR  queue.o
    0x0801cacc   0x0801cacc   0x00000048   Code   RO         7443    i.xQueueGiveMutexRecursive  queue.o
    0x0801cb14   0x0801cb14   0x00000168   Code   RO         7448    i.xQueueReceive     queue.o
    0x0801cc7c   0x0801cc7c   0x000000c6   Code   RO         7449    i.xQueueReceiveFromISR  queue.o
    0x0801cd42   0x0801cd42   0x00000002   PAD
    0x0801cd44   0x0801cd44   0x000001b8   Code   RO         7450    i.xQueueSemaphoreTake  queue.o
    0x0801cefc   0x0801cefc   0x0000004e   Code   RO         7451    i.xQueueTakeMutexRecursive  queue.o
    0x0801cf4a   0x0801cf4a   0x00000002   PAD
    0x0801cf4c   0x0801cf4c   0x0000008c   Code   RO         7869    i.xTaskCheckForTimeOut  tasks.o
    0x0801cfd8   0x0801cfd8   0x00000064   Code   RO         7870    i.xTaskCreate       tasks.o
    0x0801d03c   0x0801d03c   0x000000ba   Code   RO         7871    i.xTaskCreateStatic  tasks.o
    0x0801d0f6   0x0801d0f6   0x00000002   PAD
    0x0801d0f8   0x0801d0f8   0x0000000c   Code   RO         7874    i.xTaskGetCurrentTaskHandle  tasks.o
    0x0801d104   0x0801d104   0x00000020   Code   RO         7875    i.xTaskGetSchedulerState  tasks.o
    0x0801d124   0x0801d124   0x0000000c   Code   RO         7876    i.xTaskGetTickCount  tasks.o
    0x0801d130   0x0801d130   0x0000000c   Code   RO         7877    i.xTaskGetTickCountFromISR  tasks.o
    0x0801d13c   0x0801d13c   0x00000144   Code   RO         7878    i.xTaskIncrementTick  tasks.o
    0x0801d280   0x0801d280   0x000000a4   Code   RO         7881    i.xTaskPriorityDisinherit  tasks.o
    0x0801d324   0x0801d324   0x000000a4   Code   RO         7882    i.xTaskPriorityInherit  tasks.o
    0x0801d3c8   0x0801d3c8   0x00000098   Code   RO         7883    i.xTaskRemoveFromEventList  tasks.o
    0x0801d460   0x0801d460   0x00000104   Code   RO         7884    i.xTaskResumeAll    tasks.o
    0x0801d564   0x0801d564   0x000000ac   Code   RO         7885    i.xTaskResumeFromISR  tasks.o
    0x0801d610   0x0801d610   0x00000036   Code   RO         8218    i.xTimerCreate      timers.o
    0x0801d646   0x0801d646   0x00000072   Code   RO         8219    i.xTimerCreateStatic  timers.o
    0x0801d6b8   0x0801d6b8   0x00000078   Code   RO         8220    i.xTimerCreateTimerTask  timers.o
    0x0801d730   0x0801d730   0x00000084   Code   RO         8221    i.xTimerGenericCommand  timers.o
    0x0801d7b4   0x0801d7b4   0x00000034   Code   RO         8227    i.xTimerPendFunctionCallFromISR  timers.o
    0x0801d7e8   0x0801d7e8   0x0000b929   Data   RO          546    .constdata          freertos.o
    0x08029111   0x08029111   0x00000003   PAD
    0x08029114   0x08029114   0x0000000c   Data   RO         2025    .constdata          ethernetif.o
    0x08029120   0x08029120   0x000033f4   Data   RO         2633    .constdata          md0130.o
    0x0802c514   0x0802c514   0x00000008   Data   RO         3310    .constdata          stm32f4xx_hal_dma.o
    0x0802c51c   0x0802c51c   0x00000018   Data   RO         7213    .constdata          system_stm32f4xx.o
    0x0802c534   0x0802c534   0x0000000c   Data   RO         9581    .constdata          ethernet.o
    0x0802c540   0x0802c540   0x000000c0   Data   RO        11237    .constdata          memp.o
    0x0802c600   0x0802c600   0x00000050   Data   RO        11881    .constdata          tcp.o
    0x0802c650   0x0802c650   0x0000001c   Data   RO        12418    .constdata          timeouts.o
    0x0802c66c   0x0802c66c   0x00000008   Data   RO        12777    .constdata          ip4_addr.o
    0x0802c674   0x0802c674   0x00000014   Data   RO        14657    .constdata          sd_diskio.o
    0x0802c688   0x0802c688   0x00000092   Data   RO          547    .conststring        freertos.o
    0x0802c71a   0x0802c71a   0x00000002   PAD
    0x0802c71c   0x0802c71c   0x00000041   Data   RO        11086    .conststring        init.o
    0x0802c75d   0x0802c75d   0x00000003   PAD
    0x0802c760   0x0802c760   0x00000075   Data   RO        11882    .conststring        tcp.o
    0x0802c7d5   0x0802c7d5   0x00000003   PAD
    0x0802c7d8   0x0802c7d8   0x00000055   Data   RO        12272    .conststring        tcp_out.o
    0x0802c82d   0x0802c82d   0x00000003   PAD
    0x0802c830   0x0802c830   0x00000041   Data   RO        12565    .conststring        etharp.o
    0x0802c871   0x0802c871   0x00000003   PAD
    0x0802c874   0x0802c874   0x00000020   Data   RO        15089    Region$$Table       anon$$obj.o


    Execution Region RW_IRAM1 (Exec base: 0x20000000, Load base: 0x0802c894, Size: 0x000166b0, Max: 0x0001c000, ABSOLUTE, COMPRESSED[0x000000ac])

    Exec Addr    Load Addr    Size         Type   Attr      Idx    E Section Name        Object

    0x20000000   COMPRESSED   0x00000001   Data   RW          474    .data               gpio.o
    0x20000001   COMPRESSED   0x00000003   PAD
    0x20000004   COMPRESSED   0x00000048   Data   RW          548    .data               freertos.o
    0x2000004c   COMPRESSED   0x00000008   Data   RW          803    .data               stm32f4xx_it.o
    0x20000054   COMPRESSED   0x00000003   Data   RW         1901    .data               sensoradapter_sdk.o
    0x20000057   COMPRESSED   0x00000001   PAD
    0x20000058   COMPRESSED   0x00000024   Data   RW         2026    .data               ethernetif.o
    0x2000007c   COMPRESSED   0x00000018   Data   RW         2195    .data               lwip.o
    0x20000094   COMPRESSED   0x00000001   Data   RW         2634    .data               md0130.o
    0x20000095   COMPRESSED   0x00000003   PAD
    0x20000098   COMPRESSED   0x00000009   Data   RW         3748    .data               stm32f4xx_hal.o
    0x200000a1   COMPRESSED   0x00000003   PAD
    0x200000a4   COMPRESSED   0x00000004   Data   RW         7214    .data               system_stm32f4xx.o
    0x200000a8   COMPRESSED   0x0000003c   Data   RW         7887    .data               tasks.o
    0x200000e4   COMPRESSED   0x00000014   Data   RW         8229    .data               timers.o
    0x200000f8   COMPRESSED   0x00000004   Data   RW         8466    .data               cmsis_os2.o
    0x200000fc   COMPRESSED   0x00000020   Data   RW         8928    .data               heap_4.o
    0x2000011c   COMPRESSED   0x0000000c   Data   RW         8984    .data               port.o
    0x20000128   COMPRESSED   0x00000010   Data   RW        10774    .data               tcpip.o
    0x20000138   COMPRESSED   0x00000010   Data   RW        11166    .data               mem.o
    0x20000148   COMPRESSED   0x00000030   Data   RW        11238    .data               memp.o
    0x20000178   COMPRESSED   0x00000009   Data   RW        11372    .data               netif.o
    0x20000181   COMPRESSED   0x00000001   Data   RW        11566    .data               pbuf.o
    0x20000182   COMPRESSED   0x00000002   PAD
    0x20000184   COMPRESSED   0x00000020   Data   RW        11883    .data               tcp.o
    0x200001a4   COMPRESSED   0x00000028   Data   RW        12171    .data               tcp_in.o
    0x200001cc   COMPRESSED   0x0000000c   Data   RW        12419    .data               timeouts.o
    0x200001d8   COMPRESSED   0x00000001   Data   RW        12566    .data               etharp.o
    0x200001d9   COMPRESSED   0x00000001   PAD
    0x200001da   COMPRESSED   0x00000002   Data   RW        12721    .data               ip4.o
    0x200001dc   COMPRESSED   0x00000006   Data   RW        12849    .data               ip4_frag.o
    0x200001e2   COMPRESSED   0x00000002   PAD
    0x200001e4   COMPRESSED   0x00000008   Data   RW        13131    .data               sys_arch.o
    0x200001ec   COMPRESSED   0x000000c1   Data   RW        13535    .data               mb.o
    0x200002ad   COMPRESSED   0x00000001   PAD
    0x200002ae   COMPRESSED   0x00000002   Data   RW        13800    .data               mbfuncother.o
    0x200002b0   COMPRESSED   0x00000004   Data   RW        13873    .data               portevent.o
    0x200002b4   COMPRESSED   0x0000000a   Data   RW        13953    .data               porttcp.o
    0x200002be   COMPRESSED   0x00000050   Data   RW        14082    .data               mbport.o
    0x2000030e   COMPRESSED   0x00000002   PAD
    0x20000310   COMPRESSED   0x00000006   Data   RW        14343    .data               ff.o
    0x20000316   COMPRESSED   0x00000001   Data   RW        14658    .data               sd_diskio.o
    0x20000317   COMPRESSED   0x00000001   PAD
    0x20000318   COMPRESSED   0x00000004   Data   RW        14735    .data               mc_w.l(rand.o)
    0x2000031c   COMPRESSED   0x00000004   Data   RW        15054    .data               mc_w.l(stdout.o)
    0x20000320        -       0x00000626   Zero   RW          545    .bss                freertos.o
    0x20000946   COMPRESSED   0x00000002   PAD
    0x20000948        -       0x00000090   Zero   RW          714    .bss                usart.o
    0x200009d8        -       0x00000048   Zero   RW          925    .bss                stm32f4xx_hal_timebase_tim.o
    0x20000a20        -       0x0000000c   Zero   RW         1510    .bss                iwdg.o
    0x20000a2c        -       0x00000058   Zero   RW         1702    .bss                spi.o
    0x20000a84        -       0x00000090   Zero   RW         1750    .bss                tim.o
    0x20000b14        -       0x00000020   Zero   RW         1798    .bss                rtc.o
    0x20000b34        -       0x00000048   Zero   RW         1845    .bss                adc.o
    0x20000b7c   COMPRESSED   0x00000004   PAD
    0x20000b80        -       0x00004e20   Zero   RW         1900    .bss                sensoradapter_sdk.o
    0x200059a0        -       0x00004bcc   Zero   RW         2024    .bss                ethernetif.o
    0x2000a56c        -       0x00000058   Zero   RW         2194    .bss                lwip.o
    0x2000a5c4        -       0x00000144   Zero   RW         2266    .bss                bsp_sdio_sd.o
    0x2000a708        -       0x00000054   Zero   RW         2459    .bss                at24c02.o
    0x2000a75c        -       0x00002d00   Zero   RW         2632    .bss                md0130.o
    0x2000d45c        -       0x00000040   Zero   RW         7452    .bss                queue.o
    0x2000d49c        -       0x000004c4   Zero   RW         7886    .bss                tasks.o
    0x2000d960        -       0x00000118   Zero   RW         8228    .bss                timers.o
    0x2000da78        -       0x000012b8   Zero   RW         8465    .bss                cmsis_os2.o
    0x2000ed30        -       0x00003c00   Zero   RW         8927    .bss                heap_4.o
    0x20012930        -       0x00000018   Zero   RW        11132    .bss                ip.o
    0x20012948        -       0x00000653   Zero   RW        11165    .bss                mem.o
    0x20012f9b        -       0x00003008   Zero   RW        11236    .bss                memp.o
    0x20015fa3   COMPRESSED   0x00000001   PAD
    0x20015fa4        -       0x00000010   Zero   RW        12170    .bss                tcp_in.o
    0x20015fb4        -       0x000000f0   Zero   RW        12564    .bss                etharp.o
    0x200160a4        -       0x000000d2   Zero   RW        13534    .bss                mb.o
    0x20016176        -       0x00000020   Zero   RW        13799    .bss                mbfuncother.o
    0x20016196        -       0x00000107   Zero   RW        13952    .bss                porttcp.o
    0x2001629d   COMPRESSED   0x00000003   PAD
    0x200162a0        -       0x0000000c   Zero   RW        14606    .bss                ff_gen_drv.o
    0x200162ac   COMPRESSED   0x00000004   PAD
    0x200162b0        -       0x00000400   Zero   RW            1    STACK               startup_stm32f407xx.o


    Execution Region RW_IRAM2 (Exec base: 0x2001c000, Load base: 0x0802c940, Size: 0x00000000, Max: 0x00004000, ABSOLUTE)

    **** No section assigned to this execution region ****


==============================================================================

Image component sizes


      Code (inc. data)   RO Data    RW Data    ZI Data      Debug   Object Name

       260         26          0          0         72       1905   adc.o
         0          0          0          0          0       7123   api_lib.o
         0          0          0          0          0       4643   api_msg.o
       654         32          0          0         84       5105   at24c02.o
         0          0          0          0          0       5963   bridgeif.o
       628         56          0          0        324       5135   bsp_sdio_sd.o
      2140         64          0          4       4792      81404   cmsis_os2.o
        38          0          0          0          0       1226   def.o
       208         24          0          0          0       8493   diskio.o
       500          0          0          0          0       2998   dp83848.o
       112         18          0          0          0     852397   entry.o
         0          0          0          0          0       1860   err.o
      3820       1206         65          1        240      12891   etharp.o
       456        154         12          0          0       2926   ethernet.o
      1860        264         12         36      19404      24854   ethernetif.o
       514          6          0          0          0      27855   event_groups.o
      6230         54          0          6          0      29027   ff.o
       102          6          0          0         12       1663   ff_gen_drv.o
      3620        762      47547         72       1574      29149   freertos.o
       532         28          0          1          0       8500   gpio.o
       736         80          0         32      15360       5758   heap_4.o
       944        352          0          0          0       4966   icmp.o
       156         92         65          0          0      10243   init.o
         0          0          0          0         24       3306   ip.o
      1062        182          0          2          0       5956   ip4.o
        78          0          8          0          0       8874   ip4_addr.o
      3562       1192          0          6          0      13162   ip4_frag.o
        40         10          0          0         12        879   iwdg.o
       148          0          0          0          0       3830   list.o
       610         56          0         24         88       2360   lwip.o
       374         34          0          0          0       5447   main.o
       644         96          0        193        210       6204   mb.o
       430          0          0          0          0       4062   mbfunccoils.o
       374          0          0          0          0       4702   mbfuncconfigadapter.o
       172          0          0          0          0       1728   mbfuncdisc.o
       528          0          0          0          0       5379   mbfuncholding.o
       132          0          0          0          0       1675   mbfuncinput.o
        40         10          0          2         32       1539   mbfuncother.o
       566         34          0         80          0       9930   mbport.o
       142          0          0          0          0       4239   mbtcp.o
        34          0          0          0          0        664   mbutils.o
      1626         62      13300          1      11520      14763   md0130.o
      2656       1098          0         16       1619       8741   mem.o
      1128        720        192         48      12296      13582   memp.o
       600          0          0          0          0       6775   mpu6050.o
      2068        998          0          9          0      16962   netif.o
      4010       1802          0          1          0      18277   pbuf.o
       894         78          0         12          0      11280   port.o
        76         22          0          4          0       2473   portevent.o
       666        144          0         10        263      19272   porttcp.o
      3432         30          0          0         64      32172   queue.o
       436         42          0          0         32       2876   rtc.o
       328         32         20          1          0       4624   sd_diskio.o
       580         56          0          3      20000       5761   sensoradapter_sdk.o
       376         32          0          0          0       1457   sht30.o
       704         84          0          0          0       6017   simulate.o
       676         52          0          0          0       6047   simulate2.o
       312         32          0          0         88       2547   spi.o
        36          8        392          0       1024        880   startup_stm32f407xx.o
       136         24          0          9          0       9026   stm32f4xx_hal.o
      1898         80          0          0          0       7769   stm32f4xx_hal_adc.o
         2          0          0          0          0       1097   stm32f4xx_hal_adc_ex.o
       260         22          0          0          0      33822   stm32f4xx_hal_cortex.o
       782         10          8          0          0       5311   stm32f4xx_hal_dma.o
      3550         78          0          0          0      22064   stm32f4xx_hal_eth.o
       576         50          0          0          0       4331   stm32f4xx_hal_gpio.o
      3464         58          0          0          0      14345   stm32f4xx_hal_i2c.o
       108          0          0          0          0       2007   stm32f4xx_hal_iwdg.o
        84          6          0          0          0        946   stm32f4xx_hal_msp.o
        28         10          0          0          0       1159   stm32f4xx_hal_pwr.o
      1888         94          0          0          0       6621   stm32f4xx_hal_rcc.o
       416         20          0          0          0       1496   stm32f4xx_hal_rcc_ex.o
      1000         26          0          0          0       8469   stm32f4xx_hal_rtc.o
       422         14          0          0          0       4244   stm32f4xx_hal_rtc_ex.o
      3266         36          0          0          0      14777   stm32f4xx_hal_sd.o
      1366         20          0          0          0       6955   stm32f4xx_hal_spi.o
      1466        106          0          0          0      11892   stm32f4xx_hal_tim.o
       184         30          0          0          0       2701   stm32f4xx_hal_tim_ex.o
       160         20          0          0         72       1559   stm32f4xx_hal_timebase_tim.o
      2284         14          0          0          0      12932   stm32f4xx_hal_uart.o
       244         72          0          8          0       8338   stm32f4xx_it.o
      2102         46          0          0          0      25967   stm32f4xx_ll_sdmmc.o
         0          0          0          0          0        396   stream_buffer.o
       316         18          0          8          0      13296   sys_arch.o
        20          6         24          4          0       1259   system_stm32f4xx.o
      3856        462          0         60       1220      36662   tasks.o
      8954       3990        197         32          0      43929   tcp.o
      9228       2264          0         40         16      23659   tcp_in.o
     10098       4076         85          0          0      35070   tcp_out.o
      1264        682          0         16          0       8652   tcpip.o
       308         22          0          0        144       2579   tim.o
      1048        492         28         12          0       8055   timeouts.o
      1672        128          0         20        280      38799   timers.o
       536         42          0          0        144      12044   usart.o

    ----------------------------------------------------------------------
    116158      23148      62004        792      91024    1826754   Object Totals
         0          0         32          0          0          0   (incl. Generated)
       122          0         17         19         14          0   (incl. Padding)

    ----------------------------------------------------------------------

      Code (inc. data)   RO Data    RW Data    ZI Data      Debug   Library Member Name

        86          0          0          0          0          0   __dczerorl2.o
         0          0          0          0          0          0   entry.o
         0          0          0          0          0          0   entry10a.o
         0          0          0          0          0          0   entry11a.o
         4          0          0          0          0          0   entry12b.o
         8          4          0          0          0          0   entry2.o
         4          0          0          0          0          0   entry5.o
         0          0          0          0          0          0   entry7b.o
         0          0          0          0          0          0   entry8b.o
         8          4          0          0          0          0   entry9a.o
        18          0          0          0          0         80   fputc.o
        30          0          0          0          0          0   handlers.o
        36          8          0          0          0         68   init.o
         0          0          0          0          0          0   iusefp.o
         0          0          0          0          0          0   iusesemip.o
        30          0          0          0          0         68   llshl.o
        36          0          0          0          0         68   llsshr.o
        32          0          0          0          0         68   llushr.o
        26          0          0          0          0         80   memcmp.o
        64          0          0          0          0         76   memmovea.o
        36          0          0          0          0        108   memseta.o
      2304        102          0          0          0        696   printfa.o
        36         10          0          4          0        136   rand.o
         0          0          0          0          0          0   semi.o
         0          0          0          4          0          0   stdout.o
        18          0          0          0          0         68   strcpy.o
        14          0          0          0          0         68   strlen.o
        24          0          0          0          0         76   strncpy.o
        44          0          0          0          0         80   uidiv.o
        98          0          0          0          0         92   uldiv.o
        48          0          0          0          0         68   cdrcmple.o
        56          0          0          0          0         88   d2f.o
       334          0          0          0          0        148   dadd.o
       222          0          0          0          0        100   ddiv.o
       186          0          0          0          0        176   depilogue.o
        48          0          0          0          0         68   dfixul.o
        26          0          0          0          0         76   dfltui.o
       228          0          0          0          0         96   dmul.o
        38          0          0          0          0         68   f2d.o
       110          0          0          0          0        168   fepilogue.o

    ----------------------------------------------------------------------
      4258        128          0          8          0       2888   Library Totals
         6          0          0          0          0          0   (incl. Padding)

    ----------------------------------------------------------------------

      Code (inc. data)   RO Data    RW Data    ZI Data      Debug   Library Name

      2956        128          0          8          0       1832   mc_w.l
      1296          0          0          0          0       1056   mf_w.l

    ----------------------------------------------------------------------
      4258        128          0          8          0       2888   Library Totals

    ----------------------------------------------------------------------

==============================================================================


      Code (inc. data)   RO Data    RW Data    ZI Data      Debug   

    120416      23276      62004        800      91024    1755366   Grand Totals
    120416      23276      62004        172      91024    1755366   ELF Image Totals (compressed)
    120416      23276      62004        172          0          0   ROM Totals

==============================================================================

    Total RO  Size (Code + RO Data)               182420 ( 178.14kB)
    Total RW  Size (RW Data + ZI Data)             91824 (  89.67kB)
    Total ROM Size (Code + RO Data + RW Data)     182592 ( 178.31kB)

==============================================================================

